Archive member included to satisfy reference by file (symbol)

/Users/jordan/Library/Application Support/Code/User/globalStorage/vexrobotics.vexcode/sdk/cpp/V5/V5_20240223_11_00_00/vexv5/libv5rt.a(v5_startup.c.obj)
                              (vexStartup)
/Users/jordan/Library/Application Support/Code/User/globalStorage/vexrobotics.vexcode/sdk/cpp/V5/V5_20240223_11_00_00/vexv5/libv5rt.a(v5_util.c.obj)
                              /Users/jordan/Library/Application Support/Code/User/globalStorage/vexrobotics.vexcode/sdk/cpp/V5/V5_20240223_11_00_00/vexv5/libv5rt.a(v5_startup.c.obj) (vexStdlibVersionLinked)
/Users/jordan/Library/Application Support/Code/User/globalStorage/vexrobotics.vexcode/sdk/cpp/V5/V5_20240223_11_00_00/vexv5/libv5rt.a(v5_apijump.c.obj)
                              /Users/jordan/Library/Application Support/Code/User/globalStorage/vexrobotics.vexcode/sdk/cpp/V5/V5_20240223_11_00_00/vexv5/libv5rt.a(v5_startup.c.obj) (vexPrivateApiEnable)
/Users/jordan/Library/Application Support/Code/User/globalStorage/vexrobotics.vexcode/sdk/cpp/V5/V5_20240223_11_00_00/vexv5/libv5rt.a(v5_apiversions.c.obj)
                              /Users/jordan/Library/Application Support/Code/User/globalStorage/vexrobotics.vexcode/sdk/cpp/V5/V5_20240223_11_00_00/vexv5/libv5rt.a(v5_apijump.c.obj) (vexSystemVersion)
/Users/jordan/Library/Application Support/Code/User/globalStorage/vexrobotics.vexcode/sdk/cpp/V5/V5_20240223_11_00_00/vexv5/libv5rt.a(vex_global.cpp.obj)
                              build/src/autons.o (vex::wait(double, vex::timeUnits))
/Users/jordan/Library/Application Support/Code/User/globalStorage/vexrobotics.vexcode/sdk/cpp/V5/V5_20240223_11_00_00/vexv5/libv5rt.a(vex_motor.cpp.obj)
                              build/src/main.o (vex::motor::~motor())
/Users/jordan/Library/Application Support/Code/User/globalStorage/vexrobotics.vexcode/sdk/cpp/V5/V5_20240223_11_00_00/vexv5/libv5rt.a(vex_imu.cpp.obj)
                              build/src/main/robot.o (vex::inertial::setRotation(double, vex::rotationUnits))
/Users/jordan/Library/Application Support/Code/User/globalStorage/vexrobotics.vexcode/sdk/cpp/V5/V5_20240223_11_00_00/vexv5/libv5rt.a(vex_rotation.cpp.obj)
                              build/src/main.o (vex::rotation::~rotation())
/Users/jordan/Library/Application Support/Code/User/globalStorage/vexrobotics.vexcode/sdk/cpp/V5/V5_20240223_11_00_00/vexv5/libv5rt.a(vex_optical.cpp.obj)
                              build/src/main.o (vex::optical::~optical())
/Users/jordan/Library/Application Support/Code/User/globalStorage/vexrobotics.vexcode/sdk/cpp/V5/V5_20240223_11_00_00/vexv5/libv5rt.a(vex_distance.cpp.obj)
                              build/src/main.o (vex::distance::~distance())
/Users/jordan/Library/Application Support/Code/User/globalStorage/vexrobotics.vexcode/sdk/cpp/V5/V5_20240223_11_00_00/vexv5/libv5rt.a(vex_controller.cpp.obj)
                              build/src/main.o (vex::controller::~controller())
/Users/jordan/Library/Application Support/Code/User/globalStorage/vexrobotics.vexcode/sdk/cpp/V5/V5_20240223_11_00_00/vexv5/libv5rt.a(vex_task.cpp.obj)
                              build/src/autons.o (vex::task::task(int (*)(void*), void*))
/Users/jordan/Library/Application Support/Code/User/globalStorage/vexrobotics.vexcode/sdk/cpp/V5/V5_20240223_11_00_00/vexv5/libv5rt.a(vex_thread.cpp.obj)
                              /Users/jordan/Library/Application Support/Code/User/globalStorage/vexrobotics.vexcode/sdk/cpp/V5/V5_20240223_11_00_00/vexv5/libv5rt.a(vex_global.cpp.obj) (vex::this_thread::sleep_for(unsigned long))
/Users/jordan/Library/Application Support/Code/User/globalStorage/vexrobotics.vexcode/sdk/cpp/V5/V5_20240223_11_00_00/vexv5/libv5rt.a(vex_event.cpp.obj)
                              /Users/jordan/Library/Application Support/Code/User/globalStorage/vexrobotics.vexcode/sdk/cpp/V5/V5_20240223_11_00_00/vexv5/libv5rt.a(vex_imu.cpp.obj) (vex::event::init(unsigned long, unsigned long, void (*)()))
/Users/jordan/Library/Application Support/Code/User/globalStorage/vexrobotics.vexcode/sdk/cpp/V5/V5_20240223_11_00_00/vexv5/libv5rt.a(vex_mevent.cpp.obj)
                              /Users/jordan/Library/Application Support/Code/User/globalStorage/vexrobotics.vexcode/sdk/cpp/V5/V5_20240223_11_00_00/vexv5/libv5rt.a(vex_controller.cpp.obj) (vex::mevent::mevent(unsigned long, unsigned long))
/Users/jordan/Library/Application Support/Code/User/globalStorage/vexrobotics.vexcode/sdk/cpp/V5/V5_20240223_11_00_00/vexv5/libv5rt.a(vex_brain.cpp.obj)
                              build/src/main.o (vex::brain::brain())
/Users/jordan/Library/Application Support/Code/User/globalStorage/vexrobotics.vexcode/sdk/cpp/V5/V5_20240223_11_00_00/vexv5/libv5rt.a(vex_competition.cpp.obj)
                              build/src/main.o (vex::competition::competition())
[...]
Memory Configuration

Name             Origin             Length             Attributes
ps7_ddr_0_S_AXI_BASEADDR 0x0000000003800000 0x0000000004800000
*default*        0x0000000000000000 0xffffffffffffffff

Linker script and memory map

                0x0000000000002000                _STACK_SIZE = DEFINED (_STACK_SIZE)?_STACK_SIZE:0x2000
                0x0000000000100000                _HEAP_SIZE = DEFINED (_HEAP_SIZE)?_HEAP_SIZE:0x100000
                0x0000000000000400                _ABORT_STACK_SIZE = DEFINED (_ABORT_STACK_SIZE)?_ABORT_STACK_SIZE:0x400
                0x0000000000000800                _SUPERVISOR_STACK_SIZE = DEFINED (_SUPERVISOR_STACK_SIZE)?_SUPERVISOR_STACK_SIZE:0x800
                0x0000000000000400                _IRQ_STACK_SIZE = DEFINED (_IRQ_STACK_SIZE)?_IRQ_STACK_SIZE:0x400
                0x0000000000000400                _FIQ_STACK_SIZE = DEFINED (_FIQ_STACK_SIZE)?_FIQ_STACK_SIZE:0x400
                0x0000000000000400                _UNDEF_STACK_SIZE = DEFINED (_UNDEF_STACK_SIZE)?_UNDEF_STACK_SIZE:0x400

.text           0x0000000003800000     0x8c48
 *(.vectors)
 *(.boot_data)
 .boot_data     0x0000000003800000       0x20 /Users/jordan/Library/Application Support/Code/User/globalStorage/vexrobotics.vexcode/sdk/cpp/V5/V5_20240223_11_00_00/vexv5/libv5rt.a(v5_startup.c.obj)
                0x0000000003800000                vexCodeSig
                0x0000000000000020                . = 0x20
 *(.boot)
 .boot          0x0000000003800020       0xbc /Users/jordan/Library/Application Support/Code/User/globalStorage/vexrobotics.vexcode/sdk/cpp/V5/V5_20240223_11_00_00/vexv5/libv5rt.a(v5_startup.c.obj)
                0x0000000003800020                vexStartup
                0x0000000003800100                . = ALIGN (0x40)
 *fill*         0x00000000038000dc       0x24 
 *(.freertos_vectors)
 *(.text)
 *(.text.*)
 .text._Z11negSideBlueb
                0x0000000003800100      0x2f0 build/src/autons.o
                0x0000000003800100                negSideBlue(bool)
 .text._ZZ11launch_taskIZ11negSideBluebE4$_10EN3vex4taskEOT_ENUlPvE_8__invokeES5_
                0x00000000038003f0       0x54 build/src/autons.o
 *fill*         0x0000000003800444        0x4 
 .text._ZNSt17_Function_handlerIFvvEZ11negSideBluebE4$_10E9_M_invokeERKSt9_Any_data
                0x0000000003800448       0x40 build/src/autons.o
 .text._ZNSt14_Function_base13_Base_managerIZ11negSideBluebE4$_10E10_M_managerERSt9_Any_dataRKS3_St18_Manager_operation
                0x0000000003800488       0x54 build/src/autons.o
 .text._GLOBAL__sub_I_autons.cpp
                0x00000000038004dc       0x34 build/src/autons.o
 .text._ZN3vex11motor_groupC2IJNS_5motorES2_EEERS2_DpRT_
                0x0000000003800510       0x44 build/src/main.o
                0x0000000003800510                vex::motor_group::motor_group<vex::motor, vex::motor>(vex::motor&, vex::motor&, vex::motor&)
 .text._ZN6Bucees13TrackingWheelD2Ev
                0x0000000003800554       0x1c build/src/main.o
                0x0000000003800554                Bucees::TrackingWheel::~TrackingWheel()
 .text._ZN6Bucees5RobotD2Ev
                0x0000000003800570       0x24 build/src/main.o
                0x0000000003800570                Bucees::Robot::~Robot()
 .text._Z5lBPidddd
                0x0000000003800594      0x418 build/src/main.o
                0x0000000003800594                lBPid(double, double, double)
 .text._Z16toggleAlignmentFv
                0x00000000038009ac       0xe8 build/src/main.o
                0x00000000038009ac                toggleAlignmentF()
 .text._Z9togglelBFv
                0x0000000003800a94      0x17c build/src/main.o
                0x0000000003800a94                togglelBF()
 .text._Z16toggleStageMacrov
                0x0000000003800c10       0x68 build/src/main.o
                0x0000000003800c10                toggleStageMacro()
 .text._Z12toggleClampFv
                0x0000000003800c78       0xa0 build/src/main.o
                0x0000000003800c78                toggleClampF()
 .text._Z14toggleDoinkerFv
                0x0000000003800d18       0xa0 build/src/main.o
                0x0000000003800d18                toggleDoinkerF()
 .text._Z15toggleGoalRushFv
                0x0000000003800db8       0xa0 build/src/main.o
                0x0000000003800db8                toggleGoalRushF()
 .text._Z13intakeAntiJamv
                0x0000000003800e58      0x1f4 build/src/main.o
                0x0000000003800e58                intakeAntiJam()
 .text._Z9pre_autonv
                0x000000000380104c      0x1f8 build/src/main.o
                0x000000000380104c                pre_auton()
 .text._Z10autonomousv
                0x0000000003801244        0x8 build/src/main.o
                0x0000000003801244                autonomous()
 .text._Z15detectAlignmentv
                0x000000000380124c       0xc4 build/src/main.o
                0x000000000380124c                detectAlignment()
 .text._Z11usercontrolv
                0x0000000003801310      0x578 build/src/main.o
                0x0000000003801310                usercontrol()
 .text.main     0x0000000003801888       0x68 build/src/main.o
                0x0000000003801888                main
 .text._ZZ11launch_taskIZ16toggleAlignmentFvE3$_0EN3vex4taskEOT_ENUlPvE_8__invokeES5_
                0x00000000038018f0       0x54 build/src/main.o
 *fill*         0x0000000003801944        0x4 
 .text._ZNSt17_Function_handlerIFvvEZ16toggleAlignmentFvE3$_0E9_M_invokeERKSt9_Any_data
                0x0000000003801948       0x38 build/src/main.o
 .text._ZNSt14_Function_base13_Base_managerIZ16toggleAlignmentFvE3$_0E10_M_managerERSt9_Any_dataRKS3_St18_Manager_operation
                0x0000000003801980       0x54 build/src/main.o
 .text._ZZ11launch_taskIZ9togglelBFvE3$_1EN3vex4taskEOT_ENUlPvE_8__invokeES5_
                0x00000000038019d4       0x54 build/src/main.o
 .text._ZNSt17_Function_handlerIFvvEZ9togglelBFvE3$_1E9_M_invokeERKSt9_Any_data
                0x0000000003801a28       0x40 build/src/main.o
 .text._ZNSt14_Function_base13_Base_managerIZ9togglelBFvE3$_1E10_M_managerERSt9_Any_dataRKS3_St18_Manager_operation
                0x0000000003801a68       0x54 build/src/main.o
 .text._ZZ11launch_taskIZ9pre_autonvE3$_2EN3vex4taskEOT_ENUlPvE_8__invokeES5_
                0x0000000003801abc       0x54 build/src/main.o
 .text._ZNSt17_Function_handlerIFvvEZ9pre_autonvE3$_2E9_M_invokeERKSt9_Any_data
                0x0000000003801b10        0xc build/src/main.o
 .text._ZNSt14_Function_base13_Base_managerIZ9pre_autonvE3$_2E10_M_managerERSt9_Any_dataRKS3_St18_Manager_operation
                0x0000000003801b1c       0x54 build/src/main.o
 .text._ZZ9pre_autonvENK3$_2clEv
                0x0000000003801b70        0xc build/src/main.o
 .text._ZZ11launch_taskIZ11usercontrolvE3$_3EN3vex4taskEOT_ENUlPvE_8__invokeES5_
                0x0000000003801b7c       0x54 build/src/main.o
 .text._ZNSt17_Function_handlerIFvvEZ11usercontrolvE3$_3E9_M_invokeERKSt9_Any_data
                0x0000000003801bd0        0xc build/src/main.o
 .text._ZNSt14_Function_base13_Base_managerIZ11usercontrolvE3$_3E10_M_managerERSt9_Any_dataRKS3_St18_Manager_operation
                0x0000000003801bdc       0x54 build/src/main.o
 .text._ZZ11usercontrolvENK3$_3clEv
                0x0000000003801c30        0xc build/src/main.o
 .text._GLOBAL__sub_I_main.cpp
                0x0000000003801c3c      0x6a4 build/src/main.o
 .text._ZN8Odometry14updatePositionEN6Bucees11CoordinatesEfffb
                0x00000000038022e0      0x10c build/src/main/odometry.o
                0x00000000038022e0                Odometry::updatePosition(Bucees::Coordinates, float, float, float, bool)
 .text._ZN8Odometry11setOdometryEff
                0x00000000038023ec        0x8 build/src/main/odometry.o
                0x00000000038023ec                Odometry::setOdometry(float, float)
 .text._GLOBAL__sub_I_odometry.cpp
                0x00000000038023f4       0x34 build/src/main/odometry.o
 .text._ZN6Bucees15FAPIDControllerC2ENS_11PIDSettingsE
                0x0000000003802428       0x4c build/src/main/pid.o
                0x0000000003802428                Bucees::FAPIDController::FAPIDController(Bucees::PIDSettings)
                0x0000000003802428                Bucees::FAPIDController::FAPIDController(Bucees::PIDSettings)
 .text._ZN6Bucees15FAPIDController19calculateMotorPowerEf
                0x0000000003802474      0x144 build/src/main/pid.o
                0x0000000003802474                Bucees::FAPIDController::calculateMotorPower(float)
 .text._ZN6Bucees15FAPIDController9isSettledEv
                0x00000000038025b8      0x108 build/src/main/pid.o
                0x00000000038025b8                Bucees::FAPIDController::isSettled()
 .text._ZN6Bucees15FAPIDController5resetEv
                0x00000000038026c0       0x1c build/src/main/pid.o
                0x00000000038026c0                Bucees::FAPIDController::reset()
 .text._ZN6Bucees15FAPIDController14setMaxVoltagesEf
                0x00000000038026dc        0x8 build/src/main/pid.o
                0x00000000038026dc                Bucees::FAPIDController::setMaxVoltages(float)
 .text._ZN6Bucees15FAPIDController14setTimeoutTimeEf
                0x00000000038026e4        0x8 build/src/main/pid.o
                0x00000000038026e4                Bucees::FAPIDController::setTimeoutTime(float)
 .text._ZN6Bucees15FAPIDController8setGainsENS_11PIDSettingsE
                0x00000000038026ec       0x1c build/src/main/pid.o
                0x00000000038026ec                Bucees::FAPIDController::setGains(Bucees::PIDSettings)
 .text._GLOBAL__sub_I_pid.cpp
                0x0000000003802708       0x34 build/src/main/pid.o
 .text._GLOBAL__sub_I_purepursuit.cpp
                0x000000000380273c       0x34 build/src/main/purepursuit.o
 .text._ZN6Bucees5RobotC2EfffPN3vex11motor_groupES3_lPNS_13TrackingWheelES5_PNS_15FAPIDControllerES7_S7_
                0x0000000003802770      0x1d4 build/src/main/robot.o
                0x0000000003802770                Bucees::Robot::Robot(float, float, float, vex::motor_group*, vex::motor_group*, long, Bucees::TrackingWheel*, Bucees::TrackingWheel*, Bucees::FAPIDController*, Bucees::FAPIDController*, Bucees::FAPIDController*)
                0x0000000003802770                Bucees::Robot::Robot(float, float, float, vex::motor_group*, vex::motor_group*, long, Bucees::TrackingWheel*, Bucees::TrackingWheel*, Bucees::FAPIDController*, Bucees::FAPIDController*, Bucees::FAPIDController*)
 .text._ZN6Bucees5Robot8initOdomEv
                0x0000000003802944       0xd4 build/src/main/robot.o
                0x0000000003802944                Bucees::Robot::initOdom()
 .text._ZN6Bucees5Robot19getRobotCoordinatesEbb
                0x0000000003802a18       0x7c build/src/main/robot.o
                0x0000000003802a18                Bucees::Robot::getRobotCoordinates(bool, bool)
 .text._ZN6Bucees5Robot8DriveForEfNS_11PIDSettingsEbfb
                0x0000000003802a94      0x424 build/src/main/robot.o
                0x0000000003802a94                Bucees::Robot::DriveFor(float, Bucees::PIDSettings, bool, float, bool)
 .text._ZN6Bucees5Robot7TurnForEfNS_11PIDSettingsEfb
                0x0000000003802eb8      0x220 build/src/main/robot.o
                0x0000000003802eb8                Bucees::Robot::TurnFor(float, Bucees::PIDSettings, float, bool)
 .text._ZN6Bucees5Robot12DriveToPointEffNS_11PIDSettingsES1_fbbf
                0x00000000038030d8      0x64c build/src/main/robot.o
                0x00000000038030d8                Bucees::Robot::DriveToPoint(float, float, Bucees::PIDSettings, Bucees::PIDSettings, float, bool, bool, float)
 .text._ZZ11launch_taskIZN6Bucees5Robot8initOdomEvE3$_0EN3vex4taskEOT_ENUlPvE_8__invokeES7_
                0x0000000003803724       0x54 build/src/main/robot.o
 .text._ZNSt17_Function_handlerIFvvEZN6Bucees5Robot8initOdomEvE3$_0E9_M_invokeERKSt9_Any_data
                0x0000000003803778       0x10 build/src/main/robot.o
 .text._ZNSt14_Function_base13_Base_managerIZN6Bucees5Robot8initOdomEvE3$_0E10_M_managerERSt9_Any_dataRKS5_St18_Manager_operation
                0x0000000003803788       0x64 build/src/main/robot.o
 .text._ZZN6Bucees5Robot8initOdomEvENK3$_0clEv
                0x00000000038037ec      0x190 build/src/main/robot.o
 .text._ZZ11launch_taskIZN6Bucees5Robot8DriveForEfNS0_11PIDSettingsEbfbE3$_1EN3vex4taskEOT_ENUlPvE_8__invokeES8_
                0x000000000380397c       0x54 build/src/main/robot.o
 .text._ZNSt17_Function_handlerIFvvEZN6Bucees5Robot8DriveForEfNS1_11PIDSettingsEbfbE3$_1E9_M_invokeERKSt9_Any_data
                0x00000000038039d0       0x6c build/src/main/robot.o
 .text._ZNSt14_Function_base13_Base_managerIZN6Bucees5Robot8DriveForEfNS1_11PIDSettingsEbfbE3$_1E10_M_managerERSt9_Any_dataRKS6_St18_Manager_operation
                0x0000000003803a3c       0x70 build/src/main/robot.o
 .text._ZZ11launch_taskIZN6Bucees5Robot7TurnForEfNS0_11PIDSettingsEfbE3$_2EN3vex4taskEOT_ENUlPvE_8__invokeES8_
                0x0000000003803aac       0x54 build/src/main/robot.o
 .text._ZNSt17_Function_handlerIFvvEZN6Bucees5Robot7TurnForEfNS1_11PIDSettingsEfbE3$_2E9_M_invokeERKSt9_Any_data
                0x0000000003803b00       0x5c build/src/main/robot.o
 .text._ZNSt14_Function_base13_Base_managerIZN6Bucees5Robot7TurnForEfNS1_11PIDSettingsEfbE3$_2E10_M_managerERSt9_Any_dataRKS6_St18_Manager_operation
                0x0000000003803b5c       0x64 build/src/main/robot.o
 .text._ZZ11launch_taskIZN6Bucees5Robot12DriveToPointEffNS0_11PIDSettingsES2_fbbfE3$_5EN3vex4taskEOT_ENUlPvE_8__invokeES8_
                0x0000000003803bc0       0x54 build/src/main/robot.o
 .text._ZNSt17_Function_handlerIFvvEZN6Bucees5Robot12DriveToPointEffNS1_11PIDSettingsES3_fbbfE3$_5E9_M_invokeERKSt9_Any_data
                0x0000000003803c14      0x11c build/src/main/robot.o
 .text._ZNSt14_Function_base13_Base_managerIZN6Bucees5Robot12DriveToPointEffNS1_11PIDSettingsES3_fbbfE3$_5E10_M_managerERSt9_Any_dataRKS6_St18_Manager_operation
                0x0000000003803d30       0x74 build/src/main/robot.o
 .text._GLOBAL__sub_I_robot.cpp
                0x0000000003803da4       0x34 build/src/main/robot.o
 .text._ZN6Bucees11CoordinatesC2Efff
                0x0000000003803dd8        0x8 build/src/utility/coordinates.o
                0x0000000003803dd8                Bucees::Coordinates::Coordinates(float, float, float)
                0x0000000003803dd8                Bucees::Coordinates::Coordinates(float, float, float)
 .text._ZN6Bucees11Coordinates8distanceES0_
                0x0000000003803de0       0x24 build/src/utility/coordinates.o
                0x0000000003803de0                Bucees::Coordinates::distance(Bucees::Coordinates)
 .text._ZN6Bucees11Coordinates5angleES0_
                0x0000000003803e04       0x24 build/src/utility/coordinates.o
                0x0000000003803e04                Bucees::Coordinates::angle(Bucees::Coordinates)
 .text._GLOBAL__sub_I_coordinates.cpp
                0x0000000003803e28       0x34 build/src/utility/coordinates.o
 .text._ZN6Bucees13TrackingWheelC2Elbfff
                0x0000000003803e5c      0x154 build/src/utility/trackingWheel.o
                0x0000000003803e5c                Bucees::TrackingWheel::TrackingWheel(long, bool, float, float, float)
                0x0000000003803e5c                Bucees::TrackingWheel::TrackingWheel(long, bool, float, float, float)
 .text._ZN6Bucees13TrackingWheel13resetEncodersEv
                0x0000000003803fb0       0xb8 build/src/utility/trackingWheel.o
                0x0000000003803fb0                Bucees::TrackingWheel::resetEncoders()
 .text._ZN6Bucees13TrackingWheel9getOffsetEv
                0x0000000003804068        0x8 build/src/utility/trackingWheel.o
                0x0000000003804068                Bucees::TrackingWheel::getOffset()
 .text._ZN6Bucees13TrackingWheel19getDistanceTraveledEv
                0x0000000003804070       0x64 build/src/utility/trackingWheel.o
                0x0000000003804070                Bucees::TrackingWheel::getDistanceTraveled()
 .text._GLOBAL__sub_I_trackingWheel.cpp
                0x00000000038040d4       0x34 build/src/utility/trackingWheel.o
 .text._Z3sgnf  0x0000000003804108       0x18 build/src/utility/util.o
                0x0000000003804108                sgn(float)
 .text._Z15to_wheel_travelfff
                0x0000000003804120       0x50 build/src/utility/util.o
                0x0000000003804120                to_wheel_travel(float, float, float)
 .text._Z4slewfff
                0x0000000003804170       0x4c build/src/utility/util.o
                0x0000000003804170                slew(float, float, float)
 *fill*         0x00000000038041bc        0x4 
 .text._Z6to_radf
                0x00000000038041c0       0x28 build/src/utility/util.o
                0x00000000038041c0                to_rad(float)
 .text._Z6to_degf
                0x00000000038041e8       0x28 build/src/utility/util.o
                0x00000000038041e8                to_deg(float)
 .text._Z13findCurvatureN6Bucees11CoordinatesES0_f
                0x0000000003804210       0xec build/src/utility/util.o
                0x0000000003804210                findCurvature(Bucees::Coordinates, Bucees::Coordinates, float)
 .text._GLOBAL__sub_I_util.cpp
                0x00000000038042fc       0x34 build/src/utility/util.o
 .text.vexMain  0x0000000003804330       0xb0 /Users/jordan/Library/Application Support/Code/User/globalStorage/vexrobotics.vexcode/sdk/cpp/V5/V5_20240223_11_00_00/vexv5/libv5rt.a(v5_startup.c.obj)
                0x0000000003804330                vexMain
 .text.__vex_function_prolog
                0x00000000038043e0       0x18 /Users/jordan/Library/Application Support/Code/User/globalStorage/vexrobotics.vexcode/sdk/cpp/V5/V5_20240223_11_00_00/vexv5/libv5rt.a(v5_startup.c.obj)
                0x00000000038043e0                __vex_function_prolog
 .text._init    0x00000000038043f8        0x4 /Users/jordan/Library/Application Support/Code/User/globalStorage/vexrobotics.vexcode/sdk/cpp/V5/V5_20240223_11_00_00/vexv5/libv5rt.a(v5_startup.c.obj)
                0x00000000038043f8                _init
 .text._fini    0x00000000038043fc        0x4 /Users/jordan/Library/Application Support/Code/User/globalStorage/vexrobotics.vexcode/sdk/cpp/V5/V5_20240223_11_00_00/vexv5/libv5rt.a(v5_startup.c.obj)
                0x00000000038043fc                _fini
 .text.vexStdlibVersionLinked
                0x0000000003804400        0xc /Users/jordan/Library/Application Support/Code/User/globalStorage/vexrobotics.vexcode/sdk/cpp/V5/V5_20240223_11_00_00/vexv5/libv5rt.a(v5_util.c.obj)
                0x0000000003804400                vexStdlibVersionLinked
 .text.vexStdlibVersionVerify
                0x000000000380440c       0x30 /Users/jordan/Library/Application Support/Code/User/globalStorage/vexrobotics.vexcode/sdk/cpp/V5/V5_20240223_11_00_00/vexv5/libv5rt.a(v5_util.c.obj)
                0x000000000380440c                vexStdlibVersionVerify
 .text.vexPrivateApiEnable
                0x000000000380443c       0x10 /Users/jordan/Library/Application Support/Code/User/globalStorage/vexrobotics.vexcode/sdk/cpp/V5/V5_20240223_11_00_00/vexv5/libv5rt.a(v5_apijump.c.obj)
                0x000000000380443c                vexPrivateApiEnable
 .text.vexStdlibMismatchError
                0x000000000380444c       0x3c /Users/jordan/Library/Application Support/Code/User/globalStorage/vexrobotics.vexcode/sdk/cpp/V5/V5_20240223_11_00_00/vexv5/libv5rt.a(v5_apijump.c.obj)
                0x000000000380444c                vexStdlibMismatchError
 .text.vexScratchMemoryPtr
                0x0000000003804488       0x30 /Users/jordan/Library/Application Support/Code/User/globalStorage/vexrobotics.vexcode/sdk/cpp/V5/V5_20240223_11_00_00/vexv5/libv5rt.a(v5_apijump.c.obj)
                0x0000000003804488                vexScratchMemoryPtr
 .text.vexTaskAdd
                0x00000000038044b8       0x10 /Users/jordan/Library/Application Support/Code/User/globalStorage/vexrobotics.vexcode/sdk/cpp/V5/V5_20240223_11_00_00/vexv5/libv5rt.a(v5_apijump.c.obj)
                0x00000000038044b8                vexTaskAdd
 .text.vexTasksRun
                0x00000000038044c8       0x10 /Users/jordan/Library/Application Support/Code/User/globalStorage/vexrobotics.vexcode/sdk/cpp/V5/V5_20240223_11_00_00/vexv5/libv5rt.a(v5_apijump.c.obj)
                0x00000000038044c8                vexTasksRun
 .text.vexTaskYield
                0x00000000038044d8       0x10 /Users/jordan/Library/Application Support/Code/User/globalStorage/vexrobotics.vexcode/sdk/cpp/V5/V5_20240223_11_00_00/vexv5/libv5rt.a(v5_apijump.c.obj)
                0x00000000038044d8                vexTaskYield
 .text.vexTaskCheckTimeslice
                0x00000000038044e8       0x10 /Users/jordan/Library/Application Support/Code/User/globalStorage/vexrobotics.vexcode/sdk/cpp/V5/V5_20240223_11_00_00/vexv5/libv5rt.a(v5_apijump.c.obj)
                0x00000000038044e8                vexTaskCheckTimeslice
 .text.vexTaskSleep
                0x00000000038044f8       0x10 /Users/jordan/Library/Application Support/Code/User/globalStorage/vexrobotics.vexcode/sdk/cpp/V5/V5_20240223_11_00_00/vexv5/libv5rt.a(v5_apijump.c.obj)
                0x00000000038044f8                vexTaskSleep
 .text.vexSemaphoreInit
                0x0000000003804508       0x24 /Users/jordan/Library/Application Support/Code/User/globalStorage/vexrobotics.vexcode/sdk/cpp/V5/V5_20240223_11_00_00/vexv5/libv5rt.a(v5_apijump.c.obj)
                0x0000000003804508                vexSemaphoreInit
 .text.vexSemaphoreLock
                0x000000000380452c       0x2c /Users/jordan/Library/Application Support/Code/User/globalStorage/vexrobotics.vexcode/sdk/cpp/V5/V5_20240223_11_00_00/vexv5/libv5rt.a(v5_apijump.c.obj)
                0x000000000380452c                vexSemaphoreLock
 .text.vexSemaphoreUnlock
                0x0000000003804558       0x24 /Users/jordan/Library/Application Support/Code/User/globalStorage/vexrobotics.vexcode/sdk/cpp/V5/V5_20240223_11_00_00/vexv5/libv5rt.a(v5_apijump.c.obj)
                0x0000000003804558                vexSemaphoreUnlock
 .text.vexTasksDump
                0x000000000380457c       0x1c /Users/jordan/Library/Application Support/Code/User/globalStorage/vexrobotics.vexcode/sdk/cpp/V5/V5_20240223_11_00_00/vexv5/libv5rt.a(v5_apijump.c.obj)
                0x000000000380457c                vexTasksDump
 .text.vexTaskGetTaskIndex
                0x0000000003804598       0x10 /Users/jordan/Library/Application Support/Code/User/globalStorage/vexrobotics.vexcode/sdk/cpp/V5/V5_20240223_11_00_00/vexv5/libv5rt.a(v5_apijump.c.obj)
                0x0000000003804598                vexTaskGetTaskIndex
 .text.vexTaskStopAll
                0x00000000038045a8       0x10 /Users/jordan/Library/Application Support/Code/User/globalStorage/vexrobotics.vexcode/sdk/cpp/V5/V5_20240223_11_00_00/vexv5/libv5rt.a(v5_apijump.c.obj)
                0x00000000038045a8                vexTaskStopAll
 .text.vexTaskRemoveAllUser
                0x00000000038045b8       0x34 /Users/jordan/Library/Application Support/Code/User/globalStorage/vexrobotics.vexcode/sdk/cpp/V5/V5_20240223_11_00_00/vexv5/libv5rt.a(v5_apijump.c.obj)
                0x00000000038045b8                vexTaskRemoveAllUser
 .text.vexTaskCompletionIdSet
                0x00000000038045ec       0x10 /Users/jordan/Library/Application Support/Code/User/globalStorage/vexrobotics.vexcode/sdk/cpp/V5/V5_20240223_11_00_00/vexv5/libv5rt.a(v5_apijump.c.obj)
                0x00000000038045ec                vexTaskCompletionIdSet
 .text.vexTaskAddWithArg
                0x00000000038045fc       0x10 /Users/jordan/Library/Application Support/Code/User/globalStorage/vexrobotics.vexcode/sdk/cpp/V5/V5_20240223_11_00_00/vexv5/libv5rt.a(v5_apijump.c.obj)
                0x00000000038045fc                vexTaskAddWithArg
 .text.vexTaskStopWithId
                0x000000000380460c       0x10 /Users/jordan/Library/Application Support/Code/User/globalStorage/vexrobotics.vexcode/sdk/cpp/V5/V5_20240223_11_00_00/vexv5/libv5rt.a(v5_apijump.c.obj)
                0x000000000380460c                vexTaskStopWithId
 .text.vexCriticalSection
                0x000000000380461c       0x2c /Users/jordan/Library/Application Support/Code/User/globalStorage/vexrobotics.vexcode/sdk/cpp/V5/V5_20240223_11_00_00/vexv5/libv5rt.a(v5_apijump.c.obj)
                0x000000000380461c                vexCriticalSection
 .text.vexEventAdd
                0x0000000003804648       0x34 /Users/jordan/Library/Application Support/Code/User/globalStorage/vexrobotics.vexcode/sdk/cpp/V5/V5_20240223_11_00_00/vexv5/libv5rt.a(v5_apijump.c.obj)
                0x0000000003804648                vexEventAdd
 .text.vexEventUserIndexGet
                0x000000000380467c       0x1c /Users/jordan/Library/Application Support/Code/User/globalStorage/vexrobotics.vexcode/sdk/cpp/V5/V5_20240223_11_00_00/vexv5/libv5rt.a(v5_apijump.c.obj)
                0x000000000380467c                vexEventUserIndexGet
 .text.vexEventAddWithArg
                0x0000000003804698       0x3c /Users/jordan/Library/Application Support/Code/User/globalStorage/vexrobotics.vexcode/sdk/cpp/V5/V5_20240223_11_00_00/vexv5/libv5rt.a(v5_apijump.c.obj)
                0x0000000003804698                vexEventAddWithArg
 .text.vexEventsCleanup
                0x00000000038046d4       0x2c /Users/jordan/Library/Application Support/Code/User/globalStorage/vexrobotics.vexcode/sdk/cpp/V5/V5_20240223_11_00_00/vexv5/libv5rt.a(v5_apijump.c.obj)
                0x00000000038046d4                vexEventsCleanup
 .text.vexDebug
                0x0000000003804700       0x38 /Users/jordan/Library/Application Support/Code/User/globalStorage/vexrobotics.vexcode/sdk/cpp/V5/V5_20240223_11_00_00/vexv5/libv5rt.a(v5_apijump.c.obj)
                0x0000000003804700                vexDebug
 .text.vex_sprintf
                0x0000000003804738       0x40 /Users/jordan/Library/Application Support/Code/User/globalStorage/vexrobotics.vexcode/sdk/cpp/V5/V5_20240223_11_00_00/vexv5/libv5rt.a(v5_apijump.c.obj)
                0x0000000003804738                vex_sprintf
 .text.vexSystemTimeGet
                0x0000000003804778       0x1c /Users/jordan/Library/Application Support/Code/User/globalStorage/vexrobotics.vexcode/sdk/cpp/V5/V5_20240223_11_00_00/vexv5/libv5rt.a(v5_apijump.c.obj)
                0x0000000003804778                vexSystemTimeGet
 .text.vexSystemExitRequest
                0x0000000003804794       0x1c /Users/jordan/Library/Application Support/Code/User/globalStorage/vexrobotics.vexcode/sdk/cpp/V5/V5_20240223_11_00_00/vexv5/libv5rt.a(v5_apijump.c.obj)
                0x0000000003804794                vexSystemExitRequest
 .text.vexDeviceGetByIndex
                0x00000000038047b0       0x24 /Users/jordan/Library/Application Support/Code/User/globalStorage/vexrobotics.vexcode/sdk/cpp/V5/V5_20240223_11_00_00/vexv5/libv5rt.a(v5_apijump.c.obj)
                0x00000000038047b0                vexDeviceGetByIndex
 .text.vexControllerGet
                0x00000000038047d4       0x2c /Users/jordan/Library/Application Support/Code/User/globalStorage/vexrobotics.vexcode/sdk/cpp/V5/V5_20240223_11_00_00/vexv5/libv5rt.a(v5_apijump.c.obj)
                0x00000000038047d4                vexControllerGet
 .text.vexDeviceAdiPortConfigSet
                0x0000000003804800       0x34 /Users/jordan/Library/Application Support/Code/User/globalStorage/vexrobotics.vexcode/sdk/cpp/V5/V5_20240223_11_00_00/vexv5/libv5rt.a(v5_apijump.c.obj)
                0x0000000003804800                vexDeviceAdiPortConfigSet
 .text.vexDeviceAdiPortConfigGet
                0x0000000003804834       0x2c /Users/jordan/Library/Application Support/Code/User/globalStorage/vexrobotics.vexcode/sdk/cpp/V5/V5_20240223_11_00_00/vexv5/libv5rt.a(v5_apijump.c.obj)
                0x0000000003804834                vexDeviceAdiPortConfigGet
 .text.vexDeviceAdiValueSet
                0x0000000003804860       0x34 /Users/jordan/Library/Application Support/Code/User/globalStorage/vexrobotics.vexcode/sdk/cpp/V5/V5_20240223_11_00_00/vexv5/libv5rt.a(v5_apijump.c.obj)
                0x0000000003804860                vexDeviceAdiValueSet
 .text.vexDeviceMotorVelocitySet
                0x0000000003804894       0x2c /Users/jordan/Library/Application Support/Code/User/globalStorage/vexrobotics.vexcode/sdk/cpp/V5/V5_20240223_11_00_00/vexv5/libv5rt.a(v5_apijump.c.obj)
                0x0000000003804894                vexDeviceMotorVelocitySet
 .text.vexDeviceMotorVoltageSet
                0x00000000038048c0       0x2c /Users/jordan/Library/Application Support/Code/User/globalStorage/vexrobotics.vexcode/sdk/cpp/V5/V5_20240223_11_00_00/vexv5/libv5rt.a(v5_apijump.c.obj)
                0x00000000038048c0                vexDeviceMotorVoltageSet
 .text.vexDeviceMotorActualVelocityGet
                0x00000000038048ec       0x24 /Users/jordan/Library/Application Support/Code/User/globalStorage/vexrobotics.vexcode/sdk/cpp/V5/V5_20240223_11_00_00/vexv5/libv5rt.a(v5_apijump.c.obj)
                0x00000000038048ec                vexDeviceMotorActualVelocityGet
 .text.vexDeviceMotorTemperatureGet
                0x0000000003804910       0x24 /Users/jordan/Library/Application Support/Code/User/globalStorage/vexrobotics.vexcode/sdk/cpp/V5/V5_20240223_11_00_00/vexv5/libv5rt.a(v5_apijump.c.obj)
                0x0000000003804910                vexDeviceMotorTemperatureGet
 .text.vexDeviceMotorReverseFlagSet
                0x0000000003804934       0x2c /Users/jordan/Library/Application Support/Code/User/globalStorage/vexrobotics.vexcode/sdk/cpp/V5/V5_20240223_11_00_00/vexv5/libv5rt.a(v5_apijump.c.obj)
                0x0000000003804934                vexDeviceMotorReverseFlagSet
 .text.vexDeviceMotorEncoderUnitsSet
                0x0000000003804960       0x2c /Users/jordan/Library/Application Support/Code/User/globalStorage/vexrobotics.vexcode/sdk/cpp/V5/V5_20240223_11_00_00/vexv5/libv5rt.a(v5_apijump.c.obj)
                0x0000000003804960                vexDeviceMotorEncoderUnitsSet
 .text.vexDeviceMotorBrakeModeSet
                0x000000000380498c       0x2c /Users/jordan/Library/Application Support/Code/User/globalStorage/vexrobotics.vexcode/sdk/cpp/V5/V5_20240223_11_00_00/vexv5/libv5rt.a(v5_apijump.c.obj)
                0x000000000380498c                vexDeviceMotorBrakeModeSet
 .text.vexDeviceMotorPositionSet
                0x00000000038049b8       0x34 /Users/jordan/Library/Application Support/Code/User/globalStorage/vexrobotics.vexcode/sdk/cpp/V5/V5_20240223_11_00_00/vexv5/libv5rt.a(v5_apijump.c.obj)
                0x00000000038049b8                vexDeviceMotorPositionSet
 .text.vexDeviceMotorPositionGet
                0x00000000038049ec       0x24 /Users/jordan/Library/Application Support/Code/User/globalStorage/vexrobotics.vexcode/sdk/cpp/V5/V5_20240223_11_00_00/vexv5/libv5rt.a(v5_apijump.c.obj)
                0x00000000038049ec                vexDeviceMotorPositionGet
 .text.vexDeviceMotorGearingSet
                0x0000000003804a10       0x2c /Users/jordan/Library/Application Support/Code/User/globalStorage/vexrobotics.vexcode/sdk/cpp/V5/V5_20240223_11_00_00/vexv5/libv5rt.a(v5_apijump.c.obj)
                0x0000000003804a10                vexDeviceMotorGearingSet
 .text.vexDeviceMotorGearingGet
                0x0000000003804a3c       0x24 /Users/jordan/Library/Application Support/Code/User/globalStorage/vexrobotics.vexcode/sdk/cpp/V5/V5_20240223_11_00_00/vexv5/libv5rt.a(v5_apijump.c.obj)
                0x0000000003804a3c                vexDeviceMotorGearingGet
 .text.vexDeviceImuReset
                0x0000000003804a60       0x24 /Users/jordan/Library/Application Support/Code/User/globalStorage/vexrobotics.vexcode/sdk/cpp/V5/V5_20240223_11_00_00/vexv5/libv5rt.a(v5_apijump.c.obj)
                0x0000000003804a60                vexDeviceImuReset
 .text.vexDeviceImuHeadingGet
                0x0000000003804a84       0x24 /Users/jordan/Library/Application Support/Code/User/globalStorage/vexrobotics.vexcode/sdk/cpp/V5/V5_20240223_11_00_00/vexv5/libv5rt.a(v5_apijump.c.obj)
                0x0000000003804a84                vexDeviceImuHeadingGet
 .text.vexDeviceImuDegreesGet
                0x0000000003804aa8       0x24 /Users/jordan/Library/Application Support/Code/User/globalStorage/vexrobotics.vexcode/sdk/cpp/V5/V5_20240223_11_00_00/vexv5/libv5rt.a(v5_apijump.c.obj)
                0x0000000003804aa8                vexDeviceImuDegreesGet
 .text.vexDeviceImuStatusGet
                0x0000000003804acc       0x24 /Users/jordan/Library/Application Support/Code/User/globalStorage/vexrobotics.vexcode/sdk/cpp/V5/V5_20240223_11_00_00/vexv5/libv5rt.a(v5_apijump.c.obj)
                0x0000000003804acc                vexDeviceImuStatusGet
 .text.vexDeviceAbsEncPositionSet
                0x0000000003804af0       0x2c /Users/jordan/Library/Application Support/Code/User/globalStorage/vexrobotics.vexcode/sdk/cpp/V5/V5_20240223_11_00_00/vexv5/libv5rt.a(v5_apijump.c.obj)
                0x0000000003804af0                vexDeviceAbsEncPositionSet
 .text.vexDeviceAbsEncPositionGet
                0x0000000003804b1c       0x24 /Users/jordan/Library/Application Support/Code/User/globalStorage/vexrobotics.vexcode/sdk/cpp/V5/V5_20240223_11_00_00/vexv5/libv5rt.a(v5_apijump.c.obj)
                0x0000000003804b1c                vexDeviceAbsEncPositionGet
 .text.vexDeviceAbsEncAngleGet
                0x0000000003804b40       0x24 /Users/jordan/Library/Application Support/Code/User/globalStorage/vexrobotics.vexcode/sdk/cpp/V5/V5_20240223_11_00_00/vexv5/libv5rt.a(v5_apijump.c.obj)
                0x0000000003804b40                vexDeviceAbsEncAngleGet
 .text.vexDeviceAbsEncReverseFlagSet
                0x0000000003804b64       0x2c /Users/jordan/Library/Application Support/Code/User/globalStorage/vexrobotics.vexcode/sdk/cpp/V5/V5_20240223_11_00_00/vexv5/libv5rt.a(v5_apijump.c.obj)
                0x0000000003804b64                vexDeviceAbsEncReverseFlagSet
 .text.vexDeviceOpticalHueGet
                0x0000000003804b90       0x24 /Users/jordan/Library/Application Support/Code/User/globalStorage/vexrobotics.vexcode/sdk/cpp/V5/V5_20240223_11_00_00/vexv5/libv5rt.a(v5_apijump.c.obj)
                0x0000000003804b90                vexDeviceOpticalHueGet
 .text.vexDeviceOpticalLedPwmSet
                0x0000000003804bb4       0x2c /Users/jordan/Library/Application Support/Code/User/globalStorage/vexrobotics.vexcode/sdk/cpp/V5/V5_20240223_11_00_00/vexv5/libv5rt.a(v5_apijump.c.obj)
                0x0000000003804bb4                vexDeviceOpticalLedPwmSet
 .text.vexDeviceOpticalGestureEnable
                0x0000000003804be0       0x24 /Users/jordan/Library/Application Support/Code/User/globalStorage/vexrobotics.vexcode/sdk/cpp/V5/V5_20240223_11_00_00/vexv5/libv5rt.a(v5_apijump.c.obj)
                0x0000000003804be0                vexDeviceOpticalGestureEnable
 .text.vexDeviceOpticalGestureDisable
                0x0000000003804c04       0x24 /Users/jordan/Library/Application Support/Code/User/globalStorage/vexrobotics.vexcode/sdk/cpp/V5/V5_20240223_11_00_00/vexv5/libv5rt.a(v5_apijump.c.obj)
                0x0000000003804c04                vexDeviceOpticalGestureDisable
 .text.vexDeviceOpticalProximityThreshold
                0x0000000003804c28       0x2c /Users/jordan/Library/Application Support/Code/User/globalStorage/vexrobotics.vexcode/sdk/cpp/V5/V5_20240223_11_00_00/vexv5/libv5rt.a(v5_apijump.c.obj)
                0x0000000003804c28                vexDeviceOpticalProximityThreshold
 .text.vexDeviceDistanceDistanceGet
                0x0000000003804c54       0x24 /Users/jordan/Library/Application Support/Code/User/globalStorage/vexrobotics.vexcode/sdk/cpp/V5/V5_20240223_11_00_00/vexv5/libv5rt.a(v5_apijump.c.obj)
                0x0000000003804c54                vexDeviceDistanceDistanceGet
 .text.vexDisplayForegroundColor
                0x0000000003804c78       0x24 /Users/jordan/Library/Application Support/Code/User/globalStorage/vexrobotics.vexcode/sdk/cpp/V5/V5_20240223_11_00_00/vexv5/libv5rt.a(v5_apijump.c.obj)
                0x0000000003804c78                vexDisplayForegroundColor
 .text.vexDisplayBackgroundColor
                0x0000000003804c9c       0x24 /Users/jordan/Library/Application Support/Code/User/globalStorage/vexrobotics.vexcode/sdk/cpp/V5/V5_20240223_11_00_00/vexv5/libv5rt.a(v5_apijump.c.obj)
                0x0000000003804c9c                vexDisplayBackgroundColor
 .text.vexDisplayBackgroundColorGet
                0x0000000003804cc0       0x1c /Users/jordan/Library/Application Support/Code/User/globalStorage/vexrobotics.vexcode/sdk/cpp/V5/V5_20240223_11_00_00/vexv5/libv5rt.a(v5_apijump.c.obj)
                0x0000000003804cc0                vexDisplayBackgroundColorGet
 .text.vexDisplayCopyRect
                0x0000000003804cdc       0x5c /Users/jordan/Library/Application Support/Code/User/globalStorage/vexrobotics.vexcode/sdk/cpp/V5/V5_20240223_11_00_00/vexv5/libv5rt.a(v5_apijump.c.obj)
                0x0000000003804cdc                vexDisplayCopyRect
 .text.vexDisplayRectClear
                0x0000000003804d38       0x4c /Users/jordan/Library/Application Support/Code/User/globalStorage/vexrobotics.vexcode/sdk/cpp/V5/V5_20240223_11_00_00/vexv5/libv5rt.a(v5_apijump.c.obj)
                0x0000000003804d38                vexDisplayRectClear
 .text.vexDisplayVPrintf
                0x0000000003804d84       0x50 /Users/jordan/Library/Application Support/Code/User/globalStorage/vexrobotics.vexcode/sdk/cpp/V5/V5_20240223_11_00_00/vexv5/libv5rt.a(v5_apijump.c.obj)
                0x0000000003804d84                vexDisplayVPrintf
 .text.vexDisplayTextReference
                0x0000000003804dd4       0x24 /Users/jordan/Library/Application Support/Code/User/globalStorage/vexrobotics.vexcode/sdk/cpp/V5/V5_20240223_11_00_00/vexv5/libv5rt.a(v5_apijump.c.obj)
                0x0000000003804dd4                vexDisplayTextReference
 .text.vexDisplayTextSize
                0x0000000003804df8       0x2c /Users/jordan/Library/Application Support/Code/User/globalStorage/vexrobotics.vexcode/sdk/cpp/V5/V5_20240223_11_00_00/vexv5/libv5rt.a(v5_apijump.c.obj)
                0x0000000003804df8                vexDisplayTextSize
 .text.vexDisplayFontNamedSet
                0x0000000003804e24       0x24 /Users/jordan/Library/Application Support/Code/User/globalStorage/vexrobotics.vexcode/sdk/cpp/V5/V5_20240223_11_00_00/vexv5/libv5rt.a(v5_apijump.c.obj)
                0x0000000003804e24                vexDisplayFontNamedSet
 .text.vexFileOpen
                0x0000000003804e48       0x2c /Users/jordan/Library/Application Support/Code/User/globalStorage/vexrobotics.vexcode/sdk/cpp/V5/V5_20240223_11_00_00/vexv5/libv5rt.a(v5_apijump.c.obj)
                0x0000000003804e48                vexFileOpen
 .text.vexFileClose
                0x0000000003804e74       0x24 /Users/jordan/Library/Application Support/Code/User/globalStorage/vexrobotics.vexcode/sdk/cpp/V5/V5_20240223_11_00_00/vexv5/libv5rt.a(v5_apijump.c.obj)
                0x0000000003804e74                vexFileClose
 .text.vexFileRead
                0x0000000003804e98       0x3c /Users/jordan/Library/Application Support/Code/User/globalStorage/vexrobotics.vexcode/sdk/cpp/V5/V5_20240223_11_00_00/vexv5/libv5rt.a(v5_apijump.c.obj)
                0x0000000003804e98                vexFileRead
 .text.vexFileSize
                0x0000000003804ed4       0x24 /Users/jordan/Library/Application Support/Code/User/globalStorage/vexrobotics.vexcode/sdk/cpp/V5/V5_20240223_11_00_00/vexv5/libv5rt.a(v5_apijump.c.obj)
                0x0000000003804ed4                vexFileSize
 .text.vexSystemStdlibImpureDataAddr
                0x0000000003804ef8       0x28 /Users/jordan/Library/Application Support/Code/User/globalStorage/vexrobotics.vexcode/sdk/cpp/V5/V5_20240223_11_00_00/vexv5/libv5rt.a(v5_apijump.c.obj)
                0x0000000003804ef8                vexSystemStdlibImpureDataAddr
 .text.vexSystemStdlibImpureDataSize
                0x0000000003804f20       0x28 /Users/jordan/Library/Application Support/Code/User/globalStorage/vexrobotics.vexcode/sdk/cpp/V5/V5_20240223_11_00_00/vexv5/libv5rt.a(v5_apijump.c.obj)
                0x0000000003804f20                vexSystemStdlibImpureDataSize
 .text.vexSystemSaveUserData
                0x0000000003804f48       0x3c /Users/jordan/Library/Application Support/Code/User/globalStorage/vexrobotics.vexcode/sdk/cpp/V5/V5_20240223_11_00_00/vexv5/libv5rt.a(v5_apijump.c.obj)
                0x0000000003804f48                vexSystemSaveUserData
 .text.vexImageBmpRead
                0x0000000003804f84       0x3c /Users/jordan/Library/Application Support/Code/User/globalStorage/vexrobotics.vexcode/sdk/cpp/V5/V5_20240223_11_00_00/vexv5/libv5rt.a(v5_apijump.c.obj)
                0x0000000003804f84                vexImageBmpRead
 .text.vexImagePngRead
                0x0000000003804fc0       0x44 /Users/jordan/Library/Application Support/Code/User/globalStorage/vexrobotics.vexcode/sdk/cpp/V5/V5_20240223_11_00_00/vexv5/libv5rt.a(v5_apijump.c.obj)
                0x0000000003804fc0                vexImagePngRead
 .text.vexDisplayThemeIdGet
                0x0000000003805004       0x38 /Users/jordan/Library/Application Support/Code/User/globalStorage/vexrobotics.vexcode/sdk/cpp/V5/V5_20240223_11_00_00/vexv5/libv5rt.a(v5_apijump.c.obj)
                0x0000000003805004                vexDisplayThemeIdGet
 .text.vexDisplayRender
                0x000000000380503c       0x2c /Users/jordan/Library/Application Support/Code/User/globalStorage/vexrobotics.vexcode/sdk/cpp/V5/V5_20240223_11_00_00/vexv5/libv5rt.a(v5_apijump.c.obj)
                0x000000000380503c                vexDisplayRender
 .text.vexDeviceEventMaskSet
                0x0000000003805068       0x48 /Users/jordan/Library/Application Support/Code/User/globalStorage/vexrobotics.vexcode/sdk/cpp/V5/V5_20240223_11_00_00/vexv5/libv5rt.a(v5_apijump.c.obj)
                0x0000000003805068                vexDeviceEventMaskSet
 .text.vexDeviceEventMaskGet
                0x00000000038050b0       0x3c /Users/jordan/Library/Application Support/Code/User/globalStorage/vexrobotics.vexcode/sdk/cpp/V5/V5_20240223_11_00_00/vexv5/libv5rt.a(v5_apijump.c.obj)
                0x00000000038050b0                vexDeviceEventMaskGet
 .text.vexSystemVersion
                0x00000000038050ec       0x10 /Users/jordan/Library/Application Support/Code/User/globalStorage/vexrobotics.vexcode/sdk/cpp/V5/V5_20240223_11_00_00/vexv5/libv5rt.a(v5_apiversions.c.obj)
                0x00000000038050ec                vexSystemVersion
 .text.vexStdlibVersion
                0x00000000038050fc       0x10 /Users/jordan/Library/Application Support/Code/User/globalStorage/vexrobotics.vexcode/sdk/cpp/V5/V5_20240223_11_00_00/vexv5/libv5rt.a(v5_apiversions.c.obj)
                0x00000000038050fc                vexStdlibVersion
 *fill*         0x000000000380510c        0x4 
 .text._ZN3vex4waitEdNS_9timeUnitsE
                0x0000000003805110       0x30 /Users/jordan/Library/Application Support/Code/User/globalStorage/vexrobotics.vexcode/sdk/cpp/V5/V5_20240223_11_00_00/vexv5/libv5rt.a(vex_global.cpp.obj)
                0x0000000003805110                vex::wait(double, vex::timeUnits)
 .text._ZN3vex5motorD2Ev
                0x0000000003805140       0x20 /Users/jordan/Library/Application Support/Code/User/globalStorage/vexrobotics.vexcode/sdk/cpp/V5/V5_20240223_11_00_00/vexv5/libv5rt.a(vex_motor.cpp.obj)
                0x0000000003805140                vex::motor::~motor()
                0x0000000003805140                vex::motor::~motor()
 .text._ZN3vex5motorD0Ev
                0x0000000003805160       0x1c /Users/jordan/Library/Application Support/Code/User/globalStorage/vexrobotics.vexcode/sdk/cpp/V5/V5_20240223_11_00_00/vexv5/libv5rt.a(vex_motor.cpp.obj)
                0x0000000003805160                vex::motor::~motor()
 .text._ZN3vex5motor9installedEv
                0x000000000380517c       0x18 /Users/jordan/Library/Application Support/Code/User/globalStorage/vexrobotics.vexcode/sdk/cpp/V5/V5_20240223_11_00_00/vexv5/libv5rt.a(vex_motor.cpp.obj)
                0x000000000380517c                vex::motor::installed()
 .text._ZN3vex5motor15defaultStoppingENS_9brakeTypeE
                0x0000000003805194       0x30 /Users/jordan/Library/Application Support/Code/User/globalStorage/vexrobotics.vexcode/sdk/cpp/V5/V5_20240223_11_00_00/vexv5/libv5rt.a(vex_motor.cpp.obj)
                0x0000000003805194                vex::motor::defaultStopping(vex::brakeType)
 .text._ZN3vex5motor8setBrakeENS_9brakeTypeE
                0x00000000038051c4        0x4 /Users/jordan/Library/Application Support/Code/User/globalStorage/vexrobotics.vexcode/sdk/cpp/V5/V5_20240223_11_00_00/vexv5/libv5rt.a(vex_motor.cpp.obj)
                0x00000000038051c4                vex::motor::setBrake(vex::brakeType)
 .text._ZN3vex5motorC2El
                0x00000000038051c8       0x78 /Users/jordan/Library/Application Support/Code/User/globalStorage/vexrobotics.vexcode/sdk/cpp/V5/V5_20240223_11_00_00/vexv5/libv5rt.a(vex_motor.cpp.obj)
                0x00000000038051c8                vex::motor::motor(long)
                0x00000000038051c8                vex::motor::motor(long)
 .text._ZN3vex5motorC2ElNS_11gearSettingEb
                0x0000000003805240       0x34 /Users/jordan/Library/Application Support/Code/User/globalStorage/vexrobotics.vexcode/sdk/cpp/V5/V5_20240223_11_00_00/vexv5/libv5rt.a(vex_motor.cpp.obj)
                0x0000000003805240                vex::motor::motor(long, vex::gearSetting, bool)
                0x0000000003805240                vex::motor::motor(long, vex::gearSetting, bool)
 .text._ZN3vex5motorC2Elb
                0x0000000003805274       0x24 /Users/jordan/Library/Application Support/Code/User/globalStorage/vexrobotics.vexcode/sdk/cpp/V5/V5_20240223_11_00_00/vexv5/libv5rt.a(vex_motor.cpp.obj)
                0x0000000003805274                vex::motor::motor(long, bool)
                0x0000000003805274                vex::motor::motor(long, bool)
 .text._ZN3vex5motor4spinENS_13directionTypeEdNS_12voltageUnitsE
                0x0000000003805298       0x50 /Users/jordan/Library/Application Support/Code/User/globalStorage/vexrobotics.vexcode/sdk/cpp/V5/V5_20240223_11_00_00/vexv5/libv5rt.a(vex_motor.cpp.obj)
                0x0000000003805298                vex::motor::spin(vex::directionType, double, vex::voltageUnits)
 .text._ZN3vex5motor4stopENS_9brakeTypeE
                0x00000000038052e8       0x30 /Users/jordan/Library/Application Support/Code/User/globalStorage/vexrobotics.vexcode/sdk/cpp/V5/V5_20240223_11_00_00/vexv5/libv5rt.a(vex_motor.cpp.obj)
                0x00000000038052e8                vex::motor::stop(vex::brakeType)
 .text._ZN3vex5motor11temperatureENS_16temperatureUnitsE
                0x0000000003805318       0x40 /Users/jordan/Library/Application Support/Code/User/globalStorage/vexrobotics.vexcode/sdk/cpp/V5/V5_20240223_11_00_00/vexv5/libv5rt.a(vex_motor.cpp.obj)
                0x0000000003805318                vex::motor::temperature(vex::temperatureUnits)
 .text._ZN3vex5motor16velocityToScaledEdNS_13velocityUnitsE
                0x0000000003805358       0x5c /Users/jordan/Library/Application Support/Code/User/globalStorage/vexrobotics.vexcode/sdk/cpp/V5/V5_20240223_11_00_00/vexv5/libv5rt.a(vex_motor.cpp.obj)
                0x0000000003805358                vex::motor::velocityToScaled(double, vex::velocityUnits)
 .text._ZN3vex5motor8velocityENS_13velocityUnitsE
                0x00000000038053b4       0x30 /Users/jordan/Library/Application Support/Code/User/globalStorage/vexrobotics.vexcode/sdk/cpp/V5/V5_20240223_11_00_00/vexv5/libv5rt.a(vex_motor.cpp.obj)
                0x00000000038053b4                vex::motor::velocity(vex::velocityUnits)
 .text._ZN3vex5motor5valueEv
                0x00000000038053e4       0x1c /Users/jordan/Library/Application Support/Code/User/globalStorage/vexrobotics.vexcode/sdk/cpp/V5/V5_20240223_11_00_00/vexv5/libv5rt.a(vex_motor.cpp.obj)
                0x00000000038053e4                vex::motor::value()
 .text._ZN3vex5motor16setRotationUnitsENS_13rotationUnitsE
                0x0000000003805400       0x1c /Users/jordan/Library/Application Support/Code/User/globalStorage/vexrobotics.vexcode/sdk/cpp/V5/V5_20240223_11_00_00/vexv5/libv5rt.a(vex_motor.cpp.obj)
                0x0000000003805400                vex::motor::setRotationUnits(vex::rotationUnits)
 .text._ZN3vex5motor11setPositionEdNS_13rotationUnitsE
                0x000000000380541c       0x44 /Users/jordan/Library/Application Support/Code/User/globalStorage/vexrobotics.vexcode/sdk/cpp/V5/V5_20240223_11_00_00/vexv5/libv5rt.a(vex_motor.cpp.obj)
                0x000000000380541c                vex::motor::setPosition(double, vex::rotationUnits)
 .text._ZN3vex5motor13resetPositionEv
                0x0000000003805460       0x20 /Users/jordan/Library/Application Support/Code/User/globalStorage/vexrobotics.vexcode/sdk/cpp/V5/V5_20240223_11_00_00/vexv5/libv5rt.a(vex_motor.cpp.obj)
                0x0000000003805460                vex::motor::resetPosition()
 .text._ZN3vex5motor8positionENS_13rotationUnitsE
                0x0000000003805480       0x44 /Users/jordan/Library/Application Support/Code/User/globalStorage/vexrobotics.vexcode/sdk/cpp/V5/V5_20240223_11_00_00/vexv5/libv5rt.a(vex_motor.cpp.obj)
                0x0000000003805480                vex::motor::position(vex::rotationUnits)
 .text._ZN3vex8inertial11getTurnTypeEv
                0x00000000038054c4        0x8 /Users/jordan/Library/Application Support/Code/User/globalStorage/vexrobotics.vexcode/sdk/cpp/V5/V5_20240223_11_00_00/vexv5/libv5rt.a(vex_imu.cpp.obj)
                0x00000000038054c4                vex::inertial::getTurnType()
 .text._ZThn16_N3vex8inertial11getTurnTypeEv
                0x00000000038054cc        0x8 /Users/jordan/Library/Application Support/Code/User/globalStorage/vexrobotics.vexcode/sdk/cpp/V5/V5_20240223_11_00_00/vexv5/libv5rt.a(vex_imu.cpp.obj)
                0x00000000038054cc                non-virtual thunk to vex::inertial::getTurnType()
 *fill*         0x00000000038054d4        0x4 
 .text._ZN3vex8inertial10setHeadingEdNS_13rotationUnitsE
                0x00000000038054d8       0x58 /Users/jordan/Library/Application Support/Code/User/globalStorage/vexrobotics.vexcode/sdk/cpp/V5/V5_20240223_11_00_00/vexv5/libv5rt.a(vex_imu.cpp.obj)
                0x00000000038054d8                vex::inertial::setHeading(double, vex::rotationUnits)
 .text._ZThn16_N3vex8inertial10setHeadingEdNS_13rotationUnitsE
                0x0000000003805530        0x8 /Users/jordan/Library/Application Support/Code/User/globalStorage/vexrobotics.vexcode/sdk/cpp/V5/V5_20240223_11_00_00/vexv5/libv5rt.a(vex_imu.cpp.obj)
                0x0000000003805530                non-virtual thunk to vex::inertial::setHeading(double, vex::rotationUnits)
 .text._ZN3vex8inertial11setRotationEdNS_13rotationUnitsE
                0x0000000003805538       0x58 /Users/jordan/Library/Application Support/Code/User/globalStorage/vexrobotics.vexcode/sdk/cpp/V5/V5_20240223_11_00_00/vexv5/libv5rt.a(vex_imu.cpp.obj)
                0x0000000003805538                vex::inertial::setRotation(double, vex::rotationUnits)
 .text._ZThn16_N3vex8inertial11setRotationEdNS_13rotationUnitsE
                0x0000000003805590        0x8 /Users/jordan/Library/Application Support/Code/User/globalStorage/vexrobotics.vexcode/sdk/cpp/V5/V5_20240223_11_00_00/vexv5/libv5rt.a(vex_imu.cpp.obj)
                0x0000000003805590                non-virtual thunk to vex::inertial::setRotation(double, vex::rotationUnits)
 .text._ZN3vex8inertialD2Ev
                0x0000000003805598       0x20 /Users/jordan/Library/Application Support/Code/User/globalStorage/vexrobotics.vexcode/sdk/cpp/V5/V5_20240223_11_00_00/vexv5/libv5rt.a(vex_imu.cpp.obj)
                0x0000000003805598                vex::inertial::~inertial()
                0x0000000003805598                vex::inertial::~inertial()
 .text._ZThn16_N3vex8inertialD1Ev
                0x00000000038055b8        0x8 /Users/jordan/Library/Application Support/Code/User/globalStorage/vexrobotics.vexcode/sdk/cpp/V5/V5_20240223_11_00_00/vexv5/libv5rt.a(vex_imu.cpp.obj)
                0x00000000038055b8                non-virtual thunk to vex::inertial::~inertial()
 .text._ZN3vex8inertialD0Ev
                0x00000000038055c0       0x1c /Users/jordan/Library/Application Support/Code/User/globalStorage/vexrobotics.vexcode/sdk/cpp/V5/V5_20240223_11_00_00/vexv5/libv5rt.a(vex_imu.cpp.obj)
                0x00000000038055c0                vex::inertial::~inertial()
 .text._ZThn16_N3vex8inertialD0Ev
                0x00000000038055dc        0x8 /Users/jordan/Library/Application Support/Code/User/globalStorage/vexrobotics.vexcode/sdk/cpp/V5/V5_20240223_11_00_00/vexv5/libv5rt.a(vex_imu.cpp.obj)
                0x00000000038055dc                non-virtual thunk to vex::inertial::~inertial()
 .text._ZN3vex8inertial9installedEv
                0x00000000038055e4       0x18 /Users/jordan/Library/Application Support/Code/User/globalStorage/vexrobotics.vexcode/sdk/cpp/V5/V5_20240223_11_00_00/vexv5/libv5rt.a(vex_imu.cpp.obj)
                0x00000000038055e4                vex::inertial::installed()
 .text._ZN3vex8inertial5angleENS_13rotationUnitsE
                0x00000000038055fc       0x6c /Users/jordan/Library/Application Support/Code/User/globalStorage/vexrobotics.vexcode/sdk/cpp/V5/V5_20240223_11_00_00/vexv5/libv5rt.a(vex_imu.cpp.obj)
                0x00000000038055fc                vex::inertial::angle(vex::rotationUnits)
 .text._ZThn16_N3vex8inertial5angleENS_13rotationUnitsE
                0x0000000003805668        0x8 /Users/jordan/Library/Application Support/Code/User/globalStorage/vexrobotics.vexcode/sdk/cpp/V5/V5_20240223_11_00_00/vexv5/libv5rt.a(vex_imu.cpp.obj)
                0x0000000003805668                non-virtual thunk to vex::inertial::angle(vex::rotationUnits)
 .text._ZN3vex8inertial7headingENS_13rotationUnitsE
                0x0000000003805670        0x4 /Users/jordan/Library/Application Support/Code/User/globalStorage/vexrobotics.vexcode/sdk/cpp/V5/V5_20240223_11_00_00/vexv5/libv5rt.a(vex_imu.cpp.obj)
                0x0000000003805670                vex::inertial::heading(vex::rotationUnits)
 .text._ZThn16_N3vex8inertial7headingENS_13rotationUnitsE
                0x0000000003805674        0x8 /Users/jordan/Library/Application Support/Code/User/globalStorage/vexrobotics.vexcode/sdk/cpp/V5/V5_20240223_11_00_00/vexv5/libv5rt.a(vex_imu.cpp.obj)
                0x0000000003805674                non-virtual thunk to vex::inertial::heading(vex::rotationUnits)
 .text._ZN3vex8inertial5valueEv
                0x000000000380567c       0x1c /Users/jordan/Library/Application Support/Code/User/globalStorage/vexrobotics.vexcode/sdk/cpp/V5/V5_20240223_11_00_00/vexv5/libv5rt.a(vex_imu.cpp.obj)
                0x000000000380567c                vex::inertial::value()
 .text._ZN3vex8inertial8rotationENS_13rotationUnitsE
                0x0000000003805698       0x48 /Users/jordan/Library/Application Support/Code/User/globalStorage/vexrobotics.vexcode/sdk/cpp/V5/V5_20240223_11_00_00/vexv5/libv5rt.a(vex_imu.cpp.obj)
                0x0000000003805698                vex::inertial::rotation(vex::rotationUnits)
 .text._ZThn16_N3vex8inertial8rotationENS_13rotationUnitsE
                0x00000000038056e0        0x8 /Users/jordan/Library/Application Support/Code/User/globalStorage/vexrobotics.vexcode/sdk/cpp/V5/V5_20240223_11_00_00/vexv5/libv5rt.a(vex_imu.cpp.obj)
                0x00000000038056e0                non-virtual thunk to vex::inertial::rotation(vex::rotationUnits)
 .text._ZN3vex8inertial13isCalibratingEv
                0x00000000038056e8       0x38 /Users/jordan/Library/Application Support/Code/User/globalStorage/vexrobotics.vexcode/sdk/cpp/V5/V5_20240223_11_00_00/vexv5/libv5rt.a(vex_imu.cpp.obj)
                0x00000000038056e8                vex::inertial::isCalibrating()
 .text._ZThn16_N3vex8inertial13isCalibratingEv
                0x0000000003805720        0x8 /Users/jordan/Library/Application Support/Code/User/globalStorage/vexrobotics.vexcode/sdk/cpp/V5/V5_20240223_11_00_00/vexv5/libv5rt.a(vex_imu.cpp.obj)
                0x0000000003805720                non-virtual thunk to vex::inertial::isCalibrating()
 .text._ZN3vex8inertialC2ElNS_8turnTypeE
                0x0000000003805728       0x4c /Users/jordan/Library/Application Support/Code/User/globalStorage/vexrobotics.vexcode/sdk/cpp/V5/V5_20240223_11_00_00/vexv5/libv5rt.a(vex_imu.cpp.obj)
                0x0000000003805728                vex::inertial::inertial(long, vex::turnType)
                0x0000000003805728                vex::inertial::inertial(long, vex::turnType)
 .text._ZN3vex8inertial16startCalibrationEl
                0x0000000003805774       0x20 /Users/jordan/Library/Application Support/Code/User/globalStorage/vexrobotics.vexcode/sdk/cpp/V5/V5_20240223_11_00_00/vexv5/libv5rt.a(vex_imu.cpp.obj)
                0x0000000003805774                vex::inertial::startCalibration(long)
 .text._ZN3vex8inertial9calibrateEl
                0x0000000003805794        0xc /Users/jordan/Library/Application Support/Code/User/globalStorage/vexrobotics.vexcode/sdk/cpp/V5/V5_20240223_11_00_00/vexv5/libv5rt.a(vex_imu.cpp.obj)
                0x0000000003805794                vex::inertial::calibrate(long)
                0x0000000003805798                non-virtual thunk to vex::inertial::calibrate(long)
 .text._ZN3vex8rotationD2Ev
                0x00000000038057a0       0x20 /Users/jordan/Library/Application Support/Code/User/globalStorage/vexrobotics.vexcode/sdk/cpp/V5/V5_20240223_11_00_00/vexv5/libv5rt.a(vex_rotation.cpp.obj)
                0x00000000038057a0                vex::rotation::~rotation()
                0x00000000038057a0                vex::rotation::~rotation()
 .text._ZN3vex8rotationD0Ev
                0x00000000038057c0       0x1c /Users/jordan/Library/Application Support/Code/User/globalStorage/vexrobotics.vexcode/sdk/cpp/V5/V5_20240223_11_00_00/vexv5/libv5rt.a(vex_rotation.cpp.obj)
                0x00000000038057c0                vex::rotation::~rotation()
 .text._ZN3vex8rotation9installedEv
                0x00000000038057dc       0x18 /Users/jordan/Library/Application Support/Code/User/globalStorage/vexrobotics.vexcode/sdk/cpp/V5/V5_20240223_11_00_00/vexv5/libv5rt.a(vex_rotation.cpp.obj)
                0x00000000038057dc                vex::rotation::installed()
 .text._ZN3vex8rotation5valueEv
                0x00000000038057f4        0x8 /Users/jordan/Library/Application Support/Code/User/globalStorage/vexrobotics.vexcode/sdk/cpp/V5/V5_20240223_11_00_00/vexv5/libv5rt.a(vex_rotation.cpp.obj)
                0x00000000038057f4                vex::rotation::value()
 .text._ZN3vex8rotationC2Elb
                0x00000000038057fc       0x30 /Users/jordan/Library/Application Support/Code/User/globalStorage/vexrobotics.vexcode/sdk/cpp/V5/V5_20240223_11_00_00/vexv5/libv5rt.a(vex_rotation.cpp.obj)
                0x00000000038057fc                vex::rotation::rotation(long, bool)
                0x00000000038057fc                vex::rotation::rotation(long, bool)
 .text._ZN3vex8rotation13resetPositionEv
                0x000000000380582c        0xc /Users/jordan/Library/Application Support/Code/User/globalStorage/vexrobotics.vexcode/sdk/cpp/V5/V5_20240223_11_00_00/vexv5/libv5rt.a(vex_rotation.cpp.obj)
                0x000000000380582c                vex::rotation::resetPosition()
 .text._ZN3vex8rotation8positionENS_13rotationUnitsE
                0x0000000003805838       0x50 /Users/jordan/Library/Application Support/Code/User/globalStorage/vexrobotics.vexcode/sdk/cpp/V5/V5_20240223_11_00_00/vexv5/libv5rt.a(vex_rotation.cpp.obj)
                0x0000000003805838                vex::rotation::position(vex::rotationUnits)
 .text._ZN3vex7opticalD2Ev
                0x0000000003805888       0x20 /Users/jordan/Library/Application Support/Code/User/globalStorage/vexrobotics.vexcode/sdk/cpp/V5/V5_20240223_11_00_00/vexv5/libv5rt.a(vex_optical.cpp.obj)
                0x0000000003805888                vex::optical::~optical()
                0x0000000003805888                vex::optical::~optical()
 .text._ZN3vex7opticalD0Ev
                0x00000000038058a8       0x1c /Users/jordan/Library/Application Support/Code/User/globalStorage/vexrobotics.vexcode/sdk/cpp/V5/V5_20240223_11_00_00/vexv5/libv5rt.a(vex_optical.cpp.obj)
                0x00000000038058a8                vex::optical::~optical()
 .text._ZN3vex7optical9installedEv
                0x00000000038058c4       0x18 /Users/jordan/Library/Application Support/Code/User/globalStorage/vexrobotics.vexcode/sdk/cpp/V5/V5_20240223_11_00_00/vexv5/libv5rt.a(vex_optical.cpp.obj)
                0x00000000038058c4                vex::optical::installed()
 .text._ZN3vex7optical3hueEv
                0x00000000038058dc        0x8 /Users/jordan/Library/Application Support/Code/User/globalStorage/vexrobotics.vexcode/sdk/cpp/V5/V5_20240223_11_00_00/vexv5/libv5rt.a(vex_optical.cpp.obj)
                0x00000000038058dc                vex::optical::hue()
 .text._ZN3vex7optical5valueEv
                0x00000000038058e4       0x18 /Users/jordan/Library/Application Support/Code/User/globalStorage/vexrobotics.vexcode/sdk/cpp/V5/V5_20240223_11_00_00/vexv5/libv5rt.a(vex_optical.cpp.obj)
                0x00000000038058e4                vex::optical::value()
 .text._ZN3vex7optical8setLightENS_8ledStateE
                0x00000000038058fc       0x18 /Users/jordan/Library/Application Support/Code/User/globalStorage/vexrobotics.vexcode/sdk/cpp/V5/V5_20240223_11_00_00/vexv5/libv5rt.a(vex_optical.cpp.obj)
                0x00000000038058fc                vex::optical::setLight(vex::ledState)
 .text._ZN3vex7optical13setLightPowerElNS_12percentUnitsE
                0x0000000003805914       0x2c /Users/jordan/Library/Application Support/Code/User/globalStorage/vexrobotics.vexcode/sdk/cpp/V5/V5_20240223_11_00_00/vexv5/libv5rt.a(vex_optical.cpp.obj)
                0x0000000003805914                vex::optical::setLightPower(long, vex::percentUnits)
 .text._ZN3vex7optical13gestureEnableEv
                0x0000000003805940        0x8 /Users/jordan/Library/Application Support/Code/User/globalStorage/vexrobotics.vexcode/sdk/cpp/V5/V5_20240223_11_00_00/vexv5/libv5rt.a(vex_optical.cpp.obj)
                0x0000000003805940                vex::optical::gestureEnable()
 .text._ZN3vex7optical14gestureDisableEv
                0x0000000003805948        0x8 /Users/jordan/Library/Application Support/Code/User/globalStorage/vexrobotics.vexcode/sdk/cpp/V5/V5_20240223_11_00_00/vexv5/libv5rt.a(vex_optical.cpp.obj)
                0x0000000003805948                vex::optical::gestureDisable()
 .text._ZN3vex7opticalC2Elb
                0x0000000003805950       0x54 /Users/jordan/Library/Application Support/Code/User/globalStorage/vexrobotics.vexcode/sdk/cpp/V5/V5_20240223_11_00_00/vexv5/libv5rt.a(vex_optical.cpp.obj)
                0x0000000003805950                vex::optical::optical(long, bool)
                0x0000000003805950                vex::optical::optical(long, bool)
 .text._ZN3vex8distanceD2Ev
                0x00000000038059a4       0x20 /Users/jordan/Library/Application Support/Code/User/globalStorage/vexrobotics.vexcode/sdk/cpp/V5/V5_20240223_11_00_00/vexv5/libv5rt.a(vex_distance.cpp.obj)
                0x00000000038059a4                vex::distance::~distance()
                0x00000000038059a4                vex::distance::~distance()
 .text._ZN3vex8distanceD0Ev
                0x00000000038059c4       0x1c /Users/jordan/Library/Application Support/Code/User/globalStorage/vexrobotics.vexcode/sdk/cpp/V5/V5_20240223_11_00_00/vexv5/libv5rt.a(vex_distance.cpp.obj)
                0x00000000038059c4                vex::distance::~distance()
 .text._ZN3vex8distance9installedEv
                0x00000000038059e0       0x18 /Users/jordan/Library/Application Support/Code/User/globalStorage/vexrobotics.vexcode/sdk/cpp/V5/V5_20240223_11_00_00/vexv5/libv5rt.a(vex_distance.cpp.obj)
                0x00000000038059e0                vex::distance::installed()
 .text._ZN3vex8distance5valueEv
                0x00000000038059f8        0x8 /Users/jordan/Library/Application Support/Code/User/globalStorage/vexrobotics.vexcode/sdk/cpp/V5/V5_20240223_11_00_00/vexv5/libv5rt.a(vex_distance.cpp.obj)
                0x00000000038059f8                vex::distance::value()
 .text._ZN3vex8distanceC2El
                0x0000000003805a00       0x20 /Users/jordan/Library/Application Support/Code/User/globalStorage/vexrobotics.vexcode/sdk/cpp/V5/V5_20240223_11_00_00/vexv5/libv5rt.a(vex_distance.cpp.obj)
                0x0000000003805a00                vex::distance::distance(long)
                0x0000000003805a00                vex::distance::distance(long)
 .text._ZN3vex10controllerD2Ev
                0x0000000003805a20        0x4 /Users/jordan/Library/Application Support/Code/User/globalStorage/vexrobotics.vexcode/sdk/cpp/V5/V5_20240223_11_00_00/vexv5/libv5rt.a(vex_controller.cpp.obj)
                0x0000000003805a20                vex::controller::~controller()
                0x0000000003805a20                vex::controller::~controller()
 .text._ZN3vex10controller5valueE19_V5_ControllerIndex
                0x0000000003805a24        0x8 /Users/jordan/Library/Application Support/Code/User/globalStorage/vexrobotics.vexcode/sdk/cpp/V5/V5_20240223_11_00_00/vexv5/libv5rt.a(vex_controller.cpp.obj)
                0x0000000003805a24                vex::controller::value(_V5_ControllerIndex)
 .text._ZNK3vex10controller6button8pressingEv
                0x0000000003805a2c       0xc8 /Users/jordan/Library/Application Support/Code/User/globalStorage/vexrobotics.vexcode/sdk/cpp/V5/V5_20240223_11_00_00/vexv5/libv5rt.a(vex_controller.cpp.obj)
                0x0000000003805a2c                vex::controller::button::pressing() const
 .text._ZNK3vex10controller6button7pressedEPFvvE
                0x0000000003805af4      0x108 /Users/jordan/Library/Application Support/Code/User/globalStorage/vexrobotics.vexcode/sdk/cpp/V5/V5_20240223_11_00_00/vexv5/libv5rt.a(vex_controller.cpp.obj)
                0x0000000003805af4                vex::controller::button::pressed(void (*)()) const
 .text._ZNK3vex10controller6button21_buttonToPressedEventEv
                0x0000000003805bfc       0x20 /Users/jordan/Library/Application Support/Code/User/globalStorage/vexrobotics.vexcode/sdk/cpp/V5/V5_20240223_11_00_00/vexv5/libv5rt.a(vex_controller.cpp.obj)
                0x0000000003805bfc                vex::controller::button::_buttonToPressedEvent() const
 .text._ZNK3vex10controller6button22_buttonToReleasedEventEv
                0x0000000003805c1c       0x20 /Users/jordan/Library/Application Support/Code/User/globalStorage/vexrobotics.vexcode/sdk/cpp/V5/V5_20240223_11_00_00/vexv5/libv5rt.a(vex_controller.cpp.obj)
                0x0000000003805c1c                vex::controller::button::_buttonToReleasedEvent() const
 .text._ZN3vex10controller6buttonC2ENS0_11tButtonTypeEPS0_
                0x0000000003805c3c       0x48 /Users/jordan/Library/Application Support/Code/User/globalStorage/vexrobotics.vexcode/sdk/cpp/V5/V5_20240223_11_00_00/vexv5/libv5rt.a(vex_controller.cpp.obj)
                0x0000000003805c3c                vex::controller::button::button(vex::controller::tButtonType, vex::controller*)
                0x0000000003805c3c                vex::controller::button::button(vex::controller::tButtonType, vex::controller*)
 .text._ZNK3vex10controller4axis5valueEv
                0x0000000003805c84       0x58 /Users/jordan/Library/Application Support/Code/User/globalStorage/vexrobotics.vexcode/sdk/cpp/V5/V5_20240223_11_00_00/vexv5/libv5rt.a(vex_controller.cpp.obj)
                0x0000000003805c84                vex::controller::axis::value() const
 .text._ZNK3vex10controller4axis8positionENS_12percentUnitsE
                0x0000000003805cdc       0x1c /Users/jordan/Library/Application Support/Code/User/globalStorage/vexrobotics.vexcode/sdk/cpp/V5/V5_20240223_11_00_00/vexv5/libv5rt.a(vex_controller.cpp.obj)
                0x0000000003805cdc                vex::controller::axis::position(vex::percentUnits) const
 .text._ZNK3vex10controller4axis23_joystickToChangedEventEv
                0x0000000003805cf8       0x20 /Users/jordan/Library/Application Support/Code/User/globalStorage/vexrobotics.vexcode/sdk/cpp/V5/V5_20240223_11_00_00/vexv5/libv5rt.a(vex_controller.cpp.obj)
                0x0000000003805cf8                vex::controller::axis::_joystickToChangedEvent() const
 .text._ZN3vex10controller4axisC2ENS0_9tAxisTypeEPS0_
                0x0000000003805d18       0x2c /Users/jordan/Library/Application Support/Code/User/globalStorage/vexrobotics.vexcode/sdk/cpp/V5/V5_20240223_11_00_00/vexv5/libv5rt.a(vex_controller.cpp.obj)
                0x0000000003805d18                vex::controller::axis::axis(vex::controller::tAxisType, vex::controller*)
                0x0000000003805d18                vex::controller::axis::axis(vex::controller::tAxisType, vex::controller*)
 .text._ZN3vex10controllerC2Ev
                0x0000000003805d44      0x164 /Users/jordan/Library/Application Support/Code/User/globalStorage/vexrobotics.vexcode/sdk/cpp/V5/V5_20240223_11_00_00/vexv5/libv5rt.a(vex_controller.cpp.obj)
                0x0000000003805d44                vex::controller::controller()
                0x0000000003805d44                vex::controller::controller()
 .text._ZN3vex4taskC2EPFivE
                0x0000000003805ea8       0x5c /Users/jordan/Library/Application Support/Code/User/globalStorage/vexrobotics.vexcode/sdk/cpp/V5/V5_20240223_11_00_00/vexv5/libv5rt.a(vex_task.cpp.obj)
                0x0000000003805ea8                vex::task::task(int (*)())
                0x0000000003805ea8                vex::task::task(int (*)())
 .text._ZN3vex4taskC2EPFiPvES1_
                0x0000000003805f04       0x5c /Users/jordan/Library/Application Support/Code/User/globalStorage/vexrobotics.vexcode/sdk/cpp/V5/V5_20240223_11_00_00/vexv5/libv5rt.a(vex_task.cpp.obj)
                0x0000000003805f04                vex::task::task(int (*)(void*), void*)
                0x0000000003805f04                vex::task::task(int (*)(void*), void*)
 .text._ZN3vex4taskD2Ev
                0x0000000003805f60        0x4 /Users/jordan/Library/Application Support/Code/User/globalStorage/vexrobotics.vexcode/sdk/cpp/V5/V5_20240223_11_00_00/vexv5/libv5rt.a(vex_task.cpp.obj)
                0x0000000003805f60                vex::task::~task()
                0x0000000003805f60                vex::task::~task()
 .text._ZN3vex4task4stopEPvi
                0x0000000003805f64       0x1c /Users/jordan/Library/Application Support/Code/User/globalStorage/vexrobotics.vexcode/sdk/cpp/V5/V5_20240223_11_00_00/vexv5/libv5rt.a(vex_task.cpp.obj)
                0x0000000003805f64                vex::task::stop(void*, int)
 .text._ZN3vex4task6_indexEPFivE
                0x0000000003805f80       0x14 /Users/jordan/Library/Application Support/Code/User/globalStorage/vexrobotics.vexcode/sdk/cpp/V5/V5_20240223_11_00_00/vexv5/libv5rt.a(vex_task.cpp.obj)
                0x0000000003805f80                vex::task::_index(int (*)())
 .text._ZN3vex4task8_stopAllEv
                0x0000000003805f94       0x3c /Users/jordan/Library/Application Support/Code/User/globalStorage/vexrobotics.vexcode/sdk/cpp/V5/V5_20240223_11_00_00/vexv5/libv5rt.a(vex_task.cpp.obj)
                0x0000000003805f94                vex::task::_stopAll()
 .text._ZN3vex11this_thread9sleep_forEm
                0x0000000003805fd0        0x4 /Users/jordan/Library/Application Support/Code/User/globalStorage/vexrobotics.vexcode/sdk/cpp/V5/V5_20240223_11_00_00/vexv5/libv5rt.a(vex_thread.cpp.obj)
                0x0000000003805fd0                vex::this_thread::sleep_for(unsigned long)
 .text._ZN3vex5mutexC2Ev
                0x0000000003805fd4       0x1c /Users/jordan/Library/Application Support/Code/User/globalStorage/vexrobotics.vexcode/sdk/cpp/V5/V5_20240223_11_00_00/vexv5/libv5rt.a(vex_thread.cpp.obj)
                0x0000000003805fd4                vex::mutex::mutex()
                0x0000000003805fd4                vex::mutex::mutex()
 .text._ZN3vex5mutexD2Ev
                0x0000000003805ff0        0x4 /Users/jordan/Library/Application Support/Code/User/globalStorage/vexrobotics.vexcode/sdk/cpp/V5/V5_20240223_11_00_00/vexv5/libv5rt.a(vex_thread.cpp.obj)
                0x0000000003805ff0                vex::mutex::~mutex()
                0x0000000003805ff0                vex::mutex::~mutex()
 .text._ZN3vex5mutex4lockEv
                0x0000000003805ff4        0x8 /Users/jordan/Library/Application Support/Code/User/globalStorage/vexrobotics.vexcode/sdk/cpp/V5/V5_20240223_11_00_00/vexv5/libv5rt.a(vex_thread.cpp.obj)
                0x0000000003805ff4                vex::mutex::lock()
 .text._ZN3vex5mutex6unlockEv
                0x0000000003805ffc        0x4 /Users/jordan/Library/Application Support/Code/User/globalStorage/vexrobotics.vexcode/sdk/cpp/V5/V5_20240223_11_00_00/vexv5/libv5rt.a(vex_thread.cpp.obj)
                0x0000000003805ffc                vex::mutex::unlock()
 .text._ZN3vex5event4initEmmPFvvE
                0x0000000003806000        0x4 /Users/jordan/Library/Application Support/Code/User/globalStorage/vexrobotics.vexcode/sdk/cpp/V5/V5_20240223_11_00_00/vexv5/libv5rt.a(vex_event.cpp.obj)
                0x0000000003806000                vex::event::init(unsigned long, unsigned long, void (*)())
 .text._ZN3vex5event4initEmmPFvPvES1_
                0x0000000003806004        0x4 /Users/jordan/Library/Application Support/Code/User/globalStorage/vexrobotics.vexcode/sdk/cpp/V5/V5_20240223_11_00_00/vexv5/libv5rt.a(vex_event.cpp.obj)
                0x0000000003806004                vex::event::init(unsigned long, unsigned long, void (*)(void*), void*)
 .text._ZN3vex5event9userindexEv
                0x0000000003806008        0x4 /Users/jordan/Library/Application Support/Code/User/globalStorage/vexrobotics.vexcode/sdk/cpp/V5/V5_20240223_11_00_00/vexv5/libv5rt.a(vex_event.cpp.obj)
                0x0000000003806008                vex::event::userindex()
 .text._ZZN3vex6meventC4EmmENUlvE_4_FUNEv
                0x000000000380600c        0x4 /Users/jordan/Library/Application Support/Code/User/globalStorage/vexrobotics.vexcode/sdk/cpp/V5/V5_20240223_11_00_00/vexv5/libv5rt.a(vex_mevent.cpp.obj)
 .text._ZN3vex6meventC2Emm
                0x0000000003806010       0x70 /Users/jordan/Library/Application Support/Code/User/globalStorage/vexrobotics.vexcode/sdk/cpp/V5/V5_20240223_11_00_00/vexv5/libv5rt.a(vex_mevent.cpp.obj)
                0x0000000003806010                vex::mevent::mevent(unsigned long, unsigned long)
                0x0000000003806010                vex::mevent::mevent(unsigned long, unsigned long)
 .text._ZN3vex5brain9_getIndexEv
                0x0000000003806080       0x10 /Users/jordan/Library/Application Support/Code/User/globalStorage/vexrobotics.vexcode/sdk/cpp/V5/V5_20240223_11_00_00/vexv5/libv5rt.a(vex_brain.cpp.obj)
                0x0000000003806080                vex::brain::_getIndex()
 .text._ZN3vex5brain3lcd9setCursorEll
                0x0000000003806090       0x44 /Users/jordan/Library/Application Support/Code/User/globalStorage/vexrobotics.vexcode/sdk/cpp/V5/V5_20240223_11_00_00/vexv5/libv5rt.a(vex_brain.cpp.obj)
                0x0000000003806090                vex::brain::lcd::setCursor(long, long)
 .text._ZN3vex5brain3lcd7setFontENS_8fontTypeE
                0x00000000038060d4      0x23c /Users/jordan/Library/Application Support/Code/User/globalStorage/vexrobotics.vexcode/sdk/cpp/V5/V5_20240223_11_00_00/vexv5/libv5rt.a(vex_brain.cpp.obj)
                0x00000000038060d4                vex::brain::lcd::setFont(vex::fontType)
 .text._ZN3vex5brain3lcdC2Ev
                0x0000000003806310       0x94 /Users/jordan/Library/Application Support/Code/User/globalStorage/vexrobotics.vexcode/sdk/cpp/V5/V5_20240223_11_00_00/vexv5/libv5rt.a(vex_brain.cpp.obj)
                0x0000000003806310                vex::brain::lcd::lcd()
                0x0000000003806310                vex::brain::lcd::lcd()
 .text._ZN3vex5brainC2Ev
                0x00000000038063a4       0x3c /Users/jordan/Library/Application Support/Code/User/globalStorage/vexrobotics.vexcode/sdk/cpp/V5/V5_20240223_11_00_00/vexv5/libv5rt.a(vex_brain.cpp.obj)
                0x00000000038063a4                vex::brain::brain()
                0x00000000038063a4                vex::brain::brain()
 .text._ZN3vex5brain3lcd7printAtEllPKcz
                0x00000000038063e0       0x54 /Users/jordan/Library/Application Support/Code/User/globalStorage/vexrobotics.vexcode/sdk/cpp/V5/V5_20240223_11_00_00/vexv5/libv5rt.a(vex_brain.cpp.obj)
                0x00000000038063e0                vex::brain::lcd::printAt(long, long, char const*, ...)
 .text._ZN3vex5brain3lcd12_clearScreenEm
                0x0000000003806434       0x38 /Users/jordan/Library/Application Support/Code/User/globalStorage/vexrobotics.vexcode/sdk/cpp/V5/V5_20240223_11_00_00/vexv5/libv5rt.a(vex_brain.cpp.obj)
                0x0000000003806434                vex::brain::lcd::_clearScreen(unsigned long)
 .text._ZN3vex5brain3lcd11clearScreenERKNS_5colorE
                0x000000000380646c       0x20 /Users/jordan/Library/Application Support/Code/User/globalStorage/vexrobotics.vexcode/sdk/cpp/V5/V5_20240223_11_00_00/vexv5/libv5rt.a(vex_brain.cpp.obj)
                0x000000000380646c                vex::brain::lcd::clearScreen(vex::color const&)
 .text._ZN3vex5brain3lcd11clearScreenEv
                0x000000000380648c       0x2c /Users/jordan/Library/Application Support/Code/User/globalStorage/vexrobotics.vexcode/sdk/cpp/V5/V5_20240223_11_00_00/vexv5/libv5rt.a(vex_brain.cpp.obj)
                0x000000000380648c                vex::brain::lcd::clearScreen()
 .text._ZN3vex5brain3lcd6renderEv
                0x00000000038064b8        0xc /Users/jordan/Library/Application Support/Code/User/globalStorage/vexrobotics.vexcode/sdk/cpp/V5/V5_20240223_11_00_00/vexv5/libv5rt.a(vex_brain.cpp.obj)
                0x00000000038064b8                vex::brain::lcd::render()
 .text._ZN3vex5brain3lcd20_validateImageBufferEPh
                0x00000000038064c4       0x58 /Users/jordan/Library/Application Support/Code/User/globalStorage/vexrobotics.vexcode/sdk/cpp/V5/V5_20240223_11_00_00/vexv5/libv5rt.a(vex_brain.cpp.obj)
                0x00000000038064c4                vex::brain::lcd::_validateImageBuffer(unsigned char*)
 .text._ZN3vex5brain3lcd17drawImageFromFileEPKcii
                0x000000000380651c      0x264 /Users/jordan/Library/Application Support/Code/User/globalStorage/vexrobotics.vexcode/sdk/cpp/V5/V5_20240223_11_00_00/vexv5/libv5rt.a(vex_brain.cpp.obj)
                0x000000000380651c                vex::brain::lcd::drawImageFromFile(char const*, int, int)
 .text._ZN3vex5brainD2Ev
                0x0000000003806780       0x20 /Users/jordan/Library/Application Support/Code/User/globalStorage/vexrobotics.vexcode/sdk/cpp/V5/V5_20240223_11_00_00/vexv5/libv5rt.a(vex_brain.cpp.obj)
                0x0000000003806780                vex::brain::~brain()
                0x0000000003806780                vex::brain::~brain()
 .text._ZN3vex11competition8_disableEPv
                0x00000000038067a0       0xa4 /Users/jordan/Library/Application Support/Code/User/globalStorage/vexrobotics.vexcode/sdk/cpp/V5/V5_20240223_11_00_00/vexv5/libv5rt.a(vex_competition.cpp.obj)
                0x00000000038067a0                vex::competition::_disable(void*)
 .text._ZN3vex11competition11_autonomousEv
                0x0000000003806844       0x80 /Users/jordan/Library/Application Support/Code/User/globalStorage/vexrobotics.vexcode/sdk/cpp/V5/V5_20240223_11_00_00/vexv5/libv5rt.a(vex_competition.cpp.obj)
                0x0000000003806844                vex::competition::_autonomous()
 .text._ZN3vex11competition14_drivercontrolEv
                0x00000000038068c4       0x80 /Users/jordan/Library/Application Support/Code/User/globalStorage/vexrobotics.vexcode/sdk/cpp/V5/V5_20240223_11_00_00/vexv5/libv5rt.a(vex_competition.cpp.obj)
                0x00000000038068c4                vex::competition::_drivercontrol()
 .text._ZN3vex11competitionC2Ev
                0x0000000003806944      0x13c /Users/jordan/Library/Application Support/Code/User/globalStorage/vexrobotics.vexcode/sdk/cpp/V5/V5_20240223_11_00_00/vexv5/libv5rt.a(vex_competition.cpp.obj)
                0x0000000003806944                vex::competition::competition()
                0x0000000003806944                vex::competition::competition()
 .text._ZN3vex11competitionD2Ev
                0x0000000003806a80        0x4 /Users/jordan/Library/Application Support/Code/User/globalStorage/vexrobotics.vexcode/sdk/cpp/V5/V5_20240223_11_00_00/vexv5/libv5rt.a(vex_competition.cpp.obj)
                0x0000000003806a80                vex::competition::~competition()
                0x0000000003806a80                vex::competition::~competition()
 .text._ZN3vex11competition10autonomousEPFvvE
                0x0000000003806a84       0x44 /Users/jordan/Library/Application Support/Code/User/globalStorage/vexrobotics.vexcode/sdk/cpp/V5/V5_20240223_11_00_00/vexv5/libv5rt.a(vex_competition.cpp.obj)
                0x0000000003806a84                vex::competition::autonomous(void (*)())
 .text._ZN3vex11competition13drivercontrolEPFvvE
                0x0000000003806ac8       0x44 /Users/jordan/Library/Application Support/Code/User/globalStorage/vexrobotics.vexcode/sdk/cpp/V5/V5_20240223_11_00_00/vexv5/libv5rt.a(vex_competition.cpp.obj)
                0x0000000003806ac8                vex::competition::drivercontrol(void (*)())
 .text._ZN3vex7triportD2Ev
                0x0000000003806b0c       0x38 /Users/jordan/Library/Application Support/Code/User/globalStorage/vexrobotics.vexcode/sdk/cpp/V5/V5_20240223_11_00_00/vexv5/libv5rt.a(vex_triport.cpp.obj)
                0x0000000003806b0c                vex::triport::~triport()
                0x0000000003806b0c                vex::triport::~triport()
 .text._ZN3vex7triportD0Ev
                0x0000000003806b44       0x1c /Users/jordan/Library/Application Support/Code/User/globalStorage/vexrobotics.vexcode/sdk/cpp/V5/V5_20240223_11_00_00/vexv5/libv5rt.a(vex_triport.cpp.obj)
                0x0000000003806b44                vex::triport::~triport()
 .text._ZN3vex7triport9installedEv
                0x0000000003806b60       0x18 /Users/jordan/Library/Application Support/Code/User/globalStorage/vexrobotics.vexcode/sdk/cpp/V5/V5_20240223_11_00_00/vexv5/libv5rt.a(vex_triport.cpp.obj)
                0x0000000003806b60                vex::triport::installed()
 .text._ZN3vex7triport4portC2ElPS0_
                0x0000000003806b78       0x74 /Users/jordan/Library/Application Support/Code/User/globalStorage/vexrobotics.vexcode/sdk/cpp/V5/V5_20240223_11_00_00/vexv5/libv5rt.a(vex_triport.cpp.obj)
                0x0000000003806b78                vex::triport::port::port(long, vex::triport*)
                0x0000000003806b78                vex::triport::port::port(long, vex::triport*)
 .text._ZN3vex7triportC2El
                0x0000000003806bec       0xf0 /Users/jordan/Library/Application Support/Code/User/globalStorage/vexrobotics.vexcode/sdk/cpp/V5/V5_20240223_11_00_00/vexv5/libv5rt.a(vex_triport.cpp.obj)
                0x0000000003806bec                vex::triport::triport(long)
                0x0000000003806bec                vex::triport::triport(long)
 .text._ZN3vex7triport4port4typeENS_11triportTypeE
                0x0000000003806cdc       0x30 /Users/jordan/Library/Application Support/Code/User/globalStorage/vexrobotics.vexcode/sdk/cpp/V5/V5_20240223_11_00_00/vexv5/libv5rt.a(vex_triport.cpp.obj)
                0x0000000003806cdc                vex::triport::port::type(vex::triportType)
 .text._ZN3vex7triport4port4typeEv
                0x0000000003806d0c       0x38 /Users/jordan/Library/Application Support/Code/User/globalStorage/vexrobotics.vexcode/sdk/cpp/V5/V5_20240223_11_00_00/vexv5/libv5rt.a(vex_triport.cpp.obj)
                0x0000000003806d0c                vex::triport::port::type()
 .text._ZN3vex7triport4port5valueEl
                0x0000000003806d44       0x18 /Users/jordan/Library/Application Support/Code/User/globalStorage/vexrobotics.vexcode/sdk/cpp/V5/V5_20240223_11_00_00/vexv5/libv5rt.a(vex_triport.cpp.obj)
                0x0000000003806d44                vex::triport::port::value(long)
 .text._ZN3vex11__trideviceC2ERNS_7triport4portENS_11triportTypeE
                0x0000000003806d5c       0x5c /Users/jordan/Library/Application Support/Code/User/globalStorage/vexrobotics.vexcode/sdk/cpp/V5/V5_20240223_11_00_00/vexv5/libv5rt.a(vex_triport.cpp.obj)
                0x0000000003806d5c                vex::__tridevice::__tridevice(vex::triport::port&, vex::triportType)
                0x0000000003806d5c                vex::__tridevice::__tridevice(vex::triport::port&, vex::triportType)
 .text._ZN3vex11digital_outC2ERNS_7triport4portE
                0x0000000003806db8       0x18 /Users/jordan/Library/Application Support/Code/User/globalStorage/vexrobotics.vexcode/sdk/cpp/V5/V5_20240223_11_00_00/vexv5/libv5rt.a(vex_triport.cpp.obj)
                0x0000000003806db8                vex::digital_out::digital_out(vex::triport::port&)
                0x0000000003806db8                vex::digital_out::digital_out(vex::triport::port&)
 .text._ZN3vex11digital_out3setEb
                0x0000000003806dd0        0x8 /Users/jordan/Library/Application Support/Code/User/globalStorage/vexrobotics.vexcode/sdk/cpp/V5/V5_20240223_11_00_00/vexv5/libv5rt.a(vex_triport.cpp.obj)
                0x0000000003806dd0                vex::digital_out::set(bool)
 .text._ZN3vex10pneumaticsC2ERNS_7triport4portE
                0x0000000003806dd8       0x14 /Users/jordan/Library/Application Support/Code/User/globalStorage/vexrobotics.vexcode/sdk/cpp/V5/V5_20240223_11_00_00/vexv5/libv5rt.a(vex_triport.cpp.obj)
                0x0000000003806dd8                vex::pneumatics::pneumatics(vex::triport::port&)
                0x0000000003806dd8                vex::pneumatics::pneumatics(vex::triport::port&)
 .text._ZN3vex10pneumaticsD2Ev
                0x0000000003806dec        0x4 /Users/jordan/Library/Application Support/Code/User/globalStorage/vexrobotics.vexcode/sdk/cpp/V5/V5_20240223_11_00_00/vexv5/libv5rt.a(vex_triport.cpp.obj)
                0x0000000003806dec                vex::pneumatics::~pneumatics()
                0x0000000003806dec                vex::pneumatics::~pneumatics()
 .text._ZN3vex10pneumatics4openEv
                0x0000000003806df0        0x8 /Users/jordan/Library/Application Support/Code/User/globalStorage/vexrobotics.vexcode/sdk/cpp/V5/V5_20240223_11_00_00/vexv5/libv5rt.a(vex_triport.cpp.obj)
                0x0000000003806df0                vex::pneumatics::open()
 .text._ZN3vex10pneumatics5closeEv
                0x0000000003806df8        0x8 /Users/jordan/Library/Application Support/Code/User/globalStorage/vexrobotics.vexcode/sdk/cpp/V5/V5_20240223_11_00_00/vexv5/libv5rt.a(vex_triport.cpp.obj)
                0x0000000003806df8                vex::pneumatics::close()
 .text._ZN3vex5colorD2Ev
                0x0000000003806e00        0x4 /Users/jordan/Library/Application Support/Code/User/globalStorage/vexrobotics.vexcode/sdk/cpp/V5/V5_20240223_11_00_00/vexv5/libv5rt.a(vex_color.cpp.obj)
                0x0000000003806e00                vex::color::~color()
                0x0000000003806e00                vex::color::~color()
 .text._ZNK3vex5colorcvmEv
                0x0000000003806e04        0x8 /Users/jordan/Library/Application Support/Code/User/globalStorage/vexrobotics.vexcode/sdk/cpp/V5/V5_20240223_11_00_00/vexv5/libv5rt.a(vex_color.cpp.obj)
                0x0000000003806e04                vex::color::operator unsigned long() const
 .text.startup._GLOBAL__sub_I__ZN3vex5color5blackE
                0x0000000003806e0c      0x164 /Users/jordan/Library/Application Support/Code/User/globalStorage/vexrobotics.vexcode/sdk/cpp/V5/V5_20240223_11_00_00/vexv5/libv5rt.a(vex_color.cpp.obj)
 .text._ZN3vex5timerD2Ev
                0x0000000003806f70        0x4 /Users/jordan/Library/Application Support/Code/User/globalStorage/vexrobotics.vexcode/sdk/cpp/V5/V5_20240223_11_00_00/vexv5/libv5rt.a(vex_timer.cpp.obj)
                0x0000000003806f70                vex::timer::~timer()
                0x0000000003806f70                vex::timer::~timer()
 .text._ZN3vex5timer5clearEv
                0x0000000003806f74       0x1c /Users/jordan/Library/Application Support/Code/User/globalStorage/vexrobotics.vexcode/sdk/cpp/V5/V5_20240223_11_00_00/vexv5/libv5rt.a(vex_timer.cpp.obj)
                0x0000000003806f74                vex::timer::clear()
 .text._ZN3vex5timerC2Ev
                0x0000000003806f90       0x14 /Users/jordan/Library/Application Support/Code/User/globalStorage/vexrobotics.vexcode/sdk/cpp/V5/V5_20240223_11_00_00/vexv5/libv5rt.a(vex_timer.cpp.obj)
                0x0000000003806f90                vex::timer::timer()
                0x0000000003806f90                vex::timer::timer()
 .text._ZN3vex11motor_group18motor_group_motorsC2Ev
                0x0000000003806fa4       0x28 /Users/jordan/Library/Application Support/Code/User/globalStorage/vexrobotics.vexcode/sdk/cpp/V5/V5_20240223_11_00_00/vexv5/libv5rt.a(vex_motorgroup.cpp.obj)
                0x0000000003806fa4                vex::motor_group::motor_group_motors::motor_group_motors()
                0x0000000003806fa4                vex::motor_group::motor_group_motors::motor_group_motors()
 .text._ZN3vex11motor_groupC2Ev
                0x0000000003806fcc       0x1c /Users/jordan/Library/Application Support/Code/User/globalStorage/vexrobotics.vexcode/sdk/cpp/V5/V5_20240223_11_00_00/vexv5/libv5rt.a(vex_motorgroup.cpp.obj)
                0x0000000003806fcc                vex::motor_group::motor_group()
                0x0000000003806fcc                vex::motor_group::motor_group()
 .text._ZN3vex11motor_groupD2Ev
                0x0000000003806fe8        0x4 /Users/jordan/Library/Application Support/Code/User/globalStorage/vexrobotics.vexcode/sdk/cpp/V5/V5_20240223_11_00_00/vexv5/libv5rt.a(vex_motorgroup.cpp.obj)
                0x0000000003806fe8                vex::motor_group::~motor_group()
                0x0000000003806fe8                vex::motor_group::~motor_group()
 .text._ZN3vex11motor_group9_addMotorERNS_5motorE
                0x0000000003806fec       0x20 /Users/jordan/Library/Application Support/Code/User/globalStorage/vexrobotics.vexcode/sdk/cpp/V5/V5_20240223_11_00_00/vexv5/libv5rt.a(vex_motorgroup.cpp.obj)
                0x0000000003806fec                vex::motor_group::_addMotor(vex::motor&)
 .text._ZN3vex11motor_group13resetPositionEv
                0x000000000380700c       0x30 /Users/jordan/Library/Application Support/Code/User/globalStorage/vexrobotics.vexcode/sdk/cpp/V5/V5_20240223_11_00_00/vexv5/libv5rt.a(vex_motorgroup.cpp.obj)
                0x000000000380700c                vex::motor_group::resetPosition()
 .text._ZN3vex11motor_group4spinENS_13directionTypeEdNS_12voltageUnitsE
                0x000000000380703c       0x54 /Users/jordan/Library/Application Support/Code/User/globalStorage/vexrobotics.vexcode/sdk/cpp/V5/V5_20240223_11_00_00/vexv5/libv5rt.a(vex_motorgroup.cpp.obj)
                0x000000000380703c                vex::motor_group::spin(vex::directionType, double, vex::voltageUnits)
 .text._ZN3vex11motor_group4stopENS_9brakeTypeE
                0x0000000003807090       0x38 /Users/jordan/Library/Application Support/Code/User/globalStorage/vexrobotics.vexcode/sdk/cpp/V5/V5_20240223_11_00_00/vexv5/libv5rt.a(vex_motorgroup.cpp.obj)
                0x0000000003807090                vex::motor_group::stop(vex::brakeType)
 .text._ZN3vex11motor_group8positionENS_13rotationUnitsE
                0x00000000038070c8        0xc /Users/jordan/Library/Application Support/Code/User/globalStorage/vexrobotics.vexcode/sdk/cpp/V5/V5_20240223_11_00_00/vexv5/libv5rt.a(vex_motorgroup.cpp.obj)
                0x00000000038070c8                vex::motor_group::position(vex::rotationUnits)
 .text.vexAdiPortConfigSet
                0x00000000038070d4       0x28 /Users/jordan/Library/Application Support/Code/User/globalStorage/vexrobotics.vexcode/sdk/cpp/V5/V5_20240223_11_00_00/vexv5/libv5rt.a(v5_apiuser.c.obj)
                0x00000000038070d4                vexAdiPortConfigSet
 .text.vexAdiPortConfigGet
                0x00000000038070fc       0x28 /Users/jordan/Library/Application Support/Code/User/globalStorage/vexrobotics.vexcode/sdk/cpp/V5/V5_20240223_11_00_00/vexv5/libv5rt.a(v5_apiuser.c.obj)
                0x00000000038070fc                vexAdiPortConfigGet
 .text.vexAdiValueSet
                0x0000000003807124       0x28 /Users/jordan/Library/Application Support/Code/User/globalStorage/vexrobotics.vexcode/sdk/cpp/V5/V5_20240223_11_00_00/vexv5/libv5rt.a(v5_apiuser.c.obj)
                0x0000000003807124                vexAdiValueSet
 .text.vexMotorVelocitySet
                0x000000000380714c       0x20 /Users/jordan/Library/Application Support/Code/User/globalStorage/vexrobotics.vexcode/sdk/cpp/V5/V5_20240223_11_00_00/vexv5/libv5rt.a(v5_apiuser.c.obj)
                0x000000000380714c                vexMotorVelocitySet
 .text.vexMotorVoltageSet
                0x000000000380716c       0x20 /Users/jordan/Library/Application Support/Code/User/globalStorage/vexrobotics.vexcode/sdk/cpp/V5/V5_20240223_11_00_00/vexv5/libv5rt.a(v5_apiuser.c.obj)
                0x000000000380716c                vexMotorVoltageSet
 .text.vexMotorActualVelocityGet
                0x000000000380718c       0x24 /Users/jordan/Library/Application Support/Code/User/globalStorage/vexrobotics.vexcode/sdk/cpp/V5/V5_20240223_11_00_00/vexv5/libv5rt.a(v5_apiuser.c.obj)
                0x000000000380718c                vexMotorActualVelocityGet
 .text.vexMotorTemperatureGet
                0x00000000038071b0       0x24 /Users/jordan/Library/Application Support/Code/User/globalStorage/vexrobotics.vexcode/sdk/cpp/V5/V5_20240223_11_00_00/vexv5/libv5rt.a(v5_apiuser.c.obj)