Archive member included to satisfy reference by file (symbol)

/Users/jordan/Library/Application Support/Code/User/globalStorage/vexrobotics.vexcode/sdk/cpp/V5/V5_20240223_11_00_00/vexv5/libv5rt.a(v5_startup.c.obj)
                              (vexStartup)
/Users/jordan/Library/Application Support/Code/User/globalStorage/vexrobotics.vexcode/sdk/cpp/V5/V5_20240223_11_00_00/vexv5/libv5rt.a(v5_util.c.obj)
                              /Users/jordan/Library/Application Support/Code/User/globalStorage/vexrobotics.vexcode/sdk/cpp/V5/V5_20240223_11_00_00/vexv5/libv5rt.a(v5_startup.c.obj) (vexStdlibVersionLinked)
/Users/jordan/Library/Application Support/Code/User/globalStorage/vexrobotics.vexcode/sdk/cpp/V5/V5_20240223_11_00_00/vexv5/libv5rt.a(v5_apijump.c.obj)
                              /Users/jordan/Library/Application Support/Code/User/globalStorage/vexrobotics.vexcode/sdk/cpp/V5/V5_20240223_11_00_00/vexv5/libv5rt.a(v5_startup.c.obj) (vexPrivateApiEnable)
/Users/jordan/Library/Application Support/Code/User/globalStorage/vexrobotics.vexcode/sdk/cpp/V5/V5_20240223_11_00_00/vexv5/libv5rt.a(v5_apiversions.c.obj)
                              /Users/jordan/Library/Application Support/Code/User/globalStorage/vexrobotics.vexcode/sdk/cpp/V5/V5_20240223_11_00_00/vexv5/libv5rt.a(v5_apijump.c.obj) (vexSystemVersion)
/Users/jordan/Library/Application Support/Code/User/globalStorage/vexrobotics.vexcode/sdk/cpp/V5/V5_20240223_11_00_00/vexv5/libv5rt.a(vex_global.cpp.obj)
                              build/src/main.o (vex::wait(double, vex::timeUnits))
/Users/jordan/Library/Application Support/Code/User/globalStorage/vexrobotics.vexcode/sdk/cpp/V5/V5_20240223_11_00_00/vexv5/libv5rt.a(vex_motor.cpp.obj)
                              build/src/main.o (vex::motor::~motor())
/Users/jordan/Library/Application Support/Code/User/globalStorage/vexrobotics.vexcode/sdk/cpp/V5/V5_20240223_11_00_00/vexv5/libv5rt.a(vex_imu.cpp.obj)
                              build/src/main.o (vex::inertial::setRotation(double, vex::rotationUnits))
/Users/jordan/Library/Application Support/Code/User/globalStorage/vexrobotics.vexcode/sdk/cpp/V5/V5_20240223_11_00_00/vexv5/libv5rt.a(vex_rotation.cpp.obj)
                              build/src/main.o (vex::rotation::~rotation())
/Users/jordan/Library/Application Support/Code/User/globalStorage/vexrobotics.vexcode/sdk/cpp/V5/V5_20240223_11_00_00/vexv5/libv5rt.a(vex_optical.cpp.obj)
                              build/src/main.o (vex::optical::~optical())
/Users/jordan/Library/Application Support/Code/User/globalStorage/vexrobotics.vexcode/sdk/cpp/V5/V5_20240223_11_00_00/vexv5/libv5rt.a(vex_controller.cpp.obj)
                              build/src/main.o (vex::controller::~controller())
/Users/jordan/Library/Application Support/Code/User/globalStorage/vexrobotics.vexcode/sdk/cpp/V5/V5_20240223_11_00_00/vexv5/libv5rt.a(vex_task.cpp.obj)
                              build/src/main.o (vex::task::task(int (*)(void*), void*))
/Users/jordan/Library/Application Support/Code/User/globalStorage/vexrobotics.vexcode/sdk/cpp/V5/V5_20240223_11_00_00/vexv5/libv5rt.a(vex_thread.cpp.obj)
                              /Users/jordan/Library/Application Support/Code/User/globalStorage/vexrobotics.vexcode/sdk/cpp/V5/V5_20240223_11_00_00/vexv5/libv5rt.a(vex_global.cpp.obj) (vex::this_thread::sleep_for(unsigned long))
/Users/jordan/Library/Application Support/Code/User/globalStorage/vexrobotics.vexcode/sdk/cpp/V5/V5_20240223_11_00_00/vexv5/libv5rt.a(vex_event.cpp.obj)
                              /Users/jordan/Library/Application Support/Code/User/globalStorage/vexrobotics.vexcode/sdk/cpp/V5/V5_20240223_11_00_00/vexv5/libv5rt.a(vex_imu.cpp.obj) (vex::event::init(unsigned long, unsigned long, void (*)()))
/Users/jordan/Library/Application Support/Code/User/globalStorage/vexrobotics.vexcode/sdk/cpp/V5/V5_20240223_11_00_00/vexv5/libv5rt.a(vex_mevent.cpp.obj)
                              /Users/jordan/Library/Application Support/Code/User/globalStorage/vexrobotics.vexcode/sdk/cpp/V5/V5_20240223_11_00_00/vexv5/libv5rt.a(vex_controller.cpp.obj) (vex::mevent::mevent(unsigned long, unsigned long))
/Users/jordan/Library/Application Support/Code/User/globalStorage/vexrobotics.vexcode/sdk/cpp/V5/V5_20240223_11_00_00/vexv5/libv5rt.a(vex_brain.cpp.obj)
                              build/src/main.o (vex::brain::brain())
/Users/jordan/Library/Application Support/Code/User/globalStorage/vexrobotics.vexcode/sdk/cpp/V5/V5_20240223_11_00_00/vexv5/libv5rt.a(vex_competition.cpp.obj)
                              build/src/main.o (vex::competition::competition())
/Users/jordan/Library/Application Support/Code/User/globalStorage/vexrobotics.vexcode/sdk/cpp/V5/V5_20240223_11_00_00/vexv5/libv5rt.a(vex_triport.cpp.obj)
                              /Users/jordan/Library/Application Support/Code/User/globalStorage/vexrobotics.vexcode/sdk/cpp/V5/V5_20240223_11_00_00/vexv5/libv5rt.a(vex_brain.cpp.obj) (vex::triport::~triport())
[...]
Memory Configuration

Name             Origin             Length             Attributes
ps7_ddr_0_S_AXI_BASEADDR 0x0000000003800000 0x0000000004800000
*default*        0x0000000000000000 0xffffffffffffffff

Linker script and memory map

                0x0000000000002000                _STACK_SIZE = DEFINED (_STACK_SIZE)?_STACK_SIZE:0x2000
                0x0000000000100000                _HEAP_SIZE = DEFINED (_HEAP_SIZE)?_HEAP_SIZE:0x100000
                0x0000000000000400                _ABORT_STACK_SIZE = DEFINED (_ABORT_STACK_SIZE)?_ABORT_STACK_SIZE:0x400
                0x0000000000000800                _SUPERVISOR_STACK_SIZE = DEFINED (_SUPERVISOR_STACK_SIZE)?_SUPERVISOR_STACK_SIZE:0x800
                0x0000000000000400                _IRQ_STACK_SIZE = DEFINED (_IRQ_STACK_SIZE)?_IRQ_STACK_SIZE:0x400
                0x0000000000000400                _FIQ_STACK_SIZE = DEFINED (_FIQ_STACK_SIZE)?_FIQ_STACK_SIZE:0x400
                0x0000000000000400                _UNDEF_STACK_SIZE = DEFINED (_UNDEF_STACK_SIZE)?_UNDEF_STACK_SIZE:0x400

.text           0x0000000003800000     0xe538
 *(.vectors)
 *(.boot_data)
 .boot_data     0x0000000003800000       0x20 /Users/jordan/Library/Application Support/Code/User/globalStorage/vexrobotics.vexcode/sdk/cpp/V5/V5_20240223_11_00_00/vexv5/libv5rt.a(v5_startup.c.obj)
                0x0000000003800000                vexCodeSig
                0x0000000000000020                . = 0x20
 *(.boot)
 .boot          0x0000000003800020       0xbc /Users/jordan/Library/Application Support/Code/User/globalStorage/vexrobotics.vexcode/sdk/cpp/V5/V5_20240223_11_00_00/vexv5/libv5rt.a(v5_startup.c.obj)
                0x0000000003800020                vexStartup
                0x0000000003800100                . = ALIGN (0x40)
 *fill*         0x00000000038000dc       0x24 
 *(.freertos_vectors)
 *(.text)
 *(.text.*)
 .text._ZN3vex11motor_groupC2IJNS_5motorES2_EEERS2_DpRT_
                0x0000000003800100       0x44 build/src/main.o
                0x0000000003800100                vex::motor_group::motor_group<vex::motor, vex::motor>(vex::motor&, vex::motor&, vex::motor&)
 .text._ZN6Bucees13TrackingWheelD2Ev
                0x0000000003800144       0x1c build/src/main.o
                0x0000000003800144                Bucees::TrackingWheel::~TrackingWheel()
 .text._ZN6Bucees5RobotD2Ev
                0x0000000003800160       0x24 build/src/main.o
                0x0000000003800160                Bucees::Robot::~Robot()
 *fill*         0x0000000003800184        0x4 
 .text._Z11toggleMogoFv
                0x0000000003800188       0xb0 build/src/main.o
                0x0000000003800188                toggleMogoF()
 .text._Z17toggleIntakeLiftFv
                0x0000000003800238       0xa0 build/src/main.o
                0x0000000003800238                toggleIntakeLiftF()
 .text._Z12fishMechLoopdN3vex13directionTypeE
                0x00000000038002d8      0x190 build/src/main.o
                0x00000000038002d8                fishMechLoop(double, vex::directionType)
 .text._Z13resetFishMechv
                0x0000000003800468       0xdc build/src/main.o
                0x0000000003800468                resetFishMech()
 .text._Z15detectFishLimitv
                0x0000000003800544       0xd8 build/src/main.o
                0x0000000003800544                detectFishLimit()
 .text._Z10objectLostv
                0x000000000380061c       0x14 build/src/main.o
                0x000000000380061c                objectLost()
 .text._Z14detectedObjectv
                0x0000000003800630       0xcc build/src/main.o
                0x0000000003800630                detectedObject()
 .text._Z14intakeHardStopv
                0x00000000038006fc       0xfc build/src/main.o
                0x00000000038006fc                intakeHardStop()
 .text._Z10detectModev
                0x00000000038007f8       0x90 build/src/main.o
                0x00000000038007f8                detectMode()
 .text._Z18toggleLiftRatchetFv
                0x0000000003800888       0xa0 build/src/main.o
                0x0000000003800888                toggleLiftRatchetF()
 .text._Z15toggleExtenderFv
                0x0000000003800928       0xa0 build/src/main.o
                0x0000000003800928                toggleExtenderF()
 .text.__cxx_global_array_dtor
                0x00000000038009c8       0x34 build/src/main.o
 .text._Z13autonSelectorv
                0x00000000038009fc       0xbc build/src/main.o
                0x00000000038009fc                autonSelector()
 .text._ZN11autonButton6renderEv
                0x0000000003800ab8       0x6c build/src/main.o
                0x0000000003800ab8                autonButton::render()
 .text._ZN11autonButton11detectClickEv
                0x0000000003800b24      0x164 build/src/main.o
                0x0000000003800b24                autonButton::detectClick()
 .text._Z9pre_autonv
                0x0000000003800c88      0x1b8 build/src/main.o
                0x0000000003800c88                pre_auton()
 .text._Z16printCoordinatesb
                0x0000000003800e40       0x5c build/src/main.o
                0x0000000003800e40                printCoordinates(bool)
 .text._Z14macroDisrupterv
                0x0000000003800e9c       0x14 build/src/main.o
                0x0000000003800e9c                macroDisrupter()
 .text._Z12setBrakeTypeN3vex9brakeTypeE
                0x0000000003800eb0       0x70 build/src/main.o
                0x0000000003800eb0                setBrakeType(vex::brakeType)
 .text._Z6skillsv
                0x0000000003800f20     0x1964 build/src/main.o
                0x0000000003800f20                skills()
 *fill*         0x0000000003802884        0x4 
 .text._Z10newBlueOppv
                0x0000000003802888      0x8d0 build/src/main.o
                0x0000000003802888                newBlueOpp()
 .text._Z9newRedOppv
                0x0000000003803158      0x8c0 build/src/main.o
                0x0000000003803158                newRedOpp()
 .text._Z7newBAWPv
                0x0000000003803a18      0x9c8 build/src/main.o
                0x0000000003803a18                newBAWP()
 .text._Z8testRAWPv
                0x00000000038043e0      0x8c0 build/src/main.o
                0x00000000038043e0                testRAWP()
 .text._Z10autonomousv
                0x0000000003804ca0       0x54 build/src/main.o
                0x0000000003804ca0                autonomous()
 *fill*         0x0000000003804cf4        0x4 
 .text._Z11usercontrolv
                0x0000000003804cf8      0x518 build/src/main.o
                0x0000000003804cf8                usercontrol()
 .text.main     0x0000000003805210       0x68 build/src/main.o
                0x0000000003805210                main
 .text._ZZ11launch_taskIZ9pre_autonvE3$_0EN3vex4taskEOT_ENUlPvE_8__invokeES5_
                0x0000000003805278       0x54 build/src/main.o
 .text._ZNSt17_Function_handlerIFvvEZ9pre_autonvE3$_0E9_M_invokeERKSt9_Any_data
                0x00000000038052cc        0xc build/src/main.o
 .text._ZNSt14_Function_base13_Base_managerIZ9pre_autonvE3$_0E10_M_managerERSt9_Any_dataRKS3_St18_Manager_operation
                0x00000000038052d8       0x54 build/src/main.o
 .text._ZZ9pre_autonvENK3$_0clEv
                0x000000000380532c        0xc build/src/main.o
 .text._ZZ11launch_taskIZ6skillsvE3$_1EN3vex4taskEOT_ENUlPvE_8__invokeES5_
                0x0000000003805338       0x54 build/src/main.o
 .text._ZNSt17_Function_handlerIFvvEZ6skillsvE3$_1E9_M_invokeERKSt9_Any_data
                0x000000000380538c        0xc build/src/main.o
 .text._ZNSt14_Function_base13_Base_managerIZ6skillsvE3$_1E10_M_managerERSt9_Any_dataRKS3_St18_Manager_operation
                0x0000000003805398       0x54 build/src/main.o
 .text._ZZ6skillsvENK3$_1clEv
                0x00000000038053ec        0xc build/src/main.o
 .text._ZZ11launch_taskIZ6skillsvE3$_2EN3vex4taskEOT_ENUlPvE_8__invokeES5_
                0x00000000038053f8       0x54 build/src/main.o
 .text._ZNSt17_Function_handlerIFvvEZ6skillsvE3$_2E9_M_invokeERKSt9_Any_data
                0x000000000380544c       0x48 build/src/main.o
 .text._ZNSt14_Function_base13_Base_managerIZ6skillsvE3$_2E10_M_managerERSt9_Any_dataRKS3_St18_Manager_operation
                0x0000000003805494       0x54 build/src/main.o
 .text._ZZ11launch_taskIZ10newBlueOppvE3$_3EN3vex4taskEOT_ENUlPvE_8__invokeES5_
                0x00000000038054e8       0x54 build/src/main.o
 .text._ZNSt17_Function_handlerIFvvEZ10newBlueOppvE3$_3E9_M_invokeERKSt9_Any_data
                0x000000000380553c       0x54 build/src/main.o
 .text._ZNSt14_Function_base13_Base_managerIZ10newBlueOppvE3$_3E10_M_managerERSt9_Any_dataRKS3_St18_Manager_operation
                0x0000000003805590       0x54 build/src/main.o
 .text._ZZ11launch_taskIZ10newBlueOppvE3$_4EN3vex4taskEOT_ENUlPvE_8__invokeES5_
                0x00000000038055e4       0x54 build/src/main.o
 .text._ZNSt17_Function_handlerIFvvEZ10newBlueOppvE3$_4E9_M_invokeERKSt9_Any_data
                0x0000000003805638       0x20 build/src/main.o
 .text._ZNSt14_Function_base13_Base_managerIZ10newBlueOppvE3$_4E10_M_managerERSt9_Any_dataRKS3_St18_Manager_operation
                0x0000000003805658       0x54 build/src/main.o
 .text._ZZ11launch_taskIZ9newRedOppvE3$_5EN3vex4taskEOT_ENUlPvE_8__invokeES5_
                0x00000000038056ac       0x54 build/src/main.o
 .text._ZNSt17_Function_handlerIFvvEZ9newRedOppvE3$_5E9_M_invokeERKSt9_Any_data
                0x0000000003805700       0x54 build/src/main.o
 .text._ZNSt14_Function_base13_Base_managerIZ9newRedOppvE3$_5E10_M_managerERSt9_Any_dataRKS3_St18_Manager_operation
                0x0000000003805754       0x54 build/src/main.o
 .text._ZZ11launch_taskIZ9newRedOppvE3$_6EN3vex4taskEOT_ENUlPvE_8__invokeES5_
                0x00000000038057a8       0x54 build/src/main.o
 *fill*         0x00000000038057fc        0x4 
 .text._ZNSt17_Function_handlerIFvvEZ9newRedOppvE3$_6E9_M_invokeERKSt9_Any_data
                0x0000000003805800       0x20 build/src/main.o
 .text._ZNSt14_Function_base13_Base_managerIZ9newRedOppvE3$_6E10_M_managerERSt9_Any_dataRKS3_St18_Manager_operation
                0x0000000003805820       0x54 build/src/main.o
 .text._ZZ11launch_taskIZ7newBAWPvE3$_7EN3vex4taskEOT_ENUlPvE_8__invokeES5_
                0x0000000003805874       0x54 build/src/main.o
 .text._ZNSt17_Function_handlerIFvvEZ7newBAWPvE3$_7E9_M_invokeERKSt9_Any_data
                0x00000000038058c8       0x50 build/src/main.o
 .text._ZNSt14_Function_base13_Base_managerIZ7newBAWPvE3$_7E10_M_managerERSt9_Any_dataRKS3_St18_Manager_operation
                0x0000000003805918       0x54 build/src/main.o
 .text._ZZ11launch_taskIZ8testRAWPvE3$_8EN3vex4taskEOT_ENUlPvE_8__invokeES5_
                0x000000000380596c       0x54 build/src/main.o
 .text._ZNSt17_Function_handlerIFvvEZ8testRAWPvE3$_8E9_M_invokeERKSt9_Any_data
                0x00000000038059c0       0x50 build/src/main.o
 .text._ZNSt14_Function_base13_Base_managerIZ8testRAWPvE3$_8E10_M_managerERSt9_Any_dataRKS3_St18_Manager_operation
                0x0000000003805a10       0x54 build/src/main.o
 .text._ZZ11launch_taskIZ11usercontrolvE3$_9EN3vex4taskEOT_ENUlPvE_8__invokeES5_
                0x0000000003805a64       0x54 build/src/main.o
 .text._ZNSt17_Function_handlerIFvvEZ11usercontrolvE3$_9E9_M_invokeERKSt9_Any_data
                0x0000000003805ab8        0xc build/src/main.o
 .text._ZNSt14_Function_base13_Base_managerIZ11usercontrolvE3$_9E10_M_managerERSt9_Any_dataRKS3_St18_Manager_operation
                0x0000000003805ac4       0x54 build/src/main.o
 .text._ZZ11usercontrolvENK3$_9clEv
                0x0000000003805b18        0xc build/src/main.o
 .text._ZZ11launch_taskIZ11usercontrolvE4$_10EN3vex4taskEOT_ENUlPvE_8__invokeES5_
                0x0000000003805b24       0x54 build/src/main.o
 .text._ZNSt17_Function_handlerIFvvEZ11usercontrolvE4$_10E9_M_invokeERKSt9_Any_data
                0x0000000003805b78        0xc build/src/main.o
 .text._ZNSt14_Function_base13_Base_managerIZ11usercontrolvE4$_10E10_M_managerERSt9_Any_dataRKS3_St18_Manager_operation
                0x0000000003805b84       0x54 build/src/main.o
 .text._ZZ11usercontrolvENK4$_10clEv
                0x0000000003805bd8        0xc build/src/main.o
 *fill*         0x0000000003805be4        0x4 
 .text._GLOBAL__sub_I_main.cpp
                0x0000000003805be8      0xa40 build/src/main.o
 .text._ZN8Odometry14updatePositionEN6Bucees11CoordinatesEfffb
                0x0000000003806628      0x10c build/src/main/odometry.o
                0x0000000003806628                Odometry::updatePosition(Bucees::Coordinates, float, float, float, bool)
 .text._ZN8Odometry13resetOdometryEv
                0x0000000003806734       0x14 build/src/main/odometry.o
                0x0000000003806734                Odometry::resetOdometry()
 .text._ZN8Odometry11setOdometryEff
                0x0000000003806748        0x8 build/src/main/odometry.o
                0x0000000003806748                Odometry::setOdometry(float, float)
 .text._GLOBAL__sub_I_odometry.cpp
                0x0000000003806750       0x34 build/src/main/odometry.o
 .text._ZN6Bucees15FAPIDControllerC2ENS_11PIDSettingsE
                0x0000000003806784       0x4c build/src/main/pid.o
                0x0000000003806784                Bucees::FAPIDController::FAPIDController(Bucees::PIDSettings)
                0x0000000003806784                Bucees::FAPIDController::FAPIDController(Bucees::PIDSettings)
 .text._ZN6Bucees15FAPIDController19calculateMotorPowerEf
                0x00000000038067d0      0x144 build/src/main/pid.o
                0x00000000038067d0                Bucees::FAPIDController::calculateMotorPower(float)
 .text._ZN6Bucees15FAPIDController9isSettledEv
                0x0000000003806914      0x194 build/src/main/pid.o
                0x0000000003806914                Bucees::FAPIDController::isSettled()
 .text._ZN6Bucees15FAPIDController5resetEv
                0x0000000003806aa8       0x1c build/src/main/pid.o
                0x0000000003806aa8                Bucees::FAPIDController::reset()
 .text._ZN6Bucees15FAPIDController14setMaxVoltagesEf
                0x0000000003806ac4        0x8 build/src/main/pid.o
                0x0000000003806ac4                Bucees::FAPIDController::setMaxVoltages(float)
 .text._ZN6Bucees15FAPIDController14setTimeoutTimeEf
                0x0000000003806acc        0x8 build/src/main/pid.o
                0x0000000003806acc                Bucees::FAPIDController::setTimeoutTime(float)
 .text._ZN6Bucees15FAPIDController8setGainsENS_11PIDSettingsE
                0x0000000003806ad4       0x1c build/src/main/pid.o
                0x0000000003806ad4                Bucees::FAPIDController::setGains(Bucees::PIDSettings)
 .text._GLOBAL__sub_I_pid.cpp
                0x0000000003806af0       0x34 build/src/main/pid.o
 .text._GLOBAL__sub_I_purepursuit.cpp
                0x0000000003806b24       0x34 build/src/main/purepursuit.o
 .text._ZN6Bucees5RobotC2EfffPN3vex11motor_groupES3_lPNS_13TrackingWheelES5_PNS_15FAPIDControllerES7_S7_
                0x0000000003806b58      0x1d4 build/src/main/robot.o
                0x0000000003806b58                Bucees::Robot::Robot(float, float, float, vex::motor_group*, vex::motor_group*, long, Bucees::TrackingWheel*, Bucees::TrackingWheel*, Bucees::FAPIDController*, Bucees::FAPIDController*, Bucees::FAPIDController*)
                0x0000000003806b58                Bucees::Robot::Robot(float, float, float, vex::motor_group*, vex::motor_group*, long, Bucees::TrackingWheel*, Bucees::TrackingWheel*, Bucees::FAPIDController*, Bucees::FAPIDController*, Bucees::FAPIDController*)
 .text._ZN6Bucees5Robot8initOdomEv
                0x0000000003806d2c       0xd4 build/src/main/robot.o
                0x0000000003806d2c                Bucees::Robot::initOdom()
 .text._ZN6Bucees5Robot19setRobotCoordinatesENS_11CoordinatesE
                0x0000000003806e00       0xc4 build/src/main/robot.o
                0x0000000003806e00                Bucees::Robot::setRobotCoordinates(Bucees::Coordinates)
 .text._ZN6Bucees5Robot19getRobotCoordinatesEbb
                0x0000000003806ec4       0x7c build/src/main/robot.o
                0x0000000003806ec4                Bucees::Robot::getRobotCoordinates(bool, bool)
 .text._ZN6Bucees5Robot8DriveForEfNS_11PIDSettingsEbfb
                0x0000000003806f40      0x4a4 build/src/main/robot.o
                0x0000000003806f40                Bucees::Robot::DriveFor(float, Bucees::PIDSettings, bool, float, bool)
 .text._ZN6Bucees5Robot7TurnForEfNS_11PIDSettingsEfb
                0x00000000038073e4      0x27c build/src/main/robot.o
                0x00000000038073e4                Bucees::Robot::TurnFor(float, Bucees::PIDSettings, float, bool)
 .text._ZN6Bucees5Robot12DriveToPointEffNS_11PIDSettingsES1_fbbf
                0x0000000003807660      0x624 build/src/main/robot.o
                0x0000000003807660                Bucees::Robot::DriveToPoint(float, float, Bucees::PIDSettings, Bucees::PIDSettings, float, bool, bool, float)
 .text._ZZ11launch_taskIZN6Bucees5Robot8initOdomEvE3$_0EN3vex4taskEOT_ENUlPvE_8__invokeES7_
                0x0000000003807c84       0x54 build/src/main/robot.o
 .text._ZNSt17_Function_handlerIFvvEZN6Bucees5Robot8initOdomEvE3$_0E9_M_invokeERKSt9_Any_data
                0x0000000003807cd8       0x10 build/src/main/robot.o
 .text._ZNSt14_Function_base13_Base_managerIZN6Bucees5Robot8initOdomEvE3$_0E10_M_managerERSt9_Any_dataRKS5_St18_Manager_operation
                0x0000000003807ce8       0x64 build/src/main/robot.o
 .text._ZZN6Bucees5Robot8initOdomEvENK3$_0clEv
                0x0000000003807d4c      0x190 build/src/main/robot.o
 .text._ZZ11launch_taskIZN6Bucees5Robot8DriveForEfNS0_11PIDSettingsEbfbE3$_1EN3vex4taskEOT_ENUlPvE_8__invokeES8_
                0x0000000003807edc       0x54 build/src/main/robot.o
 .text._ZNSt17_Function_handlerIFvvEZN6Bucees5Robot8DriveForEfNS1_11PIDSettingsEbfbE3$_1E9_M_invokeERKSt9_Any_data
                0x0000000003807f30       0x6c build/src/main/robot.o
 .text._ZNSt14_Function_base13_Base_managerIZN6Bucees5Robot8DriveForEfNS1_11PIDSettingsEbfbE3$_1E10_M_managerERSt9_Any_dataRKS6_St18_Manager_operation
                0x0000000003807f9c       0x70 build/src/main/robot.o
 .text._ZZ11launch_taskIZN6Bucees5Robot7TurnForEfNS0_11PIDSettingsEfbE3$_2EN3vex4taskEOT_ENUlPvE_8__invokeES8_
                0x000000000380800c       0x54 build/src/main/robot.o
 .text._ZNSt17_Function_handlerIFvvEZN6Bucees5Robot7TurnForEfNS1_11PIDSettingsEfbE3$_2E9_M_invokeERKSt9_Any_data
                0x0000000003808060       0x5c build/src/main/robot.o
 .text._ZNSt14_Function_base13_Base_managerIZN6Bucees5Robot7TurnForEfNS1_11PIDSettingsEfbE3$_2E10_M_managerERSt9_Any_dataRKS6_St18_Manager_operation
                0x00000000038080bc       0x64 build/src/main/robot.o
 .text._ZZ11launch_taskIZN6Bucees5Robot12DriveToPointEffNS0_11PIDSettingsES2_fbbfE3$_5EN3vex4taskEOT_ENUlPvE_8__invokeES8_
                0x0000000003808120       0x54 build/src/main/robot.o
 .text._ZNSt17_Function_handlerIFvvEZN6Bucees5Robot12DriveToPointEffNS1_11PIDSettingsES3_fbbfE3$_5E9_M_invokeERKSt9_Any_data
                0x0000000003808174      0x11c build/src/main/robot.o
 .text._ZNSt14_Function_base13_Base_managerIZN6Bucees5Robot12DriveToPointEffNS1_11PIDSettingsES3_fbbfE3$_5E10_M_managerERSt9_Any_dataRKS6_St18_Manager_operation
                0x0000000003808290       0x74 build/src/main/robot.o
 .text._GLOBAL__sub_I_robot.cpp
                0x0000000003808304       0x34 build/src/main/robot.o
 .text._ZN6Bucees11CoordinatesC2Efff
                0x0000000003808338        0x8 build/src/utility/coordinates.o
                0x0000000003808338                Bucees::Coordinates::Coordinates(float, float, float)
                0x0000000003808338                Bucees::Coordinates::Coordinates(float, float, float)
 .text._ZN6Bucees11Coordinates8distanceES0_
                0x0000000003808340       0x24 build/src/utility/coordinates.o
                0x0000000003808340                Bucees::Coordinates::distance(Bucees::Coordinates)
 .text._ZN6Bucees11Coordinates5angleES0_
                0x0000000003808364       0x24 build/src/utility/coordinates.o
                0x0000000003808364                Bucees::Coordinates::angle(Bucees::Coordinates)
 .text._GLOBAL__sub_I_coordinates.cpp
                0x0000000003808388       0x34 build/src/utility/coordinates.o
 .text._ZN6Bucees13TrackingWheelC2EPN3vex11motor_groupEfff
                0x00000000038083bc       0xd0 build/src/utility/trackingWheel.o
                0x00000000038083bc                Bucees::TrackingWheel::TrackingWheel(vex::motor_group*, float, float, float)
                0x00000000038083bc                Bucees::TrackingWheel::TrackingWheel(vex::motor_group*, float, float, float)
 .text._ZN6Bucees13TrackingWheelC2Elbfff
                0x000000000380848c      0x154 build/src/utility/trackingWheel.o
                0x000000000380848c                Bucees::TrackingWheel::TrackingWheel(long, bool, float, float, float)
                0x000000000380848c                Bucees::TrackingWheel::TrackingWheel(long, bool, float, float, float)
 .text._ZN6Bucees13TrackingWheel13resetEncodersEv
                0x00000000038085e0       0xb8 build/src/utility/trackingWheel.o
                0x00000000038085e0                Bucees::TrackingWheel::resetEncoders()
 .text._ZN6Bucees13TrackingWheel9getOffsetEv
                0x0000000003808698        0x8 build/src/utility/trackingWheel.o
                0x0000000003808698                Bucees::TrackingWheel::getOffset()
 .text._ZN6Bucees13TrackingWheel19getDistanceTraveledEv
                0x00000000038086a0       0x64 build/src/utility/trackingWheel.o
                0x00000000038086a0                Bucees::TrackingWheel::getDistanceTraveled()
 .text._GLOBAL__sub_I_trackingWheel.cpp
                0x0000000003808704       0x34 build/src/utility/trackingWheel.o
 .text._Z3sgnf  0x0000000003808738       0x18 build/src/utility/util.o
                0x0000000003808738                sgn(float)
 .text._Z15to_wheel_travelfff
                0x0000000003808750       0x50 build/src/utility/util.o
                0x0000000003808750                to_wheel_travel(float, float, float)
 .text._Z4slewfff
                0x00000000038087a0       0x4c build/src/utility/util.o
                0x00000000038087a0                slew(float, float, float)
 *fill*         0x00000000038087ec        0x4 
 .text._Z6to_radf
                0x00000000038087f0       0x28 build/src/utility/util.o
                0x00000000038087f0                to_rad(float)
 .text._Z6to_degf
                0x0000000003808818       0x28 build/src/utility/util.o
                0x0000000003808818                to_deg(float)
 .text._Z13findCurvatureN6Bucees11CoordinatesES0_f
                0x0000000003808840       0xec build/src/utility/util.o
                0x0000000003808840                findCurvature(Bucees::Coordinates, Bucees::Coordinates, float)
 .text._GLOBAL__sub_I_util.cpp
                0x000000000380892c       0x34 build/src/utility/util.o
 .text.vexMain  0x0000000003808960       0xb0 /Users/jordan/Library/Application Support/Code/User/globalStorage/vexrobotics.vexcode/sdk/cpp/V5/V5_20240223_11_00_00/vexv5/libv5rt.a(v5_startup.c.obj)
                0x0000000003808960                vexMain
 .text.__vex_function_prolog
                0x0000000003808a10       0x18 /Users/jordan/Library/Application Support/Code/User/globalStorage/vexrobotics.vexcode/sdk/cpp/V5/V5_20240223_11_00_00/vexv5/libv5rt.a(v5_startup.c.obj)
                0x0000000003808a10                __vex_function_prolog
 .text._init    0x0000000003808a28        0x4 /Users/jordan/Library/Application Support/Code/User/globalStorage/vexrobotics.vexcode/sdk/cpp/V5/V5_20240223_11_00_00/vexv5/libv5rt.a(v5_startup.c.obj)
                0x0000000003808a28                _init
 .text._fini    0x0000000003808a2c        0x4 /Users/jordan/Library/Application Support/Code/User/globalStorage/vexrobotics.vexcode/sdk/cpp/V5/V5_20240223_11_00_00/vexv5/libv5rt.a(v5_startup.c.obj)
                0x0000000003808a2c                _fini
 .text.vexStdlibVersionLinked
                0x0000000003808a30        0xc /Users/jordan/Library/Application Support/Code/User/globalStorage/vexrobotics.vexcode/sdk/cpp/V5/V5_20240223_11_00_00/vexv5/libv5rt.a(v5_util.c.obj)
                0x0000000003808a30                vexStdlibVersionLinked
 .text.vexStdlibVersionVerify
                0x0000000003808a3c       0x30 /Users/jordan/Library/Application Support/Code/User/globalStorage/vexrobotics.vexcode/sdk/cpp/V5/V5_20240223_11_00_00/vexv5/libv5rt.a(v5_util.c.obj)
                0x0000000003808a3c                vexStdlibVersionVerify
 .text.vexPrivateApiEnable
                0x0000000003808a6c       0x10 /Users/jordan/Library/Application Support/Code/User/globalStorage/vexrobotics.vexcode/sdk/cpp/V5/V5_20240223_11_00_00/vexv5/libv5rt.a(v5_apijump.c.obj)
                0x0000000003808a6c                vexPrivateApiEnable
 .text.vexStdlibMismatchError
                0x0000000003808a7c       0x3c /Users/jordan/Library/Application Support/Code/User/globalStorage/vexrobotics.vexcode/sdk/cpp/V5/V5_20240223_11_00_00/vexv5/libv5rt.a(v5_apijump.c.obj)
                0x0000000003808a7c                vexStdlibMismatchError
 .text.vexScratchMemoryPtr
                0x0000000003808ab8       0x30 /Users/jordan/Library/Application Support/Code/User/globalStorage/vexrobotics.vexcode/sdk/cpp/V5/V5_20240223_11_00_00/vexv5/libv5rt.a(v5_apijump.c.obj)
                0x0000000003808ab8                vexScratchMemoryPtr
 .text.vexTaskAdd
                0x0000000003808ae8       0x10 /Users/jordan/Library/Application Support/Code/User/globalStorage/vexrobotics.vexcode/sdk/cpp/V5/V5_20240223_11_00_00/vexv5/libv5rt.a(v5_apijump.c.obj)
                0x0000000003808ae8                vexTaskAdd
 .text.vexTasksRun
                0x0000000003808af8       0x10 /Users/jordan/Library/Application Support/Code/User/globalStorage/vexrobotics.vexcode/sdk/cpp/V5/V5_20240223_11_00_00/vexv5/libv5rt.a(v5_apijump.c.obj)
                0x0000000003808af8                vexTasksRun
 .text.vexTaskYield
                0x0000000003808b08       0x10 /Users/jordan/Library/Application Support/Code/User/globalStorage/vexrobotics.vexcode/sdk/cpp/V5/V5_20240223_11_00_00/vexv5/libv5rt.a(v5_apijump.c.obj)
                0x0000000003808b08                vexTaskYield
 .text.vexTaskCheckTimeslice
                0x0000000003808b18       0x10 /Users/jordan/Library/Application Support/Code/User/globalStorage/vexrobotics.vexcode/sdk/cpp/V5/V5_20240223_11_00_00/vexv5/libv5rt.a(v5_apijump.c.obj)
                0x0000000003808b18                vexTaskCheckTimeslice
 .text.vexTaskSleep
                0x0000000003808b28       0x10 /Users/jordan/Library/Application Support/Code/User/globalStorage/vexrobotics.vexcode/sdk/cpp/V5/V5_20240223_11_00_00/vexv5/libv5rt.a(v5_apijump.c.obj)
                0x0000000003808b28                vexTaskSleep
 .text.vexSemaphoreInit
                0x0000000003808b38       0x24 /Users/jordan/Library/Application Support/Code/User/globalStorage/vexrobotics.vexcode/sdk/cpp/V5/V5_20240223_11_00_00/vexv5/libv5rt.a(v5_apijump.c.obj)
                0x0000000003808b38                vexSemaphoreInit
 .text.vexSemaphoreLock
                0x0000000003808b5c       0x2c /Users/jordan/Library/Application Support/Code/User/globalStorage/vexrobotics.vexcode/sdk/cpp/V5/V5_20240223_11_00_00/vexv5/libv5rt.a(v5_apijump.c.obj)
                0x0000000003808b5c                vexSemaphoreLock
 .text.vexSemaphoreUnlock
                0x0000000003808b88       0x24 /Users/jordan/Library/Application Support/Code/User/globalStorage/vexrobotics.vexcode/sdk/cpp/V5/V5_20240223_11_00_00/vexv5/libv5rt.a(v5_apijump.c.obj)
                0x0000000003808b88                vexSemaphoreUnlock
 .text.vexTasksDump
                0x0000000003808bac       0x1c /Users/jordan/Library/Application Support/Code/User/globalStorage/vexrobotics.vexcode/sdk/cpp/V5/V5_20240223_11_00_00/vexv5/libv5rt.a(v5_apijump.c.obj)
                0x0000000003808bac                vexTasksDump
 .text.vexTaskGetTaskIndex
                0x0000000003808bc8       0x10 /Users/jordan/Library/Application Support/Code/User/globalStorage/vexrobotics.vexcode/sdk/cpp/V5/V5_20240223_11_00_00/vexv5/libv5rt.a(v5_apijump.c.obj)
                0x0000000003808bc8                vexTaskGetTaskIndex
 .text.vexTaskStopAll
                0x0000000003808bd8       0x10 /Users/jordan/Library/Application Support/Code/User/globalStorage/vexrobotics.vexcode/sdk/cpp/V5/V5_20240223_11_00_00/vexv5/libv5rt.a(v5_apijump.c.obj)
                0x0000000003808bd8                vexTaskStopAll
 .text.vexTaskRemoveAllUser
                0x0000000003808be8       0x34 /Users/jordan/Library/Application Support/Code/User/globalStorage/vexrobotics.vexcode/sdk/cpp/V5/V5_20240223_11_00_00/vexv5/libv5rt.a(v5_apijump.c.obj)
                0x0000000003808be8                vexTaskRemoveAllUser
 .text.vexTaskCompletionIdSet
                0x0000000003808c1c       0x10 /Users/jordan/Library/Application Support/Code/User/globalStorage/vexrobotics.vexcode/sdk/cpp/V5/V5_20240223_11_00_00/vexv5/libv5rt.a(v5_apijump.c.obj)
                0x0000000003808c1c                vexTaskCompletionIdSet
 .text.vexTaskAddWithArg
                0x0000000003808c2c       0x10 /Users/jordan/Library/Application Support/Code/User/globalStorage/vexrobotics.vexcode/sdk/cpp/V5/V5_20240223_11_00_00/vexv5/libv5rt.a(v5_apijump.c.obj)
                0x0000000003808c2c                vexTaskAddWithArg
 .text.vexTaskStopWithId
                0x0000000003808c3c       0x10 /Users/jordan/Library/Application Support/Code/User/globalStorage/vexrobotics.vexcode/sdk/cpp/V5/V5_20240223_11_00_00/vexv5/libv5rt.a(v5_apijump.c.obj)
                0x0000000003808c3c                vexTaskStopWithId
 .text.vexCriticalSection
                0x0000000003808c4c       0x2c /Users/jordan/Library/Application Support/Code/User/globalStorage/vexrobotics.vexcode/sdk/cpp/V5/V5_20240223_11_00_00/vexv5/libv5rt.a(v5_apijump.c.obj)
                0x0000000003808c4c                vexCriticalSection
 .text.vexEventAdd
                0x0000000003808c78       0x34 /Users/jordan/Library/Application Support/Code/User/globalStorage/vexrobotics.vexcode/sdk/cpp/V5/V5_20240223_11_00_00/vexv5/libv5rt.a(v5_apijump.c.obj)
                0x0000000003808c78                vexEventAdd
 .text.vexEventUserIndexGet
                0x0000000003808cac       0x1c /Users/jordan/Library/Application Support/Code/User/globalStorage/vexrobotics.vexcode/sdk/cpp/V5/V5_20240223_11_00_00/vexv5/libv5rt.a(v5_apijump.c.obj)
                0x0000000003808cac                vexEventUserIndexGet
 .text.vexEventAddWithArg
                0x0000000003808cc8       0x3c /Users/jordan/Library/Application Support/Code/User/globalStorage/vexrobotics.vexcode/sdk/cpp/V5/V5_20240223_11_00_00/vexv5/libv5rt.a(v5_apijump.c.obj)
                0x0000000003808cc8                vexEventAddWithArg
 .text.vexEventsCleanup
                0x0000000003808d04       0x2c /Users/jordan/Library/Application Support/Code/User/globalStorage/vexrobotics.vexcode/sdk/cpp/V5/V5_20240223_11_00_00/vexv5/libv5rt.a(v5_apijump.c.obj)
                0x0000000003808d04                vexEventsCleanup
 .text.vexDebug
                0x0000000003808d30       0x38 /Users/jordan/Library/Application Support/Code/User/globalStorage/vexrobotics.vexcode/sdk/cpp/V5/V5_20240223_11_00_00/vexv5/libv5rt.a(v5_apijump.c.obj)
                0x0000000003808d30                vexDebug
 .text.vex_sprintf
                0x0000000003808d68       0x40 /Users/jordan/Library/Application Support/Code/User/globalStorage/vexrobotics.vexcode/sdk/cpp/V5/V5_20240223_11_00_00/vexv5/libv5rt.a(v5_apijump.c.obj)
                0x0000000003808d68                vex_sprintf
 .text.vexSystemTimeGet
                0x0000000003808da8       0x1c /Users/jordan/Library/Application Support/Code/User/globalStorage/vexrobotics.vexcode/sdk/cpp/V5/V5_20240223_11_00_00/vexv5/libv5rt.a(v5_apijump.c.obj)
                0x0000000003808da8                vexSystemTimeGet
 .text.vexSystemExitRequest
                0x0000000003808dc4       0x1c /Users/jordan/Library/Application Support/Code/User/globalStorage/vexrobotics.vexcode/sdk/cpp/V5/V5_20240223_11_00_00/vexv5/libv5rt.a(v5_apijump.c.obj)
                0x0000000003808dc4                vexSystemExitRequest
 .text.vexDeviceGetByIndex
                0x0000000003808de0       0x24 /Users/jordan/Library/Application Support/Code/User/globalStorage/vexrobotics.vexcode/sdk/cpp/V5/V5_20240223_11_00_00/vexv5/libv5rt.a(v5_apijump.c.obj)
                0x0000000003808de0                vexDeviceGetByIndex
 .text.vexControllerGet
                0x0000000003808e04       0x2c /Users/jordan/Library/Application Support/Code/User/globalStorage/vexrobotics.vexcode/sdk/cpp/V5/V5_20240223_11_00_00/vexv5/libv5rt.a(v5_apijump.c.obj)
                0x0000000003808e04                vexControllerGet
 .text.vexControllerTextSet
                0x0000000003808e30       0x74 /Users/jordan/Library/Application Support/Code/User/globalStorage/vexrobotics.vexcode/sdk/cpp/V5/V5_20240223_11_00_00/vexv5/libv5rt.a(v5_apijump.c.obj)
                0x0000000003808e30                vexControllerTextSet
 .text.vexDeviceAdiPortConfigSet
                0x0000000003808ea4       0x34 /Users/jordan/Library/Application Support/Code/User/globalStorage/vexrobotics.vexcode/sdk/cpp/V5/V5_20240223_11_00_00/vexv5/libv5rt.a(v5_apijump.c.obj)
                0x0000000003808ea4                vexDeviceAdiPortConfigSet
 .text.vexDeviceAdiPortConfigGet
                0x0000000003808ed8       0x2c /Users/jordan/Library/Application Support/Code/User/globalStorage/vexrobotics.vexcode/sdk/cpp/V5/V5_20240223_11_00_00/vexv5/libv5rt.a(v5_apijump.c.obj)
                0x0000000003808ed8                vexDeviceAdiPortConfigGet
 .text.vexDeviceAdiValueSet
                0x0000000003808f04       0x34 /Users/jordan/Library/Application Support/Code/User/globalStorage/vexrobotics.vexcode/sdk/cpp/V5/V5_20240223_11_00_00/vexv5/libv5rt.a(v5_apijump.c.obj)
                0x0000000003808f04                vexDeviceAdiValueSet
 .text.vexDeviceMotorVelocitySet
                0x0000000003808f38       0x2c /Users/jordan/Library/Application Support/Code/User/globalStorage/vexrobotics.vexcode/sdk/cpp/V5/V5_20240223_11_00_00/vexv5/libv5rt.a(v5_apijump.c.obj)
                0x0000000003808f38                vexDeviceMotorVelocitySet
 .text.vexDeviceMotorVoltageSet
                0x0000000003808f64       0x2c /Users/jordan/Library/Application Support/Code/User/globalStorage/vexrobotics.vexcode/sdk/cpp/V5/V5_20240223_11_00_00/vexv5/libv5rt.a(v5_apijump.c.obj)
                0x0000000003808f64                vexDeviceMotorVoltageSet
 .text.vexDeviceMotorVelocityGet
                0x0000000003808f90       0x24 /Users/jordan/Library/Application Support/Code/User/globalStorage/vexrobotics.vexcode/sdk/cpp/V5/V5_20240223_11_00_00/vexv5/libv5rt.a(v5_apijump.c.obj)
                0x0000000003808f90                vexDeviceMotorVelocityGet
 .text.vexDeviceMotorActualVelocityGet
                0x0000000003808fb4       0x24 /Users/jordan/Library/Application Support/Code/User/globalStorage/vexrobotics.vexcode/sdk/cpp/V5/V5_20240223_11_00_00/vexv5/libv5rt.a(v5_apijump.c.obj)
                0x0000000003808fb4                vexDeviceMotorActualVelocityGet
 .text.vexDeviceMotorModeGet
                0x0000000003808fd8       0x24 /Users/jordan/Library/Application Support/Code/User/globalStorage/vexrobotics.vexcode/sdk/cpp/V5/V5_20240223_11_00_00/vexv5/libv5rt.a(v5_apijump.c.obj)
                0x0000000003808fd8                vexDeviceMotorModeGet
 .text.vexDeviceMotorTemperatureGet
                0x0000000003808ffc       0x24 /Users/jordan/Library/Application Support/Code/User/globalStorage/vexrobotics.vexcode/sdk/cpp/V5/V5_20240223_11_00_00/vexv5/libv5rt.a(v5_apijump.c.obj)
                0x0000000003808ffc                vexDeviceMotorTemperatureGet
 .text.vexDeviceMotorZeroPositionFlagGet
                0x0000000003809020       0x24 /Users/jordan/Library/Application Support/Code/User/globalStorage/vexrobotics.vexcode/sdk/cpp/V5/V5_20240223_11_00_00/vexv5/libv5rt.a(v5_apijump.c.obj)
                0x0000000003809020                vexDeviceMotorZeroPositionFlagGet
 .text.vexDeviceMotorReverseFlagSet
                0x0000000003809044       0x2c /Users/jordan/Library/Application Support/Code/User/globalStorage/vexrobotics.vexcode/sdk/cpp/V5/V5_20240223_11_00_00/vexv5/libv5rt.a(v5_apijump.c.obj)
                0x0000000003809044                vexDeviceMotorReverseFlagSet
 .text.vexDeviceMotorEncoderUnitsSet
                0x0000000003809070       0x2c /Users/jordan/Library/Application Support/Code/User/globalStorage/vexrobotics.vexcode/sdk/cpp/V5/V5_20240223_11_00_00/vexv5/libv5rt.a(v5_apijump.c.obj)
                0x0000000003809070                vexDeviceMotorEncoderUnitsSet
 .text.vexDeviceMotorBrakeModeSet
                0x000000000380909c       0x2c /Users/jordan/Library/Application Support/Code/User/globalStorage/vexrobotics.vexcode/sdk/cpp/V5/V5_20240223_11_00_00/vexv5/libv5rt.a(v5_apijump.c.obj)
                0x000000000380909c                vexDeviceMotorBrakeModeSet
 .text.vexDeviceMotorPositionSet
                0x00000000038090c8       0x34 /Users/jordan/Library/Application Support/Code/User/globalStorage/vexrobotics.vexcode/sdk/cpp/V5/V5_20240223_11_00_00/vexv5/libv5rt.a(v5_apijump.c.obj)
                0x00000000038090c8                vexDeviceMotorPositionSet
 .text.vexDeviceMotorPositionGet
                0x00000000038090fc       0x24 /Users/jordan/Library/Application Support/Code/User/globalStorage/vexrobotics.vexcode/sdk/cpp/V5/V5_20240223_11_00_00/vexv5/libv5rt.a(v5_apijump.c.obj)
                0x00000000038090fc                vexDeviceMotorPositionGet
 .text.vexDeviceMotorRelativeTargetSet
                0x0000000003809120       0x3c /Users/jordan/Library/Application Support/Code/User/globalStorage/vexrobotics.vexcode/sdk/cpp/V5/V5_20240223_11_00_00/vexv5/libv5rt.a(v5_apijump.c.obj)
                0x0000000003809120                vexDeviceMotorRelativeTargetSet
 .text.vexDeviceMotorGearingSet
                0x000000000380915c       0x2c /Users/jordan/Library/Application Support/Code/User/globalStorage/vexrobotics.vexcode/sdk/cpp/V5/V5_20240223_11_00_00/vexv5/libv5rt.a(v5_apijump.c.obj)
                0x000000000380915c                vexDeviceMotorGearingSet
 .text.vexDeviceMotorGearingGet
                0x0000000003809188       0x24 /Users/jordan/Library/Application Support/Code/User/globalStorage/vexrobotics.vexcode/sdk/cpp/V5/V5_20240223_11_00_00/vexv5/libv5rt.a(v5_apijump.c.obj)
                0x0000000003809188                vexDeviceMotorGearingGet
 .text.vexDeviceImuReset
                0x00000000038091ac       0x24 /Users/jordan/Library/Application Support/Code/User/globalStorage/vexrobotics.vexcode/sdk/cpp/V5/V5_20240223_11_00_00/vexv5/libv5rt.a(v5_apijump.c.obj)
                0x00000000038091ac                vexDeviceImuReset
 .text.vexDeviceImuHeadingGet
                0x00000000038091d0       0x24 /Users/jordan/Library/Application Support/Code/User/globalStorage/vexrobotics.vexcode/sdk/cpp/V5/V5_20240223_11_00_00/vexv5/libv5rt.a(v5_apijump.c.obj)
                0x00000000038091d0                vexDeviceImuHeadingGet
 .text.vexDeviceImuDegreesGet
                0x00000000038091f4       0x24 /Users/jordan/Library/Application Support/Code/User/globalStorage/vexrobotics.vexcode/sdk/cpp/V5/V5_20240223_11_00_00/vexv5/libv5rt.a(v5_apijump.c.obj)
                0x00000000038091f4                vexDeviceImuDegreesGet
 .text.vexDeviceImuStatusGet
                0x0000000003809218       0x24 /Users/jordan/Library/Application Support/Code/User/globalStorage/vexrobotics.vexcode/sdk/cpp/V5/V5_20240223_11_00_00/vexv5/libv5rt.a(v5_apijump.c.obj)
                0x0000000003809218                vexDeviceImuStatusGet
 .text.vexDeviceAbsEncPositionSet
                0x000000000380923c       0x2c /Users/jordan/Library/Application Support/Code/User/globalStorage/vexrobotics.vexcode/sdk/cpp/V5/V5_20240223_11_00_00/vexv5/libv5rt.a(v5_apijump.c.obj)
                0x000000000380923c                vexDeviceAbsEncPositionSet
 .text.vexDeviceAbsEncPositionGet
                0x0000000003809268       0x24 /Users/jordan/Library/Application Support/Code/User/globalStorage/vexrobotics.vexcode/sdk/cpp/V5/V5_20240223_11_00_00/vexv5/libv5rt.a(v5_apijump.c.obj)
                0x0000000003809268                vexDeviceAbsEncPositionGet
 .text.vexDeviceAbsEncAngleGet
                0x000000000380928c       0x24 /Users/jordan/Library/Application Support/Code/User/globalStorage/vexrobotics.vexcode/sdk/cpp/V5/V5_20240223_11_00_00/vexv5/libv5rt.a(v5_apijump.c.obj)
                0x000000000380928c                vexDeviceAbsEncAngleGet
 .text.vexDeviceAbsEncReverseFlagSet
                0x00000000038092b0       0x2c /Users/jordan/Library/Application Support/Code/User/globalStorage/vexrobotics.vexcode/sdk/cpp/V5/V5_20240223_11_00_00/vexv5/libv5rt.a(v5_apijump.c.obj)
                0x00000000038092b0                vexDeviceAbsEncReverseFlagSet
 .text.vexDeviceOpticalHueGet
                0x00000000038092dc       0x24 /Users/jordan/Library/Application Support/Code/User/globalStorage/vexrobotics.vexcode/sdk/cpp/V5/V5_20240223_11_00_00/vexv5/libv5rt.a(v5_apijump.c.obj)
                0x00000000038092dc                vexDeviceOpticalHueGet
 .text.vexDeviceOpticalProximityGet
                0x0000000003809300       0x24 /Users/jordan/Library/Application Support/Code/User/globalStorage/vexrobotics.vexcode/sdk/cpp/V5/V5_20240223_11_00_00/vexv5/libv5rt.a(v5_apijump.c.obj)
                0x0000000003809300                vexDeviceOpticalProximityGet
 .text.vexDeviceOpticalLedPwmSet
                0x0000000003809324       0x2c /Users/jordan/Library/Application Support/Code/User/globalStorage/vexrobotics.vexcode/sdk/cpp/V5/V5_20240223_11_00_00/vexv5/libv5rt.a(v5_apijump.c.obj)
                0x0000000003809324                vexDeviceOpticalLedPwmSet
 .text.vexDeviceOpticalGestureEnable
                0x0000000003809350       0x24 /Users/jordan/Library/Application Support/Code/User/globalStorage/vexrobotics.vexcode/sdk/cpp/V5/V5_20240223_11_00_00/vexv5/libv5rt.a(v5_apijump.c.obj)
                0x0000000003809350                vexDeviceOpticalGestureEnable
 .text.vexDeviceOpticalGestureDisable
                0x0000000003809374       0x24 /Users/jordan/Library/Application Support/Code/User/globalStorage/vexrobotics.vexcode/sdk/cpp/V5/V5_20240223_11_00_00/vexv5/libv5rt.a(v5_apijump.c.obj)
                0x0000000003809374                vexDeviceOpticalGestureDisable
 .text.vexDeviceOpticalProximityThreshold
                0x0000000003809398       0x2c /Users/jordan/Library/Application Support/Code/User/globalStorage/vexrobotics.vexcode/sdk/cpp/V5/V5_20240223_11_00_00/vexv5/libv5rt.a(v5_apijump.c.obj)
                0x0000000003809398                vexDeviceOpticalProximityThreshold
 .text.vexDisplayForegroundColor
                0x00000000038093c4       0x24 /Users/jordan/Library/Application Support/Code/User/globalStorage/vexrobotics.vexcode/sdk/cpp/V5/V5_20240223_11_00_00/vexv5/libv5rt.a(v5_apijump.c.obj)
                0x00000000038093c4                vexDisplayForegroundColor
 .text.vexDisplayBackgroundColor
                0x00000000038093e8       0x24 /Users/jordan/Library/Application Support/Code/User/globalStorage/vexrobotics.vexcode/sdk/cpp/V5/V5_20240223_11_00_00/vexv5/libv5rt.a(v5_apijump.c.obj)
                0x00000000038093e8                vexDisplayBackgroundColor
 .text.vexDisplayBackgroundColorGet
                0x000000000380940c       0x1c /Users/jordan/Library/Application Support/Code/User/globalStorage/vexrobotics.vexcode/sdk/cpp/V5/V5_20240223_11_00_00/vexv5/libv5rt.a(v5_apijump.c.obj)
                0x000000000380940c                vexDisplayBackgroundColorGet
 .text.vexDisplayCopyRect
                0x0000000003809428       0x5c /Users/jordan/Library/Application Support/Code/User/globalStorage/vexrobotics.vexcode/sdk/cpp/V5/V5_20240223_11_00_00/vexv5/libv5rt.a(v5_apijump.c.obj)
                0x0000000003809428                vexDisplayCopyRect
 .text.vexDisplayRectDraw
                0x0000000003809484       0x4c /Users/jordan/Library/Application Support/Code/User/globalStorage/vexrobotics.vexcode/sdk/cpp/V5/V5_20240223_11_00_00/vexv5/libv5rt.a(v5_apijump.c.obj)
                0x0000000003809484                vexDisplayRectDraw
 .text.vexDisplayRectClear
                0x00000000038094d0       0x4c /Users/jordan/Library/Application Support/Code/User/globalStorage/vexrobotics.vexcode/sdk/cpp/V5/V5_20240223_11_00_00/vexv5/libv5rt.a(v5_apijump.c.obj)
                0x00000000038094d0                vexDisplayRectClear
 .text.vexDisplayVPrintf
                0x000000000380951c       0x50 /Users/jordan/Library/Application Support/Code/User/globalStorage/vexrobotics.vexcode/sdk/cpp/V5/V5_20240223_11_00_00/vexv5/libv5rt.a(v5_apijump.c.obj)
                0x000000000380951c                vexDisplayVPrintf
 .text.vexDisplayTextReference
                0x000000000380956c       0x24 /Users/jordan/Library/Application Support/Code/User/globalStorage/vexrobotics.vexcode/sdk/cpp/V5/V5_20240223_11_00_00/vexv5/libv5rt.a(v5_apijump.c.obj)
                0x000000000380956c                vexDisplayTextReference
 .text.vexDisplayTextSize
                0x0000000003809590       0x2c /Users/jordan/Library/Application Support/Code/User/globalStorage/vexrobotics.vexcode/sdk/cpp/V5/V5_20240223_11_00_00/vexv5/libv5rt.a(v5_apijump.c.obj)
                0x0000000003809590                vexDisplayTextSize
 .text.vexDisplayFontNamedSet
                0x00000000038095bc       0x24 /Users/jordan/Library/Application Support/Code/User/globalStorage/vexrobotics.vexcode/sdk/cpp/V5/V5_20240223_11_00_00/vexv5/libv5rt.a(v5_apijump.c.obj)
                0x00000000038095bc                vexDisplayFontNamedSet
 .text.vexDisplayPenSizeGet
                0x00000000038095e0       0x1c /Users/jordan/Library/Application Support/Code/User/globalStorage/vexrobotics.vexcode/sdk/cpp/V5/V5_20240223_11_00_00/vexv5/libv5rt.a(v5_apijump.c.obj)
                0x00000000038095e0                vexDisplayPenSizeGet
 .text.vexFileOpen
                0x00000000038095fc       0x2c /Users/jordan/Library/Application Support/Code/User/globalStorage/vexrobotics.vexcode/sdk/cpp/V5/V5_20240223_11_00_00/vexv5/libv5rt.a(v5_apijump.c.obj)
                0x00000000038095fc                vexFileOpen
 .text.vexFileClose
                0x0000000003809628       0x24 /Users/jordan/Library/Application Support/Code/User/globalStorage/vexrobotics.vexcode/sdk/cpp/V5/V5_20240223_11_00_00/vexv5/libv5rt.a(v5_apijump.c.obj)
                0x0000000003809628                vexFileClose
 .text.vexFileRead
                0x000000000380964c       0x3c /Users/jordan/Library/Application Support/Code/User/globalStorage/vexrobotics.vexcode/sdk/cpp/V5/V5_20240223_11_00_00/vexv5/libv5rt.a(v5_apijump.c.obj)
                0x000000000380964c                vexFileRead
 .text.vexFileSize
                0x0000000003809688       0x24 /Users/jordan/Library/Application Support/Code/User/globalStorage/vexrobotics.vexcode/sdk/cpp/V5/V5_20240223_11_00_00/vexv5/libv5rt.a(v5_apijump.c.obj)
                0x0000000003809688                vexFileSize
 .text.vexSystemStdlibImpureDataAddr
                0x00000000038096ac       0x28 /Users/jordan/Library/Application Support/Code/User/globalStorage/vexrobotics.vexcode/sdk/cpp/V5/V5_20240223_11_00_00/vexv5/libv5rt.a(v5_apijump.c.obj)
                0x00000000038096ac                vexSystemStdlibImpureDataAddr
 .text.vexSystemStdlibImpureDataSize
                0x00000000038096d4       0x28 /Users/jordan/Library/Application Support/Code/User/globalStorage/vexrobotics.vexcode/sdk/cpp/V5/V5_20240223_11_00_00/vexv5/libv5rt.a(v5_apijump.c.obj)
                0x00000000038096d4                vexSystemStdlibImpureDataSize
 .text.vexSystemSaveUserData
                0x00000000038096fc       0x3c /Users/jordan/Library/Application Support/Code/User/globalStorage/vexrobotics.vexcode/sdk/cpp/V5/V5_20240223_11_00_00/vexv5/libv5rt.a(v5_apijump.c.obj)
                0x00000000038096fc                vexSystemSaveUserData
 .text.vexTouchDataGet
                0x0000000003809738       0x10 /Users/jordan/Library/Application Support/Code/User/globalStorage/vexrobotics.vexcode/sdk/cpp/V5/V5_20240223_11_00_00/vexv5/libv5rt.a(v5_apijump.c.obj)
                0x0000000003809738                vexTouchDataGet
 .text.vexImageBmpRead
                0x0000000003809748       0x3c /Users/jordan/Library/Application Support/Code/User/globalStorage/vexrobotics.vexcode/sdk/cpp/V5/V5_20240223_11_00_00/vexv5/libv5rt.a(v5_apijump.c.obj)
                0x0000000003809748                vexImageBmpRead
 .text.vexImagePngRead
                0x0000000003809784       0x44 /Users/jordan/Library/Application Support/Code/User/globalStorage/vexrobotics.vexcode/sdk/cpp/V5/V5_20240223_11_00_00/vexv5/libv5rt.a(v5_apijump.c.obj)
                0x0000000003809784                vexImagePngRead
 .text.vexDisplayThemeIdGet
                0x00000000038097c8       0x38 /Users/jordan/Library/Application Support/Code/User/globalStorage/vexrobotics.vexcode/sdk/cpp/V5/V5_20240223_11_00_00/vexv5/libv5rt.a(v5_apijump.c.obj)
                0x00000000038097c8                vexDisplayThemeIdGet
 .text.vexDisplayRender
                0x0000000003809800       0x2c /Users/jordan/Library/Application Support/Code/User/globalStorage/vexrobotics.vexcode/sdk/cpp/V5/V5_20240223_11_00_00/vexv5/libv5rt.a(v5_apijump.c.obj)
                0x0000000003809800                vexDisplayRender
 .text.vexCompetitionStatus
                0x000000000380982c       0x1c /Users/jordan/Library/Application Support/Code/User/globalStorage/vexrobotics.vexcode/sdk/cpp/V5/V5_20240223_11_00_00/vexv5/libv5rt.a(v5_apijump.c.obj)
                0x000000000380982c                vexCompetitionStatus
 .text.vexDeviceEventMaskSet
                0x0000000003809848       0x48 /Users/jordan/Library/Application Support/Code/User/globalStorage/vexrobotics.vexcode/sdk/cpp/V5/V5_20240223_11_00_00/vexv5/libv5rt.a(v5_apijump.c.obj)
                0x0000000003809848                vexDeviceEventMaskSet
 .text.vexDeviceEventMaskGet
                0x0000000003809890       0x3c /Users/jordan/Library/Application Support/Code/User/globalStorage/vexrobotics.vexcode/sdk/cpp/V5/V5_20240223_11_00_00/vexv5/libv5rt.a(v5_apijump.c.obj)
                0x0000000003809890                vexDeviceEventMaskGet
 .text.vexSystemVersion
                0x00000000038098cc       0x10 /Users/jordan/Library/Application Support/Code/User/globalStorage/vexrobotics.vexcode/sdk/cpp/V5/V5_20240223_11_00_00/vexv5/libv5rt.a(v5_apiversions.c.obj)
                0x00000000038098cc                vexSystemVersion
 .text.vexStdlibVersion
                0x00000000038098dc       0x10 /Users/jordan/Library/Application Support/Code/User/globalStorage/vexrobotics.vexcode/sdk/cpp/V5/V5_20240223_11_00_00/vexv5/libv5rt.a(v5_apiversions.c.obj)
                0x00000000038098dc                vexStdlibVersion
 *fill*         0x00000000038098ec        0x4 
 .text._ZN3vex4waitEdNS_9timeUnitsE
                0x00000000038098f0       0x30 /Users/jordan/Library/Application Support/Code/User/globalStorage/vexrobotics.vexcode/sdk/cpp/V5/V5_20240223_11_00_00/vexv5/libv5rt.a(vex_global.cpp.obj)
                0x00000000038098f0                vex::wait(double, vex::timeUnits)
 .text._ZN3vex5motorD2Ev
                0x0000000003809920       0x20 /Users/jordan/Library/Application Support/Code/User/globalStorage/vexrobotics.vexcode/sdk/cpp/V5/V5_20240223_11_00_00/vexv5/libv5rt.a(vex_motor.cpp.obj)
                0x0000000003809920                vex::motor::~motor()
                0x0000000003809920                vex::motor::~motor()
 .text._ZN3vex5motorD0Ev
                0x0000000003809940       0x1c /Users/jordan/Library/Application Support/Code/User/globalStorage/vexrobotics.vexcode/sdk/cpp/V5/V5_20240223_11_00_00/vexv5/libv5rt.a(vex_motor.cpp.obj)
                0x0000000003809940                vex::motor::~motor()
 .text._ZN3vex5motor9installedEv
                0x000000000380995c       0x18 /Users/jordan/Library/Application Support/Code/User/globalStorage/vexrobotics.vexcode/sdk/cpp/V5/V5_20240223_11_00_00/vexv5/libv5rt.a(vex_motor.cpp.obj)
                0x000000000380995c                vex::motor::installed()
 .text._ZN3vex5motor15defaultStoppingENS_9brakeTypeE
                0x0000000003809974       0x30 /Users/jordan/Library/Application Support/Code/User/globalStorage/vexrobotics.vexcode/sdk/cpp/V5/V5_20240223_11_00_00/vexv5/libv5rt.a(vex_motor.cpp.obj)
                0x0000000003809974                vex::motor::defaultStopping(vex::brakeType)
 .text._ZN3vex5motor8setBrakeENS_9brakeTypeE
                0x00000000038099a4        0x4 /Users/jordan/Library/Application Support/Code/User/globalStorage/vexrobotics.vexcode/sdk/cpp/V5/V5_20240223_11_00_00/vexv5/libv5rt.a(vex_motor.cpp.obj)
                0x00000000038099a4                vex::motor::setBrake(vex::brakeType)
 .text._ZN3vex5motorC2El
                0x00000000038099a8       0x78 /Users/jordan/Library/Application Support/Code/User/globalStorage/vexrobotics.vexcode/sdk/cpp/V5/V5_20240223_11_00_00/vexv5/libv5rt.a(vex_motor.cpp.obj)
                0x00000000038099a8                vex::motor::motor(long)
                0x00000000038099a8                vex::motor::motor(long)
 .text._ZN3vex5motorC2ElNS_11gearSettingEb
                0x0000000003809a20       0x34 /Users/jordan/Library/Application Support/Code/User/globalStorage/vexrobotics.vexcode/sdk/cpp/V5/V5_20240223_11_00_00/vexv5/libv5rt.a(vex_motor.cpp.obj)
                0x0000000003809a20                vex::motor::motor(long, vex::gearSetting, bool)
                0x0000000003809a20                vex::motor::motor(long, vex::gearSetting, bool)
 *fill*         0x0000000003809a54        0x4 
 .text._ZN3vex5motor4spinENS_13directionTypeEdNS_12voltageUnitsE
                0x0000000003809a58       0x50 /Users/jordan/Library/Application Support/Code/User/globalStorage/vexrobotics.vexcode/sdk/cpp/V5/V5_20240223_11_00_00/vexv5/libv5rt.a(vex_motor.cpp.obj)
                0x0000000003809a58                vex::motor::spin(vex::directionType, double, vex::voltageUnits)
 .text._ZN3vex5motor14isSpinningModeEv
                0x0000000003809aa8       0x48 /Users/jordan/Library/Application Support/Code/User/globalStorage/vexrobotics.vexcode/sdk/cpp/V5/V5_20240223_11_00_00/vexv5/libv5rt.a(vex_motor.cpp.obj)
                0x0000000003809aa8                vex::motor::isSpinningMode()
 .text._ZN3vex5motor10isSpinningEv
                0x0000000003809af0       0x44 /Users/jordan/Library/Application Support/Code/User/globalStorage/vexrobotics.vexcode/sdk/cpp/V5/V5_20240223_11_00_00/vexv5/libv5rt.a(vex_motor.cpp.obj)
                0x0000000003809af0                vex::motor::isSpinning()
 .text._ZN3vex5motor4stopENS_9brakeTypeE
                0x0000000003809b34       0x30 /Users/jordan/Library/Application Support/Code/User/globalStorage/vexrobotics.vexcode/sdk/cpp/V5/V5_20240223_11_00_00/vexv5/libv5rt.a(vex_motor.cpp.obj)
                0x0000000003809b34                vex::motor::stop(vex::brakeType)
 .text._ZN3vex5motor4stopEv
                0x0000000003809b64        0x8 /Users/jordan/Library/Application Support/Code/User/globalStorage/vexrobotics.vexcode/sdk/cpp/V5/V5_20240223_11_00_00/vexv5/libv5rt.a(vex_motor.cpp.obj)
                0x0000000003809b64                vex::motor::stop()
 *fill*         0x0000000003809b6c        0x4 
 .text._ZN3vex5motor11temperatureENS_16temperatureUnitsE
                0x0000000003809b70       0x40 /Users/jordan/Library/Application Support/Code/User/globalStorage/vexrobotics.vexcode/sdk/cpp/V5/V5_20240223_11_00_00/vexv5/libv5rt.a(vex_motor.cpp.obj)
                0x0000000003809b70                vex::motor::temperature(vex::temperatureUnits)
 .text._ZN3vex5motor16velocityToScaledEdNS_13velocityUnitsE
                0x0000000003809bb0       0x5c /Users/jordan/Library/Application Support/Code/User/globalStorage/vexrobotics.vexcode/sdk/cpp/V5/V5_20240223_11_00_00/vexv5/libv5rt.a(vex_motor.cpp.obj)
                0x0000000003809bb0                vex::motor::velocityToScaled(double, vex::velocityUnits)
 .text._ZN3vex5motor8velocityENS_13velocityUnitsE
                0x0000000003809c0c       0x30 /Users/jordan/Library/Application Support/Code/User/globalStorage/vexrobotics.vexcode/sdk/cpp/V5/V5_20240223_11_00_00/vexv5/libv5rt.a(vex_motor.cpp.obj)
                0x0000000003809c0c                vex::motor::velocity(vex::velocityUnits)
 .text._ZN3vex5motor5valueEv
                0x0000000003809c3c       0x1c /Users/jordan/Library/Application Support/Code/User/globalStorage/vexrobotics.vexcode/sdk/cpp/V5/V5_20240223_11_00_00/vexv5/libv5rt.a(vex_motor.cpp.obj)
                0x0000000003809c3c                vex::motor::value()
 .text._ZN3vex5motor16scaledToVelocityEdNS_13velocityUnitsE
                0x0000000003809c58       0xa4 /Users/jordan/Library/Application Support/Code/User/globalStorage/vexrobotics.vexcode/sdk/cpp/V5/V5_20240223_11_00_00/vexv5/libv5rt.a(vex_motor.cpp.obj)
                0x0000000003809c58                vex::motor::scaledToVelocity(double, vex::velocityUnits)
 .text._ZN3vex5motor4spinENS_13directionTypeEdNS_13velocityUnitsE
                0x0000000003809cfc       0x5c /Users/jordan/Library/Application Support/Code/User/globalStorage/vexrobotics.vexcode/sdk/cpp/V5/V5_20240223_11_00_00/vexv5/libv5rt.a(vex_motor.cpp.obj)
                0x0000000003809cfc                vex::motor::spin(vex::directionType, double, vex::velocityUnits)
 .text._ZN3vex5motor11setVelocityEdNS_13velocityUnitsE
                0x0000000003809d58       0x54 /Users/jordan/Library/Application Support/Code/User/globalStorage/vexrobotics.vexcode/sdk/cpp/V5/V5_20240223_11_00_00/vexv5/libv5rt.a(vex_motor.cpp.obj)
                0x0000000003809d58                vex::motor::setVelocity(double, vex::velocityUnits)
 .text._ZN3vex5motor16setRotationUnitsENS_13rotationUnitsE
                0x0000000003809dac       0x1c /Users/jordan/Library/Application Support/Code/User/globalStorage/vexrobotics.vexcode/sdk/cpp/V5/V5_20240223_11_00_00/vexv5/libv5rt.a(vex_motor.cpp.obj)
                0x0000000003809dac                vex::motor::setRotationUnits(vex::rotationUnits)
 .text._ZN3vex5motor11setPositionEdNS_13rotationUnitsE
                0x0000000003809dc8       0x44 /Users/jordan/Library/Application Support/Code/User/globalStorage/vexrobotics.vexcode/sdk/cpp/V5/V5_20240223_11_00_00/vexv5/libv5rt.a(vex_motor.cpp.obj)
                0x0000000003809dc8                vex::motor::setPosition(double, vex::rotationUnits)
 .text._ZN3vex5motor13resetPositionEv
                0x0000000003809e0c       0x20 /Users/jordan/Library/Application Support/Code/User/globalStorage/vexrobotics.vexcode/sdk/cpp/V5/V5_20240223_11_00_00/vexv5/libv5rt.a(vex_motor.cpp.obj)
                0x0000000003809e0c                vex::motor::resetPosition()
 .text._ZN3vex5motor7spinForEdNS_13rotationUnitsEdNS_13velocityUnitsEb
                0x0000000003809e2c       0xf4 /Users/jordan/Library/Application Support/Code/User/globalStorage/vexrobotics.vexcode/sdk/cpp/V5/V5_20240223_11_00_00/vexv5/libv5rt.a(vex_motor.cpp.obj)
                0x0000000003809e2c                vex::motor::spinFor(double, vex::rotationUnits, double, vex::velocityUnits, bool)
 .text._ZN3vex5motor7spinForENS_13directionTypeEdNS_13rotationUnitsEdNS_13velocityUnitsEb
                0x0000000003809f20       0x34 /Users/jordan/Library/Application Support/Code/User/globalStorage/vexrobotics.vexcode/sdk/cpp/V5/V5_20240223_11_00_00/vexv5/libv5rt.a(vex_motor.cpp.obj)
                0x0000000003809f20                vex::motor::spinFor(vex::directionType, double, vex::rotationUnits, double, vex::velocityUnits, bool)
 .text._ZN3vex5motor7spinForENS_13directionTypeEdNS_13rotationUnitsEb
                0x0000000003809f54       0x3c /Users/jordan/Library/Application Support/Code/User/globalStorage/vexrobotics.vexcode/sdk/cpp/V5/V5_20240223_11_00_00/vexv5/libv5rt.a(vex_motor.cpp.obj)
                0x0000000003809f54                vex::motor::spinFor(vex::directionType, double, vex::rotationUnits, bool)
 .text._ZN3vex5motor8positionENS_13rotationUnitsE
                0x0000000003809f90       0x44 /Users/jordan/Library/Application Support/Code/User/globalStorage/vexrobotics.vexcode/sdk/cpp/V5/V5_20240223_11_00_00/vexv5/libv5rt.a(vex_motor.cpp.obj)
                0x0000000003809f90                vex::motor::position(vex::rotationUnits)
 .text._ZN3vex8inertial11getTurnTypeEv
                0x0000000003809fd4        0x8 /Users/jordan/Library/Application Support/Code/User/globalStorage/vexrobotics.vexcode/sdk/cpp/V5/V5_20240223_11_00_00/vexv5/libv5rt.a(vex_imu.cpp.obj)
                0x0000000003809fd4                vex::inertial::getTurnType()
 .text._ZThn16_N3vex8inertial11getTurnTypeEv
                0x0000000003809fdc        0x8 /Users/jordan/Library/Application Support/Code/User/globalStorage/vexrobotics.vexcode/sdk/cpp/V5/V5_20240223_11_00_00/vexv5/libv5rt.a(vex_imu.cpp.obj)
                0x0000000003809fdc                non-virtual thunk to vex::inertial::getTurnType()
 *fill*         0x0000000003809fe4        0x4 
 .text._ZN3vex8inertial10setHeadingEdNS_13rotationUnitsE
                0x0000000003809fe8       0x58 /Users/jordan/Library/Application Support/Code/User/globalStorage/vexrobotics.vexcode/sdk/cpp/V5/V5_20240223_11_00_00/vexv5/libv5rt.a(vex_imu.cpp.obj)
                0x0000000003809fe8                vex::inertial::setHeading(double, vex::rotationUnits)
 .text._ZThn16_N3vex8inertial10setHeadingEdNS_13rotationUnitsE
                0x000000000380a040        0x8 /Users/jordan/Library/Application Support/Code/User/globalStorage/vexrobotics.vexcode/sdk/cpp/V5/V5_20240223_11_00_00/vexv5/libv5rt.a(vex_imu.cpp.obj)
                0x000000000380a040                non-virtual thunk to vex::inertial::setHeading(double, vex::rotationUnits)
 .text._ZN3vex8inertial11setRotationEdNS_13rotationUnitsE
                0x000000000380a048       0x58 /Users/jordan/Library/Application Support/Code/User/globalStorage/vexrobotics.vexcode/sdk/cpp/V5/V5_20240223_11_00_00/vexv5/libv5rt.a(vex_imu.cpp.obj)
                0x000000000380a048                vex::inertial::setRotation(double, vex::rotationUnits)
 .text._ZThn16_N3vex8inertial11setRotationEdNS_13rotationUnitsE
                0x000000000380a0a0        0x8 /Users/jordan/Library/Application Support/Code/User/globalStorage/vexrobotics.vexcode/sdk/cpp/V5/V5_20240223_11_00_00/vexv5/libv5rt.a(vex_imu.cpp.obj)
                0x000000000380a0a0                non-virtual thunk to vex::inertial::setRotation(double, vex::rotationUnits)
 .text._ZN3vex8inertialD2Ev
                0x000000000380a0a8       0x20 /Users/jordan/Library/Application Support/Code/User/globalStorage/vexrobotics.vexcode/sdk/cpp/V5/V5_20240223_11_00_00/vexv5/libv5rt.a(vex_imu.cpp.obj)
                0x000000000380a0a8                vex::inertial::~inertial()
                0x000000000380a0a8                vex::inertial::~inertial()
 .text._ZThn16_N3vex8inertialD1Ev
                0x000000000380a0c8        0x8 /Users/jordan/Library/Application Support/Code/User/globalStorage/vexrobotics.vexcode/sdk/cpp/V5/V5_20240223_11_00_00/vexv5/libv5rt.a(vex_imu.cpp.obj)
                0x000000000380a0c8                non-virtual thunk to vex::inertial::~inertial()
 .text._ZN3vex8inertialD0Ev
                0x000000000380a0d0       0x1c /Users/jordan/Library/Application Support/Code/User/globalStorage/vexrobotics.vexcode/sdk/cpp/V5/V5_20240223_11_00_00/vexv5/libv5rt.a(vex_imu.cpp.obj)
                0x000000000380a0d0                vex::inertial::~inertial()
 .text._ZThn16_N3vex8inertialD0Ev
                0x000000000380a0ec        0x8 /Users/jordan/Library/Application Support/Code/User/globalStorage/vexrobotics.vexcode/sdk/cpp/V5/V5_20240223_11_00_00/vexv5/libv5rt.a(vex_imu.cpp.obj)
                0x000000000380a0ec                non-virtual thunk to vex::inertial::~inertial()
 .text._ZN3vex8inertial9installedEv
                0x000000000380a0f4       0x18 /Users/jordan/Library/Application Support/Code/User/globalStorage/vexrobotics.vexcode/sdk/cpp/V5/V5_20240223_11_00_00/vexv5/libv5rt.a(vex_imu.cpp.obj)
                0x000000000380a0f4                vex::inertial::installed()
 .text._ZN3vex8inertial5angleENS_13rotationUnitsE
                0x000000000380a10c       0x6c /Users/jordan/Library/Application Support/Code/User/globalStorage/vexrobotics.vexcode/sdk/cpp/V5/V5_20240223_11_00_00/vexv5/libv5rt.a(vex_imu.cpp.obj)
                0x000000000380a10c                vex::inertial::angle(vex::rotationUnits)
 .text._ZThn16_N3vex8inertial5angleENS_13rotationUnitsE
                0x000000000380a178        0x8 /Users/jordan/Library/Application Support/Code/User/globalStorage/vexrobotics.vexcode/sdk/cpp/V5/V5_20240223_11_00_00/vexv5/libv5rt.a(vex_imu.cpp.obj)
                0x000000000380a178                non-virtual thunk to vex::inertial::angle(vex::rotationUnits)
 .text._ZN3vex8inertial7headingENS_13rotationUnitsE
                0x000000000380a180        0x4 /Users/jordan/Library/Application Support/Code/User/globalStorage/vexrobotics.vexcode/sdk/cpp/V5/V5_20240223_11_00_00/vexv5/libv5rt.a(vex_imu.cpp.obj)
                0x000000000380a180                vex::inertial::heading(vex::rotationUnits)
 .text._ZThn16_N3vex8inertial7headingENS_13rotationUnitsE
                0x000000000380a184        0x8 /Users/jordan/Library/Application Support/Code/User/globalStorage/vexrobotics.vexcode/sdk/cpp/V5/V5_20240223_11_00_00/vexv5/libv5rt.a(vex_imu.cpp.obj)
                0x000000000380a184                non-virtual thunk to vex::inertial::heading(vex::rotationUnits)
 .text._ZN3vex8inertial5valueEv
                0x000000000380a18c       0x1c /Users/jordan/Library/Application Support/Code/User/globalStorage/vexrobotics.vexcode/sdk/cpp/V5/V5_20240223_11_00_00/vexv5/libv5rt.a(vex_imu.cpp.obj)
                0x000000000380a18c                vex::inertial::value()
 .text._ZN3vex8inertial8rotationENS_13rotationUnitsE
                0x000000000380a1a8       0x48 /Users/jordan/Library/Application Support/Code/User/globalStorage/vexrobotics.vexcode/sdk/cpp/V5/V5_20240223_11_00_00/vexv5/libv5rt.a(vex_imu.cpp.obj)
                0x000000000380a1a8                vex::inertial::rotation(vex::rotationUnits)
 .text._ZThn16_N3vex8inertial8rotationENS_13rotationUnitsE
                0x000000000380a1f0        0x8 /Users/jordan/Library/Application Support/Code/User/globalStorage/vexrobotics.vexcode/sdk/cpp/V5/V5_20240223_11_00_00/vexv5/libv5rt.a(vex_imu.cpp.obj)
                0x000000000380a1f0                non-virtual thunk to vex::inertial::rotation(vex::rotationUnits)
 .text._ZN3vex8inertial13isCalibratingEv
                0x000000000380a1f8       0x38 /Users/jordan/Library/Application Support/Code/User/globalStorage/vexrobotics.vexcode/sdk/cpp/V5/V5_20240223_11_00_00/vexv5/libv5rt.a(vex_imu.cpp.obj)
                0x000000000380a1f8                vex::inertial::isCalibrating()
 .text._ZThn16_N3vex8inertial13isCalibratingEv
                0x000000000380a230        0x8 /Users/jordan/Library/Application Support/Code/User/globalStorage/vexrobotics.vexcode/sdk/cpp/V5/V5_20240223_11_00_00/vexv5/libv5rt.a(vex_imu.cpp.obj)
                0x000000000380a230                non-virtual thunk to vex::inertial::isCalibrating()
 .text._ZN3vex8inertialC2ElNS_8turnTypeE
                0x000000000380a238       0x4c /Users/jordan/Library/Application Support/Code/User/globalStorage/vexrobotics.vexcode/sdk/cpp/V5/V5_20240223_11_00_00/vexv5/libv5rt.a(vex_imu.cpp.obj)
                0x000000000380a238                vex::inertial::inertial(long, vex::turnType)
                0x000000000380a238                vex::inertial::inertial(long, vex::turnType)
 .text._ZN3vex8inertial16startCalibrationEl
                0x000000000380a284       0x20 /Users/jordan/Library/Application Support/Code/User/globalStorage/vexrobotics.vexcode/sdk/cpp/V5/V5_20240223_11_00_00/vexv5/libv5rt.a(vex_imu.cpp.obj)
                0x000000000380a284                vex::inertial::startCalibration(long)
 .text._ZN3vex8inertial9calibrateEl
                0x000000000380a2a4        0xc /Users/jordan/Library/Application Support/Code/User/globalStorage/vexrobotics.vexcode/sdk/cpp/V5/V5_20240223_11_00_00/vexv5/libv5rt.a(vex_imu.cpp.obj)
                0x000000000380a2a4                vex::inertial::calibrate(long)
                0x000000000380a2a8                non-virtual thunk to vex::inertial::calibrate(long)
 .text._ZN3vex8rotationD2Ev
                0x000000000380a2b0       0x20 /Users/jordan/Library/Application Support/Code/User/globalStorage/vexrobotics.vexcode/sdk/cpp/V5/V5_20240223_11_00_00/vexv5/libv5rt.a(vex_rotation.cpp.obj)
                0x000000000380a2b0                vex::rotation::~rotation()
                0x000000000380a2b0                vex::rotation::~rotation()
 .text._ZN3vex8rotationD0Ev
                0x000000000380a2d0       0x1c /Users/jordan/Library/Application Support/Code/User/globalStorage/vexrobotics.vexcode/sdk/cpp/V5/V5_20240223_11_00_00/vexv5/libv5rt.a(vex_rotation.cpp.obj)
                0x000000000380a2d0                vex::rotation::~rotation()
 .text._ZN3vex8rotation9installedEv
                0x000000000380a2ec       0x18 /Users/jordan/Library/Application Support/Code/User/globalStorage/vexrobotics.vexcode/sdk/cpp/V5/V5_20240223_11_00_00/vexv5/libv5rt.a(vex_rotation.cpp.obj)
                0x000000000380a2ec                vex::rotation::installed()
 .text._ZN3vex8rotation5valueEv
                0x000000000380a304        0x8 /Users/jordan/Library/Application Support/Code/User/globalStorage/vexrobotics.vexcode/sdk/cpp/V5/V5_20240223_11_00_00/vexv5/libv5rt.a(vex_rotation.cpp.obj)
                0x000000000380a304                vex::rotation::value()
 .text._ZN3vex8rotationC2Elb
                0x000000000380a30c       0x30 /Users/jordan/Library/Application Support/Code/User/globalStorage/vexrobotics.vexcode/sdk/cpp/V5/V5_20240223_11_00_00/vexv5/libv5rt.a(vex_rotation.cpp.obj)
                0x000000000380a30c                vex::rotation::rotation(long, bool)
                0x000000000380a30c                vex::rotation::rotation(long, bool)
 .text._ZN3vex8rotation13resetPositionEv
                0x000000000380a33c        0xc /Users/jordan/Library/Application Support/Code/User/globalStorage/vexrobotics.vexcode/sdk/cpp/V5/V5_20240223_11_00_00/vexv5/libv5rt.a(vex_rotation.cpp.obj)
                0x000000000380a33c                vex::rotation::resetPosition()
 .text._ZN3vex8rotation8positionENS_13rotationUnitsE
                0x000000000380a348       0x50 /Users/jordan/Library/Application Support/Code/User/globalStorage/vexrobotics.vexcode/sdk/cpp/V5/V5_20240223_11_00_00/vexv5/libv5rt.a(vex_rotation.cpp.obj)
                0x000000000380a348                vex::rotation::position(vex::rotationUnits)
 .text._ZN3vex7opticalD2Ev
                0x000000000380a398       0x20 /Users/jordan/Library/Application Support/Code/User/globalStorage/vexrobotics.vexcode/sdk/cpp/V5/V5_20240223_11_00_00/vexv5/libv5rt.a(vex_optical.cpp.obj)
                0x000000000380a398                vex::optical::~optical()
                0x000000000380a398                vex::optical::~optical()
 .text._ZN3vex7opticalD0Ev
                0x000000000380a3b8       0x1c /Users/jordan/Library/Application Support/Code/User/globalStorage/vexrobotics.vexcode/sdk/cpp/V5/V5_20240223_11_00_00/vexv5/libv5rt.a(vex_optical.cpp.obj)
                0x000000000380a3b8                vex::optical::~optical()
 .text._ZN3vex7optical9installedEv
                0x000000000380a3d4       0x18 /Users/jordan/Library/Application Support/Code/User/globalStorage/vexrobotics.vexcode/sdk/cpp/V5/V5_20240223_11_00_00/vexv5/libv5rt.a(vex_optical.cpp.obj)
                0x000000000380a3d4                vex::optical::installed()
 .text._ZN3vex7optical3hueEv
                0x000000000380a3ec        0x8 /Users/jordan/Library/Application Support/Code/User/globalStorage/vexrobotics.vexcode/sdk/cpp/V5/V5_20240223_11_00_00/vexv5/libv5rt.a(vex_optical.cpp.obj)
                0x000000000380a3ec                vex::optical::hue()
 .text._ZN3vex7optical5valueEv
                0x000000000380a3f4       0x18 /Users/jordan/Library/Application Support/Code/User/globalStorage/vexrobotics.vexcode/sdk/cpp/V5/V5_20240223_11_00_00/vexv5/libv5rt.a(vex_optical.cpp.obj)
                0x000000000380a3f4                vex::optical::value()
 .text._ZN3vex7optical12isNearObjectEv
                0x000000000380a40c       0x24 /Users/jordan/Library/Application Support/Code/User/globalStorage/vexrobotics.vexcode/sdk/cpp/V5/V5_20240223_11_00_00/vexv5/libv5rt.a(vex_optical.cpp.obj)
                0x000000000380a40c                vex::optical::isNearObject()
 .text._ZN3vex7optical8setLightENS_8ledStateE
                0x000000000380a430       0x18 /Users/jordan/Library/Application Support/Code/User/globalStorage/vexrobotics.vexcode/sdk/cpp/V5/V5_20240223_11_00_00/vexv5/libv5rt.a(vex_optical.cpp.obj)
                0x000000000380a430                vex::optical::setLight(vex::ledState)
 .text._ZN3vex7optical13setLightPowerElNS_12percentUnitsE
                0x000000000380a448       0x2c /Users/jordan/Library/Application Support/Code/User/globalStorage/vexrobotics.vexcode/sdk/cpp/V5/V5_20240223_11_00_00/vexv5/libv5rt.a(vex_optical.cpp.obj)
                0x000000000380a448                vex::optical::setLightPower(long, vex::percentUnits)
 .text._ZN3vex7optical14objectDetectedEPFvvE
                0x000000000380a474       0x10 /Users/jordan/Library/Application Support/Code/User/globalStorage/vexrobotics.vexcode/sdk/cpp/V5/V5_20240223_11_00_00/vexv5/libv5rt.a(vex_optical.cpp.obj)
                0x000000000380a474                vex::optical::objectDetected(void (*)())
 .text._ZN3vex7optical10objectLostEPFvvE
                0x000000000380a484       0x10 /Users/jordan/Library/Application Support/Code/User/globalStorage/vexrobotics.vexcode/sdk/cpp/V5/V5_20240223_11_00_00/vexv5/libv5rt.a(vex_optical.cpp.obj)
                0x000000000380a484                vex::optical::objectLost(void (*)())
 .text._ZN3vex7optical13gestureEnableEv
                0x000000000380a494        0x8 /Users/jordan/Library/Application Support/Code/User/globalStorage/vexrobotics.vexcode/sdk/cpp/V5/V5_20240223_11_00_00/vexv5/libv5rt.a(vex_optical.cpp.obj)
                0x000000000380a494                vex::optical::gestureEnable()
 .text._ZN3vex7optical14gestureDisableEv
                0x000000000380a49c        0x8 /Users/jordan/Library/Application Support/Code/User/globalStorage/vexrobotics.vexcode/sdk/cpp/V5/V5_20240223_11_00_00/vexv5/libv5rt.a(vex_optical.cpp.obj)
                0x000000000380a49c                vex::optical::gestureDisable()
 .text._ZN3vex7opticalC2Elb
                0x000000000380a4a4       0x54 /Users/jordan/Library/Application Support/Code/User/globalStorage/vexrobotics.vexcode/sdk/cpp/V5/V5_20240223_11_00_00/vexv5/libv5rt.a(vex_optical.cpp.obj)
                0x000000000380a4a4                vex::optical::optical(long, bool)
                0x000000000380a4a4                vex::optical::optical(long, bool)
 .text._ZN3vex10controllerD2Ev
                0x000000000380a4f8        0x4 /Users/jordan/Library/Application Support/Code/User/globalStorage/vexrobotics.vexcode/sdk/cpp/V5/V5_20240223_11_00_00/vexv5/libv5rt.a(vex_controller.cpp.obj)
                0x000000000380a4f8                vex::controller::~controller()
                0x000000000380a4f8                vex::controller::~controller()
 .text._ZN3vex10controller5valueE19_V5_ControllerIndex
                0x000000000380a4fc        0x8 /Users/jordan/Library/Application Support/Code/User/globalStorage/vexrobotics.vexcode/sdk/cpp/V5/V5_20240223_11_00_00/vexv5/libv5rt.a(vex_controller.cpp.obj)
                0x000000000380a4fc                vex::controller::value(_V5_ControllerIndex)
 .text._ZN3vex10controller6rumbleEPKc
                0x000000000380a504       0x4c /Users/jordan/Library/Application Support/Code/User/globalStorage/vexrobotics.vexcode/sdk/cpp/V5/V5_20240223_11_00_00/vexv5/libv5rt.a(vex_controller.cpp.obj)
                0x000000000380a504                vex::controller::rumble(char const*)
 .text._ZNK3vex10controller6button8pressingEv
                0x000000000380a550       0xc8 /Users/jordan/Library/Application Support/Code/User/globalStorage/vexrobotics.vexcode/sdk/cpp/V5/V5_20240223_11_00_00/vexv5/libv5rt.a(vex_controller.cpp.obj)
                0x000000000380a550                vex::controller::button::pressing() const
 .text._ZNK3vex10controller6button7pressedEPFvvE
                0x000000000380a618      0x108 /Users/jordan/Library/Application Support/Code/User/globalStorage/vexrobotics.vexcode/sdk/cpp/V5/V5_20240223_11_00_00/vexv5/libv5rt.a(vex_controller.cpp.obj)
                0x000000000380a618                vex::controller::button::pressed(void (*)()) const
 .text._ZNK3vex10controller6button21_buttonToPressedEventEv
                0x000000000380a720       0x20 /Users/jordan/Library/Application Support/Code/User/globalStorage/vexrobotics.vexcode/sdk/cpp/V5/V5_20240223_11_00_00/vexv5/libv5rt.a(vex_controller.cpp.obj)
                0x000000000380a720                vex::controller::button::_buttonToPressedEvent() const
 .text._ZNK3vex10controller6button22_buttonToReleasedEventEv
                0x000000000380a740       0x20 /Users/jordan/Library/Application Support/Code/User/globalStorage/vexrobotics.vexcode/sdk/cpp/V5/V5_20240223_11_00_00/vexv5/libv5rt.a(vex_controller.cpp.obj)
                0x000000000380a740                vex::controller::button::_buttonToReleasedEvent() const
 .text._ZN3vex10controller6buttonC2ENS0_11tButtonTypeEPS0_
                0x000000000380a760       0x48 /Users/jordan/Library/Application Support/Code/User/globalStorage/vexrobotics.vexcode/sdk/cpp/V5/V5_20240223_11_00_00/vexv5/libv5rt.a(vex_controller.cpp.obj)
                0x000000000380a760                vex::controller::button::button(vex::controller::tButtonType, vex::controller*)
                0x000000000380a760                vex::controller::button::button(vex::controller::tButtonType, vex::controller*)
 .text._ZNK3vex10controller4axis5valueEv
                0x000000000380a7a8       0x58 /Users/jordan/Library/Application Support/Code/User/globalStorage/vexrobotics.vexcode/sdk/cpp/V5/V5_20240223_11_00_00/vexv5/libv5rt.a(vex_controller.cpp.obj)
                0x000000000380a7a8                vex::controller::axis::value() const
 .text._ZNK3vex10controller4axis8positionENS_12percentUnitsE
                0x000000000380a800       0x1c /Users/jordan/Library/Application Support/Code/User/globalStorage/vexrobotics.vexcode/sdk/cpp/V5/V5_20240223_11_00_00/vexv5/libv5rt.a(vex_controller.cpp.obj)
                0x000000000380a800                vex::controller::axis::position(vex::percentUnits) const
 .text._ZNK3vex10controller4axis23_joystickToChangedEventEv
                0x000000000380a81c       0x20 /Users/jordan/Library/Application Support/Code/User/globalStorage/vexrobotics.vexcode/sdk/cpp/V5/V5_20240223_11_00_00/vexv5/libv5rt.a(vex_controller.cpp.obj)
                0x000000000380a81c                vex::controller::axis::_joystickToChangedEvent() const
 .text._ZN3vex10controller4axisC2ENS0_9tAxisTypeEPS0_
                0x000000000380a83c       0x2c /Users/jordan/Library/Application Support/Code/User/globalStorage/vexrobotics.vexcode/sdk/cpp/V5/V5_20240223_11_00_00/vexv5/libv5rt.a(vex_controller.cpp.obj)
                0x000000000380a83c                vex::controller::axis::axis(vex::controller::tAxisType, vex::controller*)
                0x000000000380a83c                vex::controller::axis::axis(vex::controller::tAxisType, vex::controller*)
 .text._ZN3vex10controllerC2Ev
                0x000000000380a868      0x164 /Users/jordan/Library/Application Support/Code/User/globalStorage/vexrobotics.vexcode/sdk/cpp/V5/V5_20240223_11_00_00/vexv5/libv5rt.a(vex_controller.cpp.obj)
                0x000000000380a868                vex::controller::controller()
                0x000000000380a868                vex::controller::controller()
 .text._ZN3vex4taskC2EPFivE
                0x000000000380a9cc       0x5c /Users/jordan/Library/Application Support/Code/User/globalStorage/vexrobotics.vexcode/sdk/cpp/V5/V5_20240223_11_00_00/vexv5/libv5rt.a(vex_task.cpp.obj)
                0x000000000380a9cc                vex::task::task(int (*)())
                0x000000000380a9cc                vex::task::task(int (*)())
 .text._ZN3vex4taskC2EPFiPvES1_
                0x000000000380aa28       0x5c /Users/jordan/Library/Application Support/Code/User/globalStorage/vexrobotics.vexcode/sdk/cpp/V5/V5_20240223_11_00_00/vexv5/libv5rt.a(vex_task.cpp.obj)
                0x000000000380aa28                vex::task::task(int (*)(void*), void*)
                0x000000000380aa28                vex::task::task(int (*)(void*), void*)
 .text._ZN3vex4taskD2Ev
                0x000000000380aa84        0x4 /Users/jordan/Library/Application Support/Code/User/globalStorage/vexrobotics.vexcode/sdk/cpp/V5/V5_20240223_11_00_00/vexv5/libv5rt.a(vex_task.cpp.obj)
                0x000000000380aa84                vex::task::~task()
                0x000000000380aa84                vex::task::~task()
 .text._ZN3vex4task4stopEPvi
                0x000000000380aa88       0x1c /Users/jordan/Library/Application Support/Code/User/globalStorage/vexrobotics.vexcode/sdk/cpp/V5/V5_20240223_11_00_00/vexv5/libv5rt.a(vex_task.cpp.obj)
                0x000000000380aa88                vex::task::stop(void*, int)
 .text._ZN3vex4task6_indexEPFivE
                0x000000000380aaa4       0x14 /Users/jordan/Library/Application Support/Code/User/globalStorage/vexrobotics.vexcode/sdk/cpp/V5/V5_20240223_11_00_00/vexv5/libv5rt.a(vex_task.cpp.obj)
                0x000000000380aaa4                vex::task::_index(int (*)())
 .text._ZN3vex4task8_stopAllEv
                0x000000000380aab8       0x3c /Users/jordan/Library/Application Support/Code/User/globalStorage/vexrobotics.vexcode/sdk/cpp/V5/V5_20240223_11_00_00/vexv5/libv5rt.a(vex_task.cpp.obj)
                0x000000000380aab8                vex::task::_stopAll()
 .text._ZN3vex11this_thread9sleep_forEm
                0x000000000380aaf4        0x4 /Users/jordan/Library/Application Support/Code/User/globalStorage/vexrobotics.vexcode/sdk/cpp/V5/V5_20240223_11_00_00/vexv5/libv5rt.a(vex_thread.cpp.obj)
                0x000000000380aaf4                vex::this_thread::sleep_for(unsigned long)
 .text._ZN3vex5mutexC2Ev
                0x000000000380aaf8       0x1c /Users/jordan/Library/Application Support/Code/User/globalStorage/vexrobotics.vexcode/sdk/cpp/V5/V5_20240223_11_00_00/vexv5/libv5rt.a(vex_thread.cpp.obj)
                0x000000000380aaf8                vex::mutex::mutex()
                0x000000000380aaf8                vex::mutex::mutex()
 .text._ZN3vex5mutexD2Ev
                0x000000000380ab14        0x4 /Users/jordan/Library/Application Support/Code/User/globalStorage/vexrobotics.vexcode/sdk/cpp/V5/V5_20240223_11_00_00/vexv5/libv5rt.a(vex_thread.cpp.obj)
                0x000000000380ab14                vex::mutex::~mutex()
                0x000000000380ab14                vex::mutex::~mutex()
 .text._ZN3vex5mutex4lockEv
                0x000000000380ab18        0x8 /Users/jordan/Library/Application Support/Code/User/globalStorage/vexrobotics.vexcode/sdk/cpp/V5/V5_20240223_11_00_00/vexv5/libv5rt.a(vex_thread.cpp.obj)
                0x000000000380ab18                vex::mutex::lock()
 .text._ZN3vex5mutex6unlockEv
                0x000000000380ab20        0x4 /Users/jordan/Library/Application Support/Code/User/globalStorage/vexrobotics.vexcode/sdk/cpp/V5/V5_20240223_11_00_00/vexv5/libv5rt.a(vex_thread.cpp.obj)
                0x000000000380ab20                vex::mutex::unlock()
 .text._ZN3vex5event4initEmmPFvvE
                0x000000000380ab24        0x4 /Users/jordan/Library/Application Support/Code/User/globalStorage/vexrobotics.vexcode/sdk/cpp/V5/V5_20240223_11_00_00/vexv5/libv5rt.a(vex_event.cpp.obj)
                0x000000000380ab24                vex::event::init(unsigned long, unsigned long, void (*)())
 .text._ZN3vex5event4initEmmPFvPvES1_
                0x000000000380ab28        0x4 /Users/jordan/Library/Application Support/Code/User/globalStorage/vexrobotics.vexcode/sdk/cpp/V5/V5_20240223_11_00_00/vexv5/libv5rt.a(vex_event.cpp.obj)
                0x000000000380ab28                vex::event::init(unsigned long, unsigned long, void (*)(void*), void*)
 .text._ZN3vex5event9userindexEv
                0x000000000380ab2c        0x4 /Users/jordan/Library/Application Support/Code/User/globalStorage/vexrobotics.vexcode/sdk/cpp/V5/V5_20240223_11_00_00/vexv5/libv5rt.a(vex_event.cpp.obj)
                0x000000000380ab2c                vex::event::userindex()
 .text._ZZN3vex6meventC4EmmENUlvE_4_FUNEv
                0x000000000380ab30        0x4 /Users/jordan/Library/Application Support/Code/User/globalStorage/vexrobotics.vexcode/sdk/cpp/V5/V5_20240223_11_00_00/vexv5/libv5rt.a(vex_mevent.cpp.obj)
 .text._ZN3vex6meventC2Emm
                0x000000000380ab34       0x70 /Users/jordan/Library/Application Support/Code/User/globalStorage/vexrobotics.vexcode/sdk/cpp/V5/V5_20240223_11_00_00/vexv5/libv5rt.a(vex_mevent.cpp.obj)
                0x000000000380ab34                vex::mevent::mevent(unsigned long, unsigned long)
                0x000000000380ab34                vex::mevent::mevent(unsigned long, unsigned long)
 .text._ZN3vex5brain9_getIndexEv
                0x000000000380aba4       0x10 /Users/jordan/Library/Application Support/Code/User/globalStorage/vexrobotics.vexcode/sdk/cpp/V5/V5_20240223_11_00_00/vexv5/libv5rt.a(vex_brain.cpp.obj)
                0x000000000380aba4                vex::brain::_getIndex()
 .text._ZN3vex5brain3lcd9setCursorEll
                0x000000000380abb4       0x44 /Users/jordan/Library/Application Support/Code/User/globalStorage/vexrobotics.vexcode/sdk/cpp/V5/V5_20240223_11_00_00/vexv5/libv5rt.a(vex_brain.cpp.obj)
                0x000000000380abb4                vex::brain::lcd::setCursor(long, long)
 .text._ZN3vex5brain3lcd7setFontENS_8fontTypeE
                0x000000000380abf8      0x23c /Users/jordan/Library/Application Support/Code/User/globalStorage/vexrobotics.vexcode/sdk/cpp/V5/V5_20240223_11_00_00/vexv5/libv5rt.a(vex_brain.cpp.obj)
                0x000000000380abf8                vex::brain::lcd::setFont(vex::fontType)
 .text._ZN3vex5brain3lcdC2Ev
                0x000000000380ae34       0x94 /Users/jordan/Library/Application Support/Code/User/globalStorage/vexrobotics.vexcode/sdk/cpp/V5/V5_20240223_11_00_00/vexv5/libv5rt.a(vex_brain.cpp.obj)
                0x000000000380ae34                vex::brain::lcd::lcd()
                0x000000000380ae34                vex::brain::lcd::lcd()
 .text._ZN3vex5brainC2Ev
                0x000000000380aec8       0x3c /Users/jordan/Library/Application Support/Code/User/globalStorage/vexrobotics.vexcode/sdk/cpp/V5/V5_20240223_11_00_00/vexv5/libv5rt.a(vex_brain.cpp.obj)
                0x000000000380aec8                vex::brain::brain()
                0x000000000380aec8                vex::brain::brain()
 .text._ZN3vex5brain3lcd7printAtEllPKcz
                0x000000000380af04       0x54 /Users/jordan/Library/Application Support/Code/User/globalStorage/vexrobotics.vexcode/sdk/cpp/V5/V5_20240223_11_00_00/vexv5/libv5rt.a(vex_brain.cpp.obj)
                0x000000000380af04                vex::brain::lcd::printAt(long, long, char const*, ...)
 .text._ZN3vex5brain3lcd12_clearScreenEm
                0x000000000380af58       0x38 /Users/jordan/Library/Application Support/Code/User/globalStorage/vexrobotics.vexcode/sdk/cpp/V5/V5_20240223_11_00_00/vexv5/libv5rt.a(vex_brain.cpp.obj)
                0x000000000380af58                vex::brain::lcd::_clearScreen(unsigned long)
 .text._ZN3vex5brain3lcd11clearScreenERKNS_5colorE
                0x000000000380af90       0x20 /Users/jordan/Library/Application Support/Code/User/globalStorage/vexrobotics.vexcode/sdk/cpp/V5/V5_20240223_11_00_00/vexv5/libv5rt.a(vex_brain.cpp.obj)
                0x000000000380af90                vex::brain::lcd::clearScreen(vex::color const&)
 .text._ZN3vex5brain3lcd11clearScreenEv
                0x000000000380afb0       0x2c /Users/jordan/Library/Application Support/Code/User/globalStorage/vexrobotics.vexcode/sdk/cpp/V5/V5_20240223_11_00_00/vexv5/libv5rt.a(vex_brain.cpp.obj)
                0x000000000380afb0                vex::brain::lcd::clearScreen()
 .text._ZN3vex5brain3lcd13drawRectangleEiiii
                0x000000000380afdc       0xdc /Users/jordan/Library/Application Support/Code/User/globalStorage/vexrobotics.vexcode/sdk/cpp/V5/V5_20240223_11_00_00/vexv5/libv5rt.a(vex_brain.cpp.obj)
                0x000000000380afdc                vex::brain::lcd::drawRectangle(int, int, int, int)
 .text._ZN3vex5brain3lcd14_drawRectangleEiiiim
                0x000000000380b0b8       0x74 /Users/jordan/Library/Application Support/Code/User/globalStorage/vexrobotics.vexcode/sdk/cpp/V5/V5_20240223_11_00_00/vexv5/libv5rt.a(vex_brain.cpp.obj)
                0x000000000380b0b8                vex::brain::lcd::_drawRectangle(int, int, int, int, unsigned long)
 .text._ZN3vex5brain3lcd13drawRectangleEiiiiRKNS_5colorE
                0x000000000380b12c       0x68 /Users/jordan/Library/Application Support/Code/User/globalStorage/vexrobotics.vexcode/sdk/cpp/V5/V5_20240223_11_00_00/vexv5/libv5rt.a(vex_brain.cpp.obj)
                0x000000000380b12c                vex::brain::lcd::drawRectangle(int, int, int, int, vex::color const&)
 .text._ZN3vex5brain3lcd9xPositionEv
                0x000000000380b194       0x24 /Users/jordan/Library/Application Support/Code/User/globalStorage/vexrobotics.vexcode/sdk/cpp/V5/V5_20240223_11_00_00/vexv5/libv5rt.a(vex_brain.cpp.obj)
                0x000000000380b194                vex::brain::lcd::xPosition()
 .text._ZN3vex5brain3lcd9yPositionEv
                0x000000000380b1b8       0x24 /Users/jordan/Library/Application Support/Code/User/globalStorage/vexrobotics.vexcode/sdk/cpp/V5/V5_20240223_11_00_00/vexv5/libv5rt.a(vex_brain.cpp.obj)
                0x000000000380b1b8                vex::brain::lcd::yPosition()
 .text._ZN3vex5brain3lcd8pressingEv
                0x000000000380b1dc       0x20 /Users/jordan/Library/Application Support/Code/User/globalStorage/vexrobotics.vexcode/sdk/cpp/V5/V5_20240223_11_00_00/vexv5/libv5rt.a(vex_brain.cpp.obj)
                0x000000000380b1dc                vex::brain::lcd::pressing()
 .text._ZN3vex5brain3lcd6renderEv
                0x000000000380b1fc        0xc /Users/jordan/Library/Application Support/Code/User/globalStorage/vexrobotics.vexcode/sdk/cpp/V5/V5_20240223_11_00_00/vexv5/libv5rt.a(vex_brain.cpp.obj)
                0x000000000380b1fc                vex::brain::lcd::render()
 .text._ZN3vex5brain3lcd20_validateImageBufferEPh
                0x000000000380b208       0x58 /Users/jordan/Library/Application Support/Code/User/globalStorage/vexrobotics.vexcode/sdk/cpp/V5/V5_20240223_11_00_00/vexv5/libv5rt.a(vex_brain.cpp.obj)
                0x000000000380b208                vex::brain::lcd::_validateImageBuffer(unsigned char*)
 .text._ZN3vex5brain3lcd17drawImageFromFileEPKcii
                0x000000000380b260      0x264 /Users/jordan/Library/Application Support/Code/User/globalStorage/vexrobotics.vexcode/sdk/cpp/V5/V5_20240223_11_00_00/vexv5/libv5rt.a(vex_brain.cpp.obj)
                0x000000000380b260                vex::brain::lcd::drawImageFromFile(char const*, int, int)
 .text._ZN3vex5brainD2Ev
                0x000000000380b4c4       0x20 /Users/jordan/Library/Application Support/Code/User/globalStorage/vexrobotics.vexcode/sdk/cpp/V5/V5_20240223_11_00_00/vexv5/libv5rt.a(vex_brain.cpp.obj)
                0x000000000380b4c4                vex::brain::~brain()
                0x000000000380b4c4                vex::brain::~brain()
 .text._ZN3vex11competition8_disableEPv
                0x000000000380b4e4       0xa4 /Users/jordan/Library/Application Support/Code/User/globalStorage/vexrobotics.vexcode/sdk/cpp/V5/V5_20240223_11_00_00/vexv5/libv5rt.a(vex_competition.cpp.obj)
                0x000000000380b4e4                vex::competition::_disable(void*)
 .text._ZN3vex11competition11_autonomousEv
                0x000000000380b588       0x80 /Users/jordan/Library/Application Support/Code/User/globalStorage/vexrobotics.vexcode/sdk/cpp/V5/V5_20240223_11_00_00/vexv5/libv5rt.a(vex_competition.cpp.obj)
                0x000000000380b588                vex::competition::_autonomous()
 .text._ZN3vex11competition14_drivercontrolEv
                0x000000000380b608       0x80 /Users/jordan/Library/Application Support/Code/User/globalStorage/vexrobotics.vexcode/sdk/cpp/V5/V5_20240223_11_00_00/vexv5/libv5rt.a(vex_competition.cpp.obj)
                0x000000000380b608                vex::competition::_drivercontrol()
 .text._ZN3vex11competitionC2Ev
                0x000000000380b688      0x13c /Users/jordan/Library/Application Support/Code/User/globalStorage/vexrobotics.vexcode/sdk/cpp/V5/V5_20240223_11_00_00/vexv5/libv5rt.a(vex_competition.cpp.obj)
                0x000000000380b688                vex::competition::competition()
                0x000000000380b688                vex::competition::competition()
 .text._ZN3vex11competitionD2Ev
                0x000000000380b7c4        0x4 /Users/jordan/Library/Application Support/Code/User/globalStorage/vexrobotics.vexcode/sdk/cpp/V5/V5_20240223_11_00_00/vexv5/libv5rt.a(vex_competition.cpp.obj)
                0x000000000380b7c4                vex::competition::~competition()
                0x000000000380b7c4                vex::competition::~competition()
 .text._ZN3vex11competition10autonomousEPFvvE