Archive member included to satisfy reference by file (symbol)

/Users/jordan/Library/Application Support/Code/User/globalStorage/vexrobotics.vexcode/sdk/cpp/V5/V5_20240223_11_00_00/vexv5/libv5rt.a(v5_startup.c.obj)
                              (vexStartup)
/Users/jordan/Library/Application Support/Code/User/globalStorage/vexrobotics.vexcode/sdk/cpp/V5/V5_20240223_11_00_00/vexv5/libv5rt.a(v5_util.c.obj)
                              /Users/jordan/Library/Application Support/Code/User/globalStorage/vexrobotics.vexcode/sdk/cpp/V5/V5_20240223_11_00_00/vexv5/libv5rt.a(v5_startup.c.obj) (vexStdlibVersionLinked)
/Users/jordan/Library/Application Support/Code/User/globalStorage/vexrobotics.vexcode/sdk/cpp/V5/V5_20240223_11_00_00/vexv5/libv5rt.a(v5_apijump.c.obj)
                              /Users/jordan/Library/Application Support/Code/User/globalStorage/vexrobotics.vexcode/sdk/cpp/V5/V5_20240223_11_00_00/vexv5/libv5rt.a(v5_startup.c.obj) (vexPrivateApiEnable)
/Users/jordan/Library/Application Support/Code/User/globalStorage/vexrobotics.vexcode/sdk/cpp/V5/V5_20240223_11_00_00/vexv5/libv5rt.a(v5_apiversions.c.obj)
                              /Users/jordan/Library/Application Support/Code/User/globalStorage/vexrobotics.vexcode/sdk/cpp/V5/V5_20240223_11_00_00/vexv5/libv5rt.a(v5_apijump.c.obj) (vexSystemVersion)
/Users/jordan/Library/Application Support/Code/User/globalStorage/vexrobotics.vexcode/sdk/cpp/V5/V5_20240223_11_00_00/vexv5/libv5rt.a(vex_global.cpp.obj)
                              build/src/autons.o (vex::wait(double, vex::timeUnits))
/Users/jordan/Library/Application Support/Code/User/globalStorage/vexrobotics.vexcode/sdk/cpp/V5/V5_20240223_11_00_00/vexv5/libv5rt.a(vex_motor.cpp.obj)
                              build/src/main.o (vex::motor::~motor())
/Users/jordan/Library/Application Support/Code/User/globalStorage/vexrobotics.vexcode/sdk/cpp/V5/V5_20240223_11_00_00/vexv5/libv5rt.a(vex_imu.cpp.obj)
                              build/src/main/robot.o (vex::inertial::setRotation(double, vex::rotationUnits))
/Users/jordan/Library/Application Support/Code/User/globalStorage/vexrobotics.vexcode/sdk/cpp/V5/V5_20240223_11_00_00/vexv5/libv5rt.a(vex_rotation.cpp.obj)
                              build/src/main.o (vex::rotation::~rotation())
/Users/jordan/Library/Application Support/Code/User/globalStorage/vexrobotics.vexcode/sdk/cpp/V5/V5_20240223_11_00_00/vexv5/libv5rt.a(vex_optical.cpp.obj)
                              build/src/autons.o (vex::optical::hue())
/Users/jordan/Library/Application Support/Code/User/globalStorage/vexrobotics.vexcode/sdk/cpp/V5/V5_20240223_11_00_00/vexv5/libv5rt.a(vex_controller.cpp.obj)
                              build/src/main.o (vex::controller::~controller())
/Users/jordan/Library/Application Support/Code/User/globalStorage/vexrobotics.vexcode/sdk/cpp/V5/V5_20240223_11_00_00/vexv5/libv5rt.a(vex_task.cpp.obj)
                              build/src/autons.o (vex::task::task(int (*)(void*), void*))
/Users/jordan/Library/Application Support/Code/User/globalStorage/vexrobotics.vexcode/sdk/cpp/V5/V5_20240223_11_00_00/vexv5/libv5rt.a(vex_thread.cpp.obj)
                              /Users/jordan/Library/Application Support/Code/User/globalStorage/vexrobotics.vexcode/sdk/cpp/V5/V5_20240223_11_00_00/vexv5/libv5rt.a(vex_global.cpp.obj) (vex::this_thread::sleep_for(unsigned long))
/Users/jordan/Library/Application Support/Code/User/globalStorage/vexrobotics.vexcode/sdk/cpp/V5/V5_20240223_11_00_00/vexv5/libv5rt.a(vex_event.cpp.obj)
                              /Users/jordan/Library/Application Support/Code/User/globalStorage/vexrobotics.vexcode/sdk/cpp/V5/V5_20240223_11_00_00/vexv5/libv5rt.a(vex_imu.cpp.obj) (vex::event::init(unsigned long, unsigned long, void (*)()))
/Users/jordan/Library/Application Support/Code/User/globalStorage/vexrobotics.vexcode/sdk/cpp/V5/V5_20240223_11_00_00/vexv5/libv5rt.a(vex_mevent.cpp.obj)
                              /Users/jordan/Library/Application Support/Code/User/globalStorage/vexrobotics.vexcode/sdk/cpp/V5/V5_20240223_11_00_00/vexv5/libv5rt.a(vex_controller.cpp.obj) (vex::mevent::mevent(unsigned long, unsigned long))
/Users/jordan/Library/Application Support/Code/User/globalStorage/vexrobotics.vexcode/sdk/cpp/V5/V5_20240223_11_00_00/vexv5/libv5rt.a(vex_brain.cpp.obj)
                              build/src/main.o (vex::brain::brain())
/Users/jordan/Library/Application Support/Code/User/globalStorage/vexrobotics.vexcode/sdk/cpp/V5/V5_20240223_11_00_00/vexv5/libv5rt.a(vex_competition.cpp.obj)
                              build/src/main.o (vex::competition::competition())
/Users/jordan/Library/Application Support/Code/User/globalStorage/vexrobotics.vexcode/sdk/cpp/V5/V5_20240223_11_00_00/vexv5/libv5rt.a(vex_triport.cpp.obj)
                              /Users/jordan/Library/Application Support/Code/User/globalStorage/vexrobotics.vexcode/sdk/cpp/V5/V5_20240223_11_00_00/vexv5/libv5rt.a(vex_brain.cpp.obj) (vex::triport::~triport())
[...]
Memory Configuration

Name             Origin             Length             Attributes
ps7_ddr_0_S_AXI_BASEADDR 0x0000000003800000 0x0000000004800000
*default*        0x0000000000000000 0xffffffffffffffff

Linker script and memory map

                0x0000000000002000                _STACK_SIZE = DEFINED (_STACK_SIZE)?_STACK_SIZE:0x2000
                0x0000000000100000                _HEAP_SIZE = DEFINED (_HEAP_SIZE)?_HEAP_SIZE:0x100000
                0x0000000000000400                _ABORT_STACK_SIZE = DEFINED (_ABORT_STACK_SIZE)?_ABORT_STACK_SIZE:0x400
                0x0000000000000800                _SUPERVISOR_STACK_SIZE = DEFINED (_SUPERVISOR_STACK_SIZE)?_SUPERVISOR_STACK_SIZE:0x800
                0x0000000000000400                _IRQ_STACK_SIZE = DEFINED (_IRQ_STACK_SIZE)?_IRQ_STACK_SIZE:0x400
                0x0000000000000400                _FIQ_STACK_SIZE = DEFINED (_FIQ_STACK_SIZE)?_FIQ_STACK_SIZE:0x400
                0x0000000000000400                _UNDEF_STACK_SIZE = DEFINED (_UNDEF_STACK_SIZE)?_UNDEF_STACK_SIZE:0x400

.text           0x0000000003800000     0x9910
 *(.vectors)
 *(.boot_data)
 .boot_data     0x0000000003800000       0x20 /Users/jordan/Library/Application Support/Code/User/globalStorage/vexrobotics.vexcode/sdk/cpp/V5/V5_20240223_11_00_00/vexv5/libv5rt.a(v5_startup.c.obj)
                0x0000000003800000                vexCodeSig
                0x0000000000000020                . = 0x20
 *(.boot)
 .boot          0x0000000003800020       0xbc /Users/jordan/Library/Application Support/Code/User/globalStorage/vexrobotics.vexcode/sdk/cpp/V5/V5_20240223_11_00_00/vexv5/libv5rt.a(v5_startup.c.obj)
                0x0000000003800020                vexStartup
                0x0000000003800100                . = ALIGN (0x40)
 *fill*         0x00000000038000dc       0x24 
 *(.freertos_vectors)
 *(.text)
 *(.text.*)
 .text._GLOBAL__sub_I_autons.cpp
                0x0000000003800100       0x34 build/src/autons.o
 .text._ZN3vex11motor_groupC2IJNS_5motorES2_EEERS2_DpRT_
                0x0000000003800134       0x44 build/src/main.o
                0x0000000003800134                vex::motor_group::motor_group<vex::motor, vex::motor>(vex::motor&, vex::motor&, vex::motor&)
 .text._ZN6Bucees13TrackingWheelD2Ev
                0x0000000003800178       0x1c build/src/main.o
                0x0000000003800178                Bucees::TrackingWheel::~TrackingWheel()
 .text._ZN6Bucees5RobotD2Ev
                0x0000000003800194       0x24 build/src/main.o
                0x0000000003800194                Bucees::Robot::~Robot()
 .text._Z5lBPidd
                0x00000000038001b8      0x418 build/src/main.o
                0x00000000038001b8                lBPid(double)
 .text._Z9togglelBFv
                0x00000000038005d0      0x168 build/src/main.o
                0x00000000038005d0                togglelBF()
 .text._Z16toggleStageMacrov
                0x0000000003800738       0x68 build/src/main.o
                0x0000000003800738                toggleStageMacro()
 .text._Z12toggleClampFv
                0x00000000038007a0       0xa0 build/src/main.o
                0x00000000038007a0                toggleClampF()
 .text._Z14toggleDoinkerFv
                0x0000000003800840       0xa0 build/src/main.o
                0x0000000003800840                toggleDoinkerF()
 .text._Z15toggleGoalRushFv
                0x00000000038008e0       0xa0 build/src/main.o
                0x00000000038008e0                toggleGoalRushF()
 .text._Z9pre_autonv
                0x0000000003800980      0x154 build/src/main.o
                0x0000000003800980                pre_auton()
 .text._Z16printCoordinatesb
                0x0000000003800ad4       0x5c build/src/main.o
                0x0000000003800ad4                printCoordinates(bool)
 .text._Z10autonomousv
                0x0000000003800b30      0xac4 build/src/main.o
                0x0000000003800b30                autonomous()
 .text._Z15detectAlignmentv
                0x00000000038015f4       0xa0 build/src/main.o
                0x00000000038015f4                detectAlignment()
 .text._Z14checkAlignmentv
                0x0000000003801694       0x1c build/src/main.o
                0x0000000003801694                checkAlignment()
 .text._Z22toggleAlignmentSystemFv
                0x00000000038016b0       0x18 build/src/main.o
                0x00000000038016b0                toggleAlignmentSystemF()
 .text._Z11usercontrolv
                0x00000000038016c8      0x560 build/src/main.o
                0x00000000038016c8                usercontrol()
 .text.main     0x0000000003801c28       0x68 build/src/main.o
                0x0000000003801c28                main
 .text._ZZ11launch_taskIZ9togglelBFvE3$_0EN3vex4taskEOT_ENUlPvE_8__invokeES5_
                0x0000000003801c90       0x54 build/src/main.o
 .text._ZNSt17_Function_handlerIFvvEZ9togglelBFvE3$_0E9_M_invokeERKSt9_Any_data
                0x0000000003801ce4       0x18 build/src/main.o
 .text._ZNSt14_Function_base13_Base_managerIZ9togglelBFvE3$_0E10_M_managerERSt9_Any_dataRKS3_St18_Manager_operation
                0x0000000003801cfc       0x54 build/src/main.o
 .text._ZZ11launch_taskIZ11usercontrolvE3$_1EN3vex4taskEOT_ENUlPvE_8__invokeES5_
                0x0000000003801d50       0x54 build/src/main.o
 .text._ZNSt17_Function_handlerIFvvEZ11usercontrolvE3$_1E9_M_invokeERKSt9_Any_data
                0x0000000003801da4        0xc build/src/main.o
 .text._ZNSt14_Function_base13_Base_managerIZ11usercontrolvE3$_1E10_M_managerERSt9_Any_dataRKS3_St18_Manager_operation
                0x0000000003801db0       0x54 build/src/main.o
 .text._ZZ11usercontrolvENK3$_1clEv
                0x0000000003801e04        0xc build/src/main.o
 .text._GLOBAL__sub_I_main.cpp
                0x0000000003801e10      0x5ec build/src/main.o
 .text._ZN8Odometry14updatePositionEN6Bucees11CoordinatesEfffb
                0x00000000038023fc      0x10c build/src/main/odometry.o
                0x00000000038023fc                Odometry::updatePosition(Bucees::Coordinates, float, float, float, bool)
 .text._ZN8Odometry11setOdometryEff
                0x0000000003802508        0x8 build/src/main/odometry.o
                0x0000000003802508                Odometry::setOdometry(float, float)
 .text._GLOBAL__sub_I_odometry.cpp
                0x0000000003802510       0x34 build/src/main/odometry.o
 .text._ZN6Bucees15FAPIDControllerC2ENS_11PIDSettingsE
                0x0000000003802544       0x4c build/src/main/pid.o
                0x0000000003802544                Bucees::FAPIDController::FAPIDController(Bucees::PIDSettings)
                0x0000000003802544                Bucees::FAPIDController::FAPIDController(Bucees::PIDSettings)
 .text._ZN6Bucees15FAPIDController19calculateMotorPowerEf
                0x0000000003802590      0x144 build/src/main/pid.o
                0x0000000003802590                Bucees::FAPIDController::calculateMotorPower(float)
 .text._ZN6Bucees15FAPIDController9isSettledEv
                0x00000000038026d4      0x108 build/src/main/pid.o
                0x00000000038026d4                Bucees::FAPIDController::isSettled()
 .text._ZN6Bucees15FAPIDController5resetEv
                0x00000000038027dc       0x1c build/src/main/pid.o
                0x00000000038027dc                Bucees::FAPIDController::reset()
 .text._ZN6Bucees15FAPIDController14setMaxVoltagesEf
                0x00000000038027f8        0x8 build/src/main/pid.o
                0x00000000038027f8                Bucees::FAPIDController::setMaxVoltages(float)
 .text._ZN6Bucees15FAPIDController14setTimeoutTimeEf
                0x0000000003802800        0x8 build/src/main/pid.o
                0x0000000003802800                Bucees::FAPIDController::setTimeoutTime(float)
 .text._ZN6Bucees15FAPIDController8setGainsENS_11PIDSettingsE
                0x0000000003802808       0x1c build/src/main/pid.o
                0x0000000003802808                Bucees::FAPIDController::setGains(Bucees::PIDSettings)
 .text._GLOBAL__sub_I_pid.cpp
                0x0000000003802824       0x34 build/src/main/pid.o
 .text._GLOBAL__sub_I_purepursuit.cpp
                0x0000000003802858       0x34 build/src/main/purepursuit.o
 .text._ZN6Bucees5RobotC2EfffPN3vex11motor_groupES3_lPNS_13TrackingWheelES5_PNS_15FAPIDControllerES7_S7_
                0x000000000380288c      0x1d4 build/src/main/robot.o
                0x000000000380288c                Bucees::Robot::Robot(float, float, float, vex::motor_group*, vex::motor_group*, long, Bucees::TrackingWheel*, Bucees::TrackingWheel*, Bucees::FAPIDController*, Bucees::FAPIDController*, Bucees::FAPIDController*)
                0x000000000380288c                Bucees::Robot::Robot(float, float, float, vex::motor_group*, vex::motor_group*, long, Bucees::TrackingWheel*, Bucees::TrackingWheel*, Bucees::FAPIDController*, Bucees::FAPIDController*, Bucees::FAPIDController*)
 .text._ZN6Bucees5Robot8initOdomEv
                0x0000000003802a60       0xd4 build/src/main/robot.o
                0x0000000003802a60                Bucees::Robot::initOdom()
 .text._ZN6Bucees5Robot19getRobotCoordinatesEbb
                0x0000000003802b34       0x7c build/src/main/robot.o
                0x0000000003802b34                Bucees::Robot::getRobotCoordinates(bool, bool)
 .text._ZN6Bucees5Robot11waitChassisEv
                0x0000000003802bb0       0x64 build/src/main/robot.o
                0x0000000003802bb0                Bucees::Robot::waitChassis()
 .text._ZN6Bucees5Robot8DriveForEfNS_11PIDSettingsEbfb
                0x0000000003802c14      0x424 build/src/main/robot.o
                0x0000000003802c14                Bucees::Robot::DriveFor(float, Bucees::PIDSettings, bool, float, bool)
 .text._ZN6Bucees5Robot7TurnForEfNS_11PIDSettingsEfb
                0x0000000003803038      0x220 build/src/main/robot.o
                0x0000000003803038                Bucees::Robot::TurnFor(float, Bucees::PIDSettings, float, bool)
 .text._ZN6Bucees5Robot12DriveToPointEffNS_11PIDSettingsES1_fbbf
                0x0000000003803258      0x64c build/src/main/robot.o
                0x0000000003803258                Bucees::Robot::DriveToPoint(float, float, Bucees::PIDSettings, Bucees::PIDSettings, float, bool, bool, float)
 *fill*         0x00000000038038a4        0x4 
 .text._ZN6Bucees5Robot11TurnToPointEffNS_11PIDSettingsEfb
                0x00000000038038a8      0x41c build/src/main/robot.o
                0x00000000038038a8                Bucees::Robot::TurnToPoint(float, float, Bucees::PIDSettings, float, bool)
 *fill*         0x0000000003803cc4        0x4 
 .text._ZN6Bucees5Robot18DriveToCoordinatesEfffNS_11PIDSettingsES1_fffbbf
                0x0000000003803cc8      0x6d0 build/src/main/robot.o
                0x0000000003803cc8                Bucees::Robot::DriveToCoordinates(float, float, float, Bucees::PIDSettings, Bucees::PIDSettings, float, float, float, bool, bool, float)
 .text._ZZ11launch_taskIZN6Bucees5Robot8initOdomEvE3$_0EN3vex4taskEOT_ENUlPvE_8__invokeES7_
                0x0000000003804398       0x54 build/src/main/robot.o
 .text._ZNSt17_Function_handlerIFvvEZN6Bucees5Robot8initOdomEvE3$_0E9_M_invokeERKSt9_Any_data
                0x00000000038043ec       0x10 build/src/main/robot.o
 .text._ZNSt14_Function_base13_Base_managerIZN6Bucees5Robot8initOdomEvE3$_0E10_M_managerERSt9_Any_dataRKS5_St18_Manager_operation
                0x00000000038043fc       0x64 build/src/main/robot.o
 .text._ZZN6Bucees5Robot8initOdomEvENK3$_0clEv
                0x0000000003804460      0x190 build/src/main/robot.o
 .text._ZZ11launch_taskIZN6Bucees5Robot8DriveForEfNS0_11PIDSettingsEbfbE3$_1EN3vex4taskEOT_ENUlPvE_8__invokeES8_
                0x00000000038045f0       0x54 build/src/main/robot.o
 .text._ZNSt17_Function_handlerIFvvEZN6Bucees5Robot8DriveForEfNS1_11PIDSettingsEbfbE3$_1E9_M_invokeERKSt9_Any_data
                0x0000000003804644       0x6c build/src/main/robot.o
 .text._ZNSt14_Function_base13_Base_managerIZN6Bucees5Robot8DriveForEfNS1_11PIDSettingsEbfbE3$_1E10_M_managerERSt9_Any_dataRKS6_St18_Manager_operation
                0x00000000038046b0       0x70 build/src/main/robot.o
 .text._ZZ11launch_taskIZN6Bucees5Robot7TurnForEfNS0_11PIDSettingsEfbE3$_2EN3vex4taskEOT_ENUlPvE_8__invokeES8_
                0x0000000003804720       0x54 build/src/main/robot.o
 .text._ZNSt17_Function_handlerIFvvEZN6Bucees5Robot7TurnForEfNS1_11PIDSettingsEfbE3$_2E9_M_invokeERKSt9_Any_data
                0x0000000003804774       0x5c build/src/main/robot.o
 .text._ZNSt14_Function_base13_Base_managerIZN6Bucees5Robot7TurnForEfNS1_11PIDSettingsEfbE3$_2E10_M_managerERSt9_Any_dataRKS6_St18_Manager_operation
                0x00000000038047d0       0x64 build/src/main/robot.o
 .text._ZZ11launch_taskIZN6Bucees5Robot12DriveToPointEffNS0_11PIDSettingsES2_fbbfE3$_5EN3vex4taskEOT_ENUlPvE_8__invokeES8_
                0x0000000003804834       0x54 build/src/main/robot.o
 .text._ZNSt17_Function_handlerIFvvEZN6Bucees5Robot12DriveToPointEffNS1_11PIDSettingsES3_fbbfE3$_5E9_M_invokeERKSt9_Any_data
                0x0000000003804888      0x11c build/src/main/robot.o
 .text._ZNSt14_Function_base13_Base_managerIZN6Bucees5Robot12DriveToPointEffNS1_11PIDSettingsES3_fbbfE3$_5E10_M_managerERSt9_Any_dataRKS6_St18_Manager_operation
                0x00000000038049a4       0x74 build/src/main/robot.o
 .text._ZZ11launch_taskIZN6Bucees5Robot11TurnToPointEffNS0_11PIDSettingsEfbE3$_6EN3vex4taskEOT_ENUlPvE_8__invokeES8_
                0x0000000003804a18       0x54 build/src/main/robot.o
 .text._ZNSt17_Function_handlerIFvvEZN6Bucees5Robot11TurnToPointEffNS1_11PIDSettingsEfbE3$_6E9_M_invokeERKSt9_Any_data
                0x0000000003804a6c       0x6c build/src/main/robot.o
 .text._ZNSt14_Function_base13_Base_managerIZN6Bucees5Robot11TurnToPointEffNS1_11PIDSettingsEfbE3$_6E10_M_managerERSt9_Any_dataRKS6_St18_Manager_operation
                0x0000000003804ad8       0x70 build/src/main/robot.o
 .text._ZZ11launch_taskIZN6Bucees5Robot18DriveToCoordinatesEfffNS0_11PIDSettingsES2_fffbbfE3$_7EN3vex4taskEOT_ENUlPvE_8__invokeES8_
                0x0000000003804b48       0x54 build/src/main/robot.o
 .text._ZNSt17_Function_handlerIFvvEZN6Bucees5Robot18DriveToCoordinatesEfffNS1_11PIDSettingsES3_fffbbfE3$_7E9_M_invokeERKSt9_Any_data
                0x0000000003804b9c      0x148 build/src/main/robot.o
 .text._ZNSt14_Function_base13_Base_managerIZN6Bucees5Robot18DriveToCoordinatesEfffNS1_11PIDSettingsES3_fffbbfE3$_7E10_M_managerERSt9_Any_dataRKS6_St18_Manager_operation
                0x0000000003804ce4       0x70 build/src/main/robot.o
 .text._GLOBAL__sub_I_robot.cpp
                0x0000000003804d54       0x34 build/src/main/robot.o
 .text._ZN6Bucees11CoordinatesC2Efff
                0x0000000003804d88        0x8 build/src/utility/coordinates.o
                0x0000000003804d88                Bucees::Coordinates::Coordinates(float, float, float)
                0x0000000003804d88                Bucees::Coordinates::Coordinates(float, float, float)
 .text._ZN6Bucees11Coordinates8distanceES0_
                0x0000000003804d90       0x24 build/src/utility/coordinates.o
                0x0000000003804d90                Bucees::Coordinates::distance(Bucees::Coordinates)
 .text._ZN6Bucees11Coordinates5angleES0_
                0x0000000003804db4       0x24 build/src/utility/coordinates.o
                0x0000000003804db4                Bucees::Coordinates::angle(Bucees::Coordinates)
 .text._GLOBAL__sub_I_coordinates.cpp
                0x0000000003804dd8       0x34 build/src/utility/coordinates.o
 .text._ZN6Bucees13TrackingWheelC2Elbfff
                0x0000000003804e0c      0x154 build/src/utility/trackingWheel.o
                0x0000000003804e0c                Bucees::TrackingWheel::TrackingWheel(long, bool, float, float, float)
                0x0000000003804e0c                Bucees::TrackingWheel::TrackingWheel(long, bool, float, float, float)
 .text._ZN6Bucees13TrackingWheel13resetEncodersEv
                0x0000000003804f60       0xb8 build/src/utility/trackingWheel.o
                0x0000000003804f60                Bucees::TrackingWheel::resetEncoders()
 .text._ZN6Bucees13TrackingWheel9getOffsetEv
                0x0000000003805018        0x8 build/src/utility/trackingWheel.o
                0x0000000003805018                Bucees::TrackingWheel::getOffset()
 .text._ZN6Bucees13TrackingWheel19getDistanceTraveledEv
                0x0000000003805020       0x64 build/src/utility/trackingWheel.o
                0x0000000003805020                Bucees::TrackingWheel::getDistanceTraveled()
 .text._GLOBAL__sub_I_trackingWheel.cpp
                0x0000000003805084       0x34 build/src/utility/trackingWheel.o
 .text._Z3sgnf  0x00000000038050b8       0x18 build/src/utility/util.o
                0x00000000038050b8                sgn(float)
 .text._Z15to_wheel_travelfff
                0x00000000038050d0       0x50 build/src/utility/util.o
                0x00000000038050d0                to_wheel_travel(float, float, float)
 .text._Z4slewfff
                0x0000000003805120       0x4c build/src/utility/util.o
                0x0000000003805120                slew(float, float, float)
 *fill*         0x000000000380516c        0x4 
 .text._Z6to_radf
                0x0000000003805170       0x28 build/src/utility/util.o
                0x0000000003805170                to_rad(float)
 .text._Z6to_degf
                0x0000000003805198       0x28 build/src/utility/util.o
                0x0000000003805198                to_deg(float)
 .text._Z13findCurvatureN6Bucees11CoordinatesES0_f
                0x00000000038051c0       0xec build/src/utility/util.o
                0x00000000038051c0                findCurvature(Bucees::Coordinates, Bucees::Coordinates, float)
 .text._GLOBAL__sub_I_util.cpp
                0x00000000038052ac       0x34 build/src/utility/util.o
 .text.vexMain  0x00000000038052e0       0xb0 /Users/jordan/Library/Application Support/Code/User/globalStorage/vexrobotics.vexcode/sdk/cpp/V5/V5_20240223_11_00_00/vexv5/libv5rt.a(v5_startup.c.obj)
                0x00000000038052e0                vexMain
 .text.__vex_function_prolog
                0x0000000003805390       0x18 /Users/jordan/Library/Application Support/Code/User/globalStorage/vexrobotics.vexcode/sdk/cpp/V5/V5_20240223_11_00_00/vexv5/libv5rt.a(v5_startup.c.obj)
                0x0000000003805390                __vex_function_prolog
 .text._init    0x00000000038053a8        0x4 /Users/jordan/Library/Application Support/Code/User/globalStorage/vexrobotics.vexcode/sdk/cpp/V5/V5_20240223_11_00_00/vexv5/libv5rt.a(v5_startup.c.obj)
                0x00000000038053a8                _init
 .text._fini    0x00000000038053ac        0x4 /Users/jordan/Library/Application Support/Code/User/globalStorage/vexrobotics.vexcode/sdk/cpp/V5/V5_20240223_11_00_00/vexv5/libv5rt.a(v5_startup.c.obj)
                0x00000000038053ac                _fini
 .text.vexStdlibVersionLinked
                0x00000000038053b0        0xc /Users/jordan/Library/Application Support/Code/User/globalStorage/vexrobotics.vexcode/sdk/cpp/V5/V5_20240223_11_00_00/vexv5/libv5rt.a(v5_util.c.obj)
                0x00000000038053b0                vexStdlibVersionLinked
 .text.vexStdlibVersionVerify
                0x00000000038053bc       0x30 /Users/jordan/Library/Application Support/Code/User/globalStorage/vexrobotics.vexcode/sdk/cpp/V5/V5_20240223_11_00_00/vexv5/libv5rt.a(v5_util.c.obj)
                0x00000000038053bc                vexStdlibVersionVerify
 .text.vexPrivateApiEnable
                0x00000000038053ec       0x10 /Users/jordan/Library/Application Support/Code/User/globalStorage/vexrobotics.vexcode/sdk/cpp/V5/V5_20240223_11_00_00/vexv5/libv5rt.a(v5_apijump.c.obj)
                0x00000000038053ec                vexPrivateApiEnable
 .text.vexStdlibMismatchError
                0x00000000038053fc       0x3c /Users/jordan/Library/Application Support/Code/User/globalStorage/vexrobotics.vexcode/sdk/cpp/V5/V5_20240223_11_00_00/vexv5/libv5rt.a(v5_apijump.c.obj)
                0x00000000038053fc                vexStdlibMismatchError
 .text.vexScratchMemoryPtr
                0x0000000003805438       0x30 /Users/jordan/Library/Application Support/Code/User/globalStorage/vexrobotics.vexcode/sdk/cpp/V5/V5_20240223_11_00_00/vexv5/libv5rt.a(v5_apijump.c.obj)
                0x0000000003805438                vexScratchMemoryPtr
 .text.vexTaskAdd
                0x0000000003805468       0x10 /Users/jordan/Library/Application Support/Code/User/globalStorage/vexrobotics.vexcode/sdk/cpp/V5/V5_20240223_11_00_00/vexv5/libv5rt.a(v5_apijump.c.obj)
                0x0000000003805468                vexTaskAdd
 .text.vexTasksRun
                0x0000000003805478       0x10 /Users/jordan/Library/Application Support/Code/User/globalStorage/vexrobotics.vexcode/sdk/cpp/V5/V5_20240223_11_00_00/vexv5/libv5rt.a(v5_apijump.c.obj)
                0x0000000003805478                vexTasksRun
 .text.vexTaskYield
                0x0000000003805488       0x10 /Users/jordan/Library/Application Support/Code/User/globalStorage/vexrobotics.vexcode/sdk/cpp/V5/V5_20240223_11_00_00/vexv5/libv5rt.a(v5_apijump.c.obj)
                0x0000000003805488                vexTaskYield
 .text.vexTaskCheckTimeslice
                0x0000000003805498       0x10 /Users/jordan/Library/Application Support/Code/User/globalStorage/vexrobotics.vexcode/sdk/cpp/V5/V5_20240223_11_00_00/vexv5/libv5rt.a(v5_apijump.c.obj)
                0x0000000003805498                vexTaskCheckTimeslice
 .text.vexTaskSleep
                0x00000000038054a8       0x10 /Users/jordan/Library/Application Support/Code/User/globalStorage/vexrobotics.vexcode/sdk/cpp/V5/V5_20240223_11_00_00/vexv5/libv5rt.a(v5_apijump.c.obj)
                0x00000000038054a8                vexTaskSleep
 .text.vexSemaphoreInit
                0x00000000038054b8       0x24 /Users/jordan/Library/Application Support/Code/User/globalStorage/vexrobotics.vexcode/sdk/cpp/V5/V5_20240223_11_00_00/vexv5/libv5rt.a(v5_apijump.c.obj)
                0x00000000038054b8                vexSemaphoreInit
 .text.vexSemaphoreLock
                0x00000000038054dc       0x2c /Users/jordan/Library/Application Support/Code/User/globalStorage/vexrobotics.vexcode/sdk/cpp/V5/V5_20240223_11_00_00/vexv5/libv5rt.a(v5_apijump.c.obj)
                0x00000000038054dc                vexSemaphoreLock
 .text.vexSemaphoreUnlock
                0x0000000003805508       0x24 /Users/jordan/Library/Application Support/Code/User/globalStorage/vexrobotics.vexcode/sdk/cpp/V5/V5_20240223_11_00_00/vexv5/libv5rt.a(v5_apijump.c.obj)
                0x0000000003805508                vexSemaphoreUnlock
 .text.vexTasksDump
                0x000000000380552c       0x1c /Users/jordan/Library/Application Support/Code/User/globalStorage/vexrobotics.vexcode/sdk/cpp/V5/V5_20240223_11_00_00/vexv5/libv5rt.a(v5_apijump.c.obj)
                0x000000000380552c                vexTasksDump
 .text.vexTaskGetTaskIndex
                0x0000000003805548       0x10 /Users/jordan/Library/Application Support/Code/User/globalStorage/vexrobotics.vexcode/sdk/cpp/V5/V5_20240223_11_00_00/vexv5/libv5rt.a(v5_apijump.c.obj)
                0x0000000003805548                vexTaskGetTaskIndex
 .text.vexTaskStopAll
                0x0000000003805558       0x10 /Users/jordan/Library/Application Support/Code/User/globalStorage/vexrobotics.vexcode/sdk/cpp/V5/V5_20240223_11_00_00/vexv5/libv5rt.a(v5_apijump.c.obj)
                0x0000000003805558                vexTaskStopAll
 .text.vexTaskRemoveAllUser
                0x0000000003805568       0x34 /Users/jordan/Library/Application Support/Code/User/globalStorage/vexrobotics.vexcode/sdk/cpp/V5/V5_20240223_11_00_00/vexv5/libv5rt.a(v5_apijump.c.obj)
                0x0000000003805568                vexTaskRemoveAllUser
 .text.vexTaskCompletionIdSet
                0x000000000380559c       0x10 /Users/jordan/Library/Application Support/Code/User/globalStorage/vexrobotics.vexcode/sdk/cpp/V5/V5_20240223_11_00_00/vexv5/libv5rt.a(v5_apijump.c.obj)
                0x000000000380559c                vexTaskCompletionIdSet
 .text.vexTaskAddWithArg
                0x00000000038055ac       0x10 /Users/jordan/Library/Application Support/Code/User/globalStorage/vexrobotics.vexcode/sdk/cpp/V5/V5_20240223_11_00_00/vexv5/libv5rt.a(v5_apijump.c.obj)
                0x00000000038055ac                vexTaskAddWithArg
 .text.vexTaskStopWithId
                0x00000000038055bc       0x10 /Users/jordan/Library/Application Support/Code/User/globalStorage/vexrobotics.vexcode/sdk/cpp/V5/V5_20240223_11_00_00/vexv5/libv5rt.a(v5_apijump.c.obj)
                0x00000000038055bc                vexTaskStopWithId
 .text.vexCriticalSection
                0x00000000038055cc       0x2c /Users/jordan/Library/Application Support/Code/User/globalStorage/vexrobotics.vexcode/sdk/cpp/V5/V5_20240223_11_00_00/vexv5/libv5rt.a(v5_apijump.c.obj)
                0x00000000038055cc                vexCriticalSection
 .text.vexEventAdd
                0x00000000038055f8       0x34 /Users/jordan/Library/Application Support/Code/User/globalStorage/vexrobotics.vexcode/sdk/cpp/V5/V5_20240223_11_00_00/vexv5/libv5rt.a(v5_apijump.c.obj)
                0x00000000038055f8                vexEventAdd
 .text.vexEventUserIndexGet
                0x000000000380562c       0x1c /Users/jordan/Library/Application Support/Code/User/globalStorage/vexrobotics.vexcode/sdk/cpp/V5/V5_20240223_11_00_00/vexv5/libv5rt.a(v5_apijump.c.obj)
                0x000000000380562c                vexEventUserIndexGet
 .text.vexEventAddWithArg
                0x0000000003805648       0x3c /Users/jordan/Library/Application Support/Code/User/globalStorage/vexrobotics.vexcode/sdk/cpp/V5/V5_20240223_11_00_00/vexv5/libv5rt.a(v5_apijump.c.obj)
                0x0000000003805648                vexEventAddWithArg
 .text.vexEventsCleanup
                0x0000000003805684       0x2c /Users/jordan/Library/Application Support/Code/User/globalStorage/vexrobotics.vexcode/sdk/cpp/V5/V5_20240223_11_00_00/vexv5/libv5rt.a(v5_apijump.c.obj)
                0x0000000003805684                vexEventsCleanup
 .text.vexDebug
                0x00000000038056b0       0x38 /Users/jordan/Library/Application Support/Code/User/globalStorage/vexrobotics.vexcode/sdk/cpp/V5/V5_20240223_11_00_00/vexv5/libv5rt.a(v5_apijump.c.obj)
                0x00000000038056b0                vexDebug
 .text.vex_sprintf
                0x00000000038056e8       0x40 /Users/jordan/Library/Application Support/Code/User/globalStorage/vexrobotics.vexcode/sdk/cpp/V5/V5_20240223_11_00_00/vexv5/libv5rt.a(v5_apijump.c.obj)
                0x00000000038056e8                vex_sprintf
 .text.vexSystemTimeGet
                0x0000000003805728       0x1c /Users/jordan/Library/Application Support/Code/User/globalStorage/vexrobotics.vexcode/sdk/cpp/V5/V5_20240223_11_00_00/vexv5/libv5rt.a(v5_apijump.c.obj)
                0x0000000003805728                vexSystemTimeGet
 .text.vexSystemExitRequest
                0x0000000003805744       0x1c /Users/jordan/Library/Application Support/Code/User/globalStorage/vexrobotics.vexcode/sdk/cpp/V5/V5_20240223_11_00_00/vexv5/libv5rt.a(v5_apijump.c.obj)
                0x0000000003805744                vexSystemExitRequest
 .text.vexDeviceGetByIndex
                0x0000000003805760       0x24 /Users/jordan/Library/Application Support/Code/User/globalStorage/vexrobotics.vexcode/sdk/cpp/V5/V5_20240223_11_00_00/vexv5/libv5rt.a(v5_apijump.c.obj)
                0x0000000003805760                vexDeviceGetByIndex
 .text.vexControllerGet
                0x0000000003805784       0x2c /Users/jordan/Library/Application Support/Code/User/globalStorage/vexrobotics.vexcode/sdk/cpp/V5/V5_20240223_11_00_00/vexv5/libv5rt.a(v5_apijump.c.obj)
                0x0000000003805784                vexControllerGet
 .text.vexDeviceAdiPortConfigSet
                0x00000000038057b0       0x34 /Users/jordan/Library/Application Support/Code/User/globalStorage/vexrobotics.vexcode/sdk/cpp/V5/V5_20240223_11_00_00/vexv5/libv5rt.a(v5_apijump.c.obj)
                0x00000000038057b0                vexDeviceAdiPortConfigSet
 .text.vexDeviceAdiPortConfigGet
                0x00000000038057e4       0x2c /Users/jordan/Library/Application Support/Code/User/globalStorage/vexrobotics.vexcode/sdk/cpp/V5/V5_20240223_11_00_00/vexv5/libv5rt.a(v5_apijump.c.obj)
                0x00000000038057e4                vexDeviceAdiPortConfigGet
 .text.vexDeviceAdiValueSet
                0x0000000003805810       0x34 /Users/jordan/Library/Application Support/Code/User/globalStorage/vexrobotics.vexcode/sdk/cpp/V5/V5_20240223_11_00_00/vexv5/libv5rt.a(v5_apijump.c.obj)
                0x0000000003805810                vexDeviceAdiValueSet
 .text.vexDeviceMotorVelocitySet
                0x0000000003805844       0x2c /Users/jordan/Library/Application Support/Code/User/globalStorage/vexrobotics.vexcode/sdk/cpp/V5/V5_20240223_11_00_00/vexv5/libv5rt.a(v5_apijump.c.obj)
                0x0000000003805844                vexDeviceMotorVelocitySet
 .text.vexDeviceMotorVoltageSet
                0x0000000003805870       0x2c /Users/jordan/Library/Application Support/Code/User/globalStorage/vexrobotics.vexcode/sdk/cpp/V5/V5_20240223_11_00_00/vexv5/libv5rt.a(v5_apijump.c.obj)
                0x0000000003805870                vexDeviceMotorVoltageSet
 .text.vexDeviceMotorActualVelocityGet
                0x000000000380589c       0x24 /Users/jordan/Library/Application Support/Code/User/globalStorage/vexrobotics.vexcode/sdk/cpp/V5/V5_20240223_11_00_00/vexv5/libv5rt.a(v5_apijump.c.obj)
                0x000000000380589c                vexDeviceMotorActualVelocityGet
 .text.vexDeviceMotorTemperatureGet
                0x00000000038058c0       0x24 /Users/jordan/Library/Application Support/Code/User/globalStorage/vexrobotics.vexcode/sdk/cpp/V5/V5_20240223_11_00_00/vexv5/libv5rt.a(v5_apijump.c.obj)
                0x00000000038058c0                vexDeviceMotorTemperatureGet
 .text.vexDeviceMotorReverseFlagSet
                0x00000000038058e4       0x2c /Users/jordan/Library/Application Support/Code/User/globalStorage/vexrobotics.vexcode/sdk/cpp/V5/V5_20240223_11_00_00/vexv5/libv5rt.a(v5_apijump.c.obj)
                0x00000000038058e4                vexDeviceMotorReverseFlagSet
 .text.vexDeviceMotorEncoderUnitsSet
                0x0000000003805910       0x2c /Users/jordan/Library/Application Support/Code/User/globalStorage/vexrobotics.vexcode/sdk/cpp/V5/V5_20240223_11_00_00/vexv5/libv5rt.a(v5_apijump.c.obj)
                0x0000000003805910                vexDeviceMotorEncoderUnitsSet
 .text.vexDeviceMotorBrakeModeSet
                0x000000000380593c       0x2c /Users/jordan/Library/Application Support/Code/User/globalStorage/vexrobotics.vexcode/sdk/cpp/V5/V5_20240223_11_00_00/vexv5/libv5rt.a(v5_apijump.c.obj)
                0x000000000380593c                vexDeviceMotorBrakeModeSet
 .text.vexDeviceMotorPositionSet
                0x0000000003805968       0x34 /Users/jordan/Library/Application Support/Code/User/globalStorage/vexrobotics.vexcode/sdk/cpp/V5/V5_20240223_11_00_00/vexv5/libv5rt.a(v5_apijump.c.obj)
                0x0000000003805968                vexDeviceMotorPositionSet
 .text.vexDeviceMotorPositionGet
                0x000000000380599c       0x24 /Users/jordan/Library/Application Support/Code/User/globalStorage/vexrobotics.vexcode/sdk/cpp/V5/V5_20240223_11_00_00/vexv5/libv5rt.a(v5_apijump.c.obj)
                0x000000000380599c                vexDeviceMotorPositionGet
 .text.vexDeviceMotorGearingSet
                0x00000000038059c0       0x2c /Users/jordan/Library/Application Support/Code/User/globalStorage/vexrobotics.vexcode/sdk/cpp/V5/V5_20240223_11_00_00/vexv5/libv5rt.a(v5_apijump.c.obj)
                0x00000000038059c0                vexDeviceMotorGearingSet
 .text.vexDeviceMotorGearingGet
                0x00000000038059ec       0x24 /Users/jordan/Library/Application Support/Code/User/globalStorage/vexrobotics.vexcode/sdk/cpp/V5/V5_20240223_11_00_00/vexv5/libv5rt.a(v5_apijump.c.obj)
                0x00000000038059ec                vexDeviceMotorGearingGet
 .text.vexDeviceImuReset
                0x0000000003805a10       0x24 /Users/jordan/Library/Application Support/Code/User/globalStorage/vexrobotics.vexcode/sdk/cpp/V5/V5_20240223_11_00_00/vexv5/libv5rt.a(v5_apijump.c.obj)
                0x0000000003805a10                vexDeviceImuReset
 .text.vexDeviceImuHeadingGet
                0x0000000003805a34       0x24 /Users/jordan/Library/Application Support/Code/User/globalStorage/vexrobotics.vexcode/sdk/cpp/V5/V5_20240223_11_00_00/vexv5/libv5rt.a(v5_apijump.c.obj)
                0x0000000003805a34                vexDeviceImuHeadingGet
 .text.vexDeviceImuDegreesGet
                0x0000000003805a58       0x24 /Users/jordan/Library/Application Support/Code/User/globalStorage/vexrobotics.vexcode/sdk/cpp/V5/V5_20240223_11_00_00/vexv5/libv5rt.a(v5_apijump.c.obj)
                0x0000000003805a58                vexDeviceImuDegreesGet
 .text.vexDeviceImuStatusGet
                0x0000000003805a7c       0x24 /Users/jordan/Library/Application Support/Code/User/globalStorage/vexrobotics.vexcode/sdk/cpp/V5/V5_20240223_11_00_00/vexv5/libv5rt.a(v5_apijump.c.obj)
                0x0000000003805a7c                vexDeviceImuStatusGet
 .text.vexDeviceAbsEncPositionSet
                0x0000000003805aa0       0x2c /Users/jordan/Library/Application Support/Code/User/globalStorage/vexrobotics.vexcode/sdk/cpp/V5/V5_20240223_11_00_00/vexv5/libv5rt.a(v5_apijump.c.obj)
                0x0000000003805aa0                vexDeviceAbsEncPositionSet
 .text.vexDeviceAbsEncPositionGet
                0x0000000003805acc       0x24 /Users/jordan/Library/Application Support/Code/User/globalStorage/vexrobotics.vexcode/sdk/cpp/V5/V5_20240223_11_00_00/vexv5/libv5rt.a(v5_apijump.c.obj)
                0x0000000003805acc                vexDeviceAbsEncPositionGet
 .text.vexDeviceAbsEncAngleGet
                0x0000000003805af0       0x24 /Users/jordan/Library/Application Support/Code/User/globalStorage/vexrobotics.vexcode/sdk/cpp/V5/V5_20240223_11_00_00/vexv5/libv5rt.a(v5_apijump.c.obj)
                0x0000000003805af0                vexDeviceAbsEncAngleGet
 .text.vexDeviceAbsEncReverseFlagSet
                0x0000000003805b14       0x2c /Users/jordan/Library/Application Support/Code/User/globalStorage/vexrobotics.vexcode/sdk/cpp/V5/V5_20240223_11_00_00/vexv5/libv5rt.a(v5_apijump.c.obj)
                0x0000000003805b14                vexDeviceAbsEncReverseFlagSet
 .text.vexDisplayForegroundColor
                0x0000000003805b40       0x24 /Users/jordan/Library/Application Support/Code/User/globalStorage/vexrobotics.vexcode/sdk/cpp/V5/V5_20240223_11_00_00/vexv5/libv5rt.a(v5_apijump.c.obj)
                0x0000000003805b40                vexDisplayForegroundColor
 .text.vexDisplayBackgroundColor
                0x0000000003805b64       0x24 /Users/jordan/Library/Application Support/Code/User/globalStorage/vexrobotics.vexcode/sdk/cpp/V5/V5_20240223_11_00_00/vexv5/libv5rt.a(v5_apijump.c.obj)
                0x0000000003805b64                vexDisplayBackgroundColor
 .text.vexDisplayBackgroundColorGet
                0x0000000003805b88       0x1c /Users/jordan/Library/Application Support/Code/User/globalStorage/vexrobotics.vexcode/sdk/cpp/V5/V5_20240223_11_00_00/vexv5/libv5rt.a(v5_apijump.c.obj)
                0x0000000003805b88                vexDisplayBackgroundColorGet
 .text.vexDisplayCopyRect
                0x0000000003805ba4       0x5c /Users/jordan/Library/Application Support/Code/User/globalStorage/vexrobotics.vexcode/sdk/cpp/V5/V5_20240223_11_00_00/vexv5/libv5rt.a(v5_apijump.c.obj)
                0x0000000003805ba4                vexDisplayCopyRect
 .text.vexDisplayRectClear
                0x0000000003805c00       0x4c /Users/jordan/Library/Application Support/Code/User/globalStorage/vexrobotics.vexcode/sdk/cpp/V5/V5_20240223_11_00_00/vexv5/libv5rt.a(v5_apijump.c.obj)
                0x0000000003805c00                vexDisplayRectClear
 .text.vexDisplayVPrintf
                0x0000000003805c4c       0x50 /Users/jordan/Library/Application Support/Code/User/globalStorage/vexrobotics.vexcode/sdk/cpp/V5/V5_20240223_11_00_00/vexv5/libv5rt.a(v5_apijump.c.obj)
                0x0000000003805c4c                vexDisplayVPrintf
 .text.vexDisplayTextReference
                0x0000000003805c9c       0x24 /Users/jordan/Library/Application Support/Code/User/globalStorage/vexrobotics.vexcode/sdk/cpp/V5/V5_20240223_11_00_00/vexv5/libv5rt.a(v5_apijump.c.obj)
                0x0000000003805c9c                vexDisplayTextReference
 .text.vexDisplayTextSize
                0x0000000003805cc0       0x2c /Users/jordan/Library/Application Support/Code/User/globalStorage/vexrobotics.vexcode/sdk/cpp/V5/V5_20240223_11_00_00/vexv5/libv5rt.a(v5_apijump.c.obj)
                0x0000000003805cc0                vexDisplayTextSize
 .text.vexDisplayFontNamedSet
                0x0000000003805cec       0x24 /Users/jordan/Library/Application Support/Code/User/globalStorage/vexrobotics.vexcode/sdk/cpp/V5/V5_20240223_11_00_00/vexv5/libv5rt.a(v5_apijump.c.obj)
                0x0000000003805cec                vexDisplayFontNamedSet
 .text.vexFileOpen
                0x0000000003805d10       0x2c /Users/jordan/Library/Application Support/Code/User/globalStorage/vexrobotics.vexcode/sdk/cpp/V5/V5_20240223_11_00_00/vexv5/libv5rt.a(v5_apijump.c.obj)
                0x0000000003805d10                vexFileOpen
 .text.vexFileClose
                0x0000000003805d3c       0x24 /Users/jordan/Library/Application Support/Code/User/globalStorage/vexrobotics.vexcode/sdk/cpp/V5/V5_20240223_11_00_00/vexv5/libv5rt.a(v5_apijump.c.obj)
                0x0000000003805d3c                vexFileClose
 .text.vexFileRead
                0x0000000003805d60       0x3c /Users/jordan/Library/Application Support/Code/User/globalStorage/vexrobotics.vexcode/sdk/cpp/V5/V5_20240223_11_00_00/vexv5/libv5rt.a(v5_apijump.c.obj)
                0x0000000003805d60                vexFileRead
 .text.vexFileSize
                0x0000000003805d9c       0x24 /Users/jordan/Library/Application Support/Code/User/globalStorage/vexrobotics.vexcode/sdk/cpp/V5/V5_20240223_11_00_00/vexv5/libv5rt.a(v5_apijump.c.obj)
                0x0000000003805d9c                vexFileSize
 .text.vexSystemStdlibImpureDataAddr
                0x0000000003805dc0       0x28 /Users/jordan/Library/Application Support/Code/User/globalStorage/vexrobotics.vexcode/sdk/cpp/V5/V5_20240223_11_00_00/vexv5/libv5rt.a(v5_apijump.c.obj)
                0x0000000003805dc0                vexSystemStdlibImpureDataAddr
 .text.vexSystemStdlibImpureDataSize
                0x0000000003805de8       0x28 /Users/jordan/Library/Application Support/Code/User/globalStorage/vexrobotics.vexcode/sdk/cpp/V5/V5_20240223_11_00_00/vexv5/libv5rt.a(v5_apijump.c.obj)
                0x0000000003805de8                vexSystemStdlibImpureDataSize
 .text.vexSystemSaveUserData
                0x0000000003805e10       0x3c /Users/jordan/Library/Application Support/Code/User/globalStorage/vexrobotics.vexcode/sdk/cpp/V5/V5_20240223_11_00_00/vexv5/libv5rt.a(v5_apijump.c.obj)
                0x0000000003805e10                vexSystemSaveUserData
 .text.vexImageBmpRead
                0x0000000003805e4c       0x3c /Users/jordan/Library/Application Support/Code/User/globalStorage/vexrobotics.vexcode/sdk/cpp/V5/V5_20240223_11_00_00/vexv5/libv5rt.a(v5_apijump.c.obj)
                0x0000000003805e4c                vexImageBmpRead
 .text.vexImagePngRead
                0x0000000003805e88       0x44 /Users/jordan/Library/Application Support/Code/User/globalStorage/vexrobotics.vexcode/sdk/cpp/V5/V5_20240223_11_00_00/vexv5/libv5rt.a(v5_apijump.c.obj)
                0x0000000003805e88                vexImagePngRead
 .text.vexDisplayThemeIdGet
                0x0000000003805ecc       0x38 /Users/jordan/Library/Application Support/Code/User/globalStorage/vexrobotics.vexcode/sdk/cpp/V5/V5_20240223_11_00_00/vexv5/libv5rt.a(v5_apijump.c.obj)
                0x0000000003805ecc                vexDisplayThemeIdGet
 .text.vexDisplayRender
                0x0000000003805f04       0x2c /Users/jordan/Library/Application Support/Code/User/globalStorage/vexrobotics.vexcode/sdk/cpp/V5/V5_20240223_11_00_00/vexv5/libv5rt.a(v5_apijump.c.obj)
                0x0000000003805f04                vexDisplayRender
 .text.vexDeviceEventMaskSet
                0x0000000003805f30       0x48 /Users/jordan/Library/Application Support/Code/User/globalStorage/vexrobotics.vexcode/sdk/cpp/V5/V5_20240223_11_00_00/vexv5/libv5rt.a(v5_apijump.c.obj)
                0x0000000003805f30                vexDeviceEventMaskSet
 .text.vexDeviceEventMaskGet
                0x0000000003805f78       0x3c /Users/jordan/Library/Application Support/Code/User/globalStorage/vexrobotics.vexcode/sdk/cpp/V5/V5_20240223_11_00_00/vexv5/libv5rt.a(v5_apijump.c.obj)
                0x0000000003805f78                vexDeviceEventMaskGet
 .text.vexSystemVersion
                0x0000000003805fb4       0x10 /Users/jordan/Library/Application Support/Code/User/globalStorage/vexrobotics.vexcode/sdk/cpp/V5/V5_20240223_11_00_00/vexv5/libv5rt.a(v5_apiversions.c.obj)
                0x0000000003805fb4                vexSystemVersion
 .text.vexStdlibVersion
                0x0000000003805fc4       0x10 /Users/jordan/Library/Application Support/Code/User/globalStorage/vexrobotics.vexcode/sdk/cpp/V5/V5_20240223_11_00_00/vexv5/libv5rt.a(v5_apiversions.c.obj)
                0x0000000003805fc4                vexStdlibVersion
 *fill*         0x0000000003805fd4        0x4 
 .text._ZN3vex4waitEdNS_9timeUnitsE
                0x0000000003805fd8       0x30 /Users/jordan/Library/Application Support/Code/User/globalStorage/vexrobotics.vexcode/sdk/cpp/V5/V5_20240223_11_00_00/vexv5/libv5rt.a(vex_global.cpp.obj)
                0x0000000003805fd8                vex::wait(double, vex::timeUnits)
 .text._ZN3vex5motorD2Ev
                0x0000000003806008       0x20 /Users/jordan/Library/Application Support/Code/User/globalStorage/vexrobotics.vexcode/sdk/cpp/V5/V5_20240223_11_00_00/vexv5/libv5rt.a(vex_motor.cpp.obj)
                0x0000000003806008                vex::motor::~motor()
                0x0000000003806008                vex::motor::~motor()
 .text._ZN3vex5motorD0Ev
                0x0000000003806028       0x1c /Users/jordan/Library/Application Support/Code/User/globalStorage/vexrobotics.vexcode/sdk/cpp/V5/V5_20240223_11_00_00/vexv5/libv5rt.a(vex_motor.cpp.obj)
                0x0000000003806028                vex::motor::~motor()
 .text._ZN3vex5motor9installedEv
                0x0000000003806044       0x18 /Users/jordan/Library/Application Support/Code/User/globalStorage/vexrobotics.vexcode/sdk/cpp/V5/V5_20240223_11_00_00/vexv5/libv5rt.a(vex_motor.cpp.obj)
                0x0000000003806044                vex::motor::installed()
 .text._ZN3vex5motor15defaultStoppingENS_9brakeTypeE
                0x000000000380605c       0x30 /Users/jordan/Library/Application Support/Code/User/globalStorage/vexrobotics.vexcode/sdk/cpp/V5/V5_20240223_11_00_00/vexv5/libv5rt.a(vex_motor.cpp.obj)
                0x000000000380605c                vex::motor::defaultStopping(vex::brakeType)
 .text._ZN3vex5motor8setBrakeENS_9brakeTypeE
                0x000000000380608c        0x4 /Users/jordan/Library/Application Support/Code/User/globalStorage/vexrobotics.vexcode/sdk/cpp/V5/V5_20240223_11_00_00/vexv5/libv5rt.a(vex_motor.cpp.obj)
                0x000000000380608c                vex::motor::setBrake(vex::brakeType)
 .text._ZN3vex5motorC2El
                0x0000000003806090       0x78 /Users/jordan/Library/Application Support/Code/User/globalStorage/vexrobotics.vexcode/sdk/cpp/V5/V5_20240223_11_00_00/vexv5/libv5rt.a(vex_motor.cpp.obj)
                0x0000000003806090                vex::motor::motor(long)
                0x0000000003806090                vex::motor::motor(long)
 .text._ZN3vex5motorC2ElNS_11gearSettingEb
                0x0000000003806108       0x34 /Users/jordan/Library/Application Support/Code/User/globalStorage/vexrobotics.vexcode/sdk/cpp/V5/V5_20240223_11_00_00/vexv5/libv5rt.a(vex_motor.cpp.obj)
                0x0000000003806108                vex::motor::motor(long, vex::gearSetting, bool)
                0x0000000003806108                vex::motor::motor(long, vex::gearSetting, bool)
 .text._ZN3vex5motorC2Elb
                0x000000000380613c       0x24 /Users/jordan/Library/Application Support/Code/User/globalStorage/vexrobotics.vexcode/sdk/cpp/V5/V5_20240223_11_00_00/vexv5/libv5rt.a(vex_motor.cpp.obj)
                0x000000000380613c                vex::motor::motor(long, bool)
                0x000000000380613c                vex::motor::motor(long, bool)
 .text._ZN3vex5motor4spinENS_13directionTypeEdNS_12voltageUnitsE
                0x0000000003806160       0x50 /Users/jordan/Library/Application Support/Code/User/globalStorage/vexrobotics.vexcode/sdk/cpp/V5/V5_20240223_11_00_00/vexv5/libv5rt.a(vex_motor.cpp.obj)
                0x0000000003806160                vex::motor::spin(vex::directionType, double, vex::voltageUnits)
 .text._ZN3vex5motor4stopENS_9brakeTypeE
                0x00000000038061b0       0x30 /Users/jordan/Library/Application Support/Code/User/globalStorage/vexrobotics.vexcode/sdk/cpp/V5/V5_20240223_11_00_00/vexv5/libv5rt.a(vex_motor.cpp.obj)
                0x00000000038061b0                vex::motor::stop(vex::brakeType)
 .text._ZN3vex5motor4stopEv
                0x00000000038061e0        0x8 /Users/jordan/Library/Application Support/Code/User/globalStorage/vexrobotics.vexcode/sdk/cpp/V5/V5_20240223_11_00_00/vexv5/libv5rt.a(vex_motor.cpp.obj)
                0x00000000038061e0                vex::motor::stop()
 .text._ZN3vex5motor11temperatureENS_16temperatureUnitsE
                0x00000000038061e8       0x40 /Users/jordan/Library/Application Support/Code/User/globalStorage/vexrobotics.vexcode/sdk/cpp/V5/V5_20240223_11_00_00/vexv5/libv5rt.a(vex_motor.cpp.obj)
                0x00000000038061e8                vex::motor::temperature(vex::temperatureUnits)
 .text._ZN3vex5motor16velocityToScaledEdNS_13velocityUnitsE
                0x0000000003806228       0x5c /Users/jordan/Library/Application Support/Code/User/globalStorage/vexrobotics.vexcode/sdk/cpp/V5/V5_20240223_11_00_00/vexv5/libv5rt.a(vex_motor.cpp.obj)
                0x0000000003806228                vex::motor::velocityToScaled(double, vex::velocityUnits)
 .text._ZN3vex5motor8velocityENS_13velocityUnitsE
                0x0000000003806284       0x30 /Users/jordan/Library/Application Support/Code/User/globalStorage/vexrobotics.vexcode/sdk/cpp/V5/V5_20240223_11_00_00/vexv5/libv5rt.a(vex_motor.cpp.obj)
                0x0000000003806284                vex::motor::velocity(vex::velocityUnits)
 .text._ZN3vex5motor5valueEv
                0x00000000038062b4       0x1c /Users/jordan/Library/Application Support/Code/User/globalStorage/vexrobotics.vexcode/sdk/cpp/V5/V5_20240223_11_00_00/vexv5/libv5rt.a(vex_motor.cpp.obj)
                0x00000000038062b4                vex::motor::value()
 .text._ZN3vex5motor16setRotationUnitsENS_13rotationUnitsE
                0x00000000038062d0       0x1c /Users/jordan/Library/Application Support/Code/User/globalStorage/vexrobotics.vexcode/sdk/cpp/V5/V5_20240223_11_00_00/vexv5/libv5rt.a(vex_motor.cpp.obj)
                0x00000000038062d0                vex::motor::setRotationUnits(vex::rotationUnits)
 .text._ZN3vex5motor11setPositionEdNS_13rotationUnitsE
                0x00000000038062ec       0x44 /Users/jordan/Library/Application Support/Code/User/globalStorage/vexrobotics.vexcode/sdk/cpp/V5/V5_20240223_11_00_00/vexv5/libv5rt.a(vex_motor.cpp.obj)
                0x00000000038062ec                vex::motor::setPosition(double, vex::rotationUnits)
 .text._ZN3vex5motor13resetPositionEv
                0x0000000003806330       0x20 /Users/jordan/Library/Application Support/Code/User/globalStorage/vexrobotics.vexcode/sdk/cpp/V5/V5_20240223_11_00_00/vexv5/libv5rt.a(vex_motor.cpp.obj)
                0x0000000003806330                vex::motor::resetPosition()
 .text._ZN3vex5motor8positionENS_13rotationUnitsE
                0x0000000003806350       0x44 /Users/jordan/Library/Application Support/Code/User/globalStorage/vexrobotics.vexcode/sdk/cpp/V5/V5_20240223_11_00_00/vexv5/libv5rt.a(vex_motor.cpp.obj)
                0x0000000003806350                vex::motor::position(vex::rotationUnits)
 .text._ZN3vex8inertial11getTurnTypeEv
                0x0000000003806394        0x8 /Users/jordan/Library/Application Support/Code/User/globalStorage/vexrobotics.vexcode/sdk/cpp/V5/V5_20240223_11_00_00/vexv5/libv5rt.a(vex_imu.cpp.obj)
                0x0000000003806394                vex::inertial::getTurnType()
 .text._ZThn16_N3vex8inertial11getTurnTypeEv
                0x000000000380639c        0x8 /Users/jordan/Library/Application Support/Code/User/globalStorage/vexrobotics.vexcode/sdk/cpp/V5/V5_20240223_11_00_00/vexv5/libv5rt.a(vex_imu.cpp.obj)
                0x000000000380639c                non-virtual thunk to vex::inertial::getTurnType()
 *fill*         0x00000000038063a4        0x4 
 .text._ZN3vex8inertial10setHeadingEdNS_13rotationUnitsE
                0x00000000038063a8       0x58 /Users/jordan/Library/Application Support/Code/User/globalStorage/vexrobotics.vexcode/sdk/cpp/V5/V5_20240223_11_00_00/vexv5/libv5rt.a(vex_imu.cpp.obj)
                0x00000000038063a8                vex::inertial::setHeading(double, vex::rotationUnits)
 .text._ZThn16_N3vex8inertial10setHeadingEdNS_13rotationUnitsE
                0x0000000003806400        0x8 /Users/jordan/Library/Application Support/Code/User/globalStorage/vexrobotics.vexcode/sdk/cpp/V5/V5_20240223_11_00_00/vexv5/libv5rt.a(vex_imu.cpp.obj)
                0x0000000003806400                non-virtual thunk to vex::inertial::setHeading(double, vex::rotationUnits)
 .text._ZN3vex8inertial11setRotationEdNS_13rotationUnitsE
                0x0000000003806408       0x58 /Users/jordan/Library/Application Support/Code/User/globalStorage/vexrobotics.vexcode/sdk/cpp/V5/V5_20240223_11_00_00/vexv5/libv5rt.a(vex_imu.cpp.obj)
                0x0000000003806408                vex::inertial::setRotation(double, vex::rotationUnits)
 .text._ZThn16_N3vex8inertial11setRotationEdNS_13rotationUnitsE
                0x0000000003806460        0x8 /Users/jordan/Library/Application Support/Code/User/globalStorage/vexrobotics.vexcode/sdk/cpp/V5/V5_20240223_11_00_00/vexv5/libv5rt.a(vex_imu.cpp.obj)
                0x0000000003806460                non-virtual thunk to vex::inertial::setRotation(double, vex::rotationUnits)
 .text._ZN3vex8inertialD2Ev
                0x0000000003806468       0x20 /Users/jordan/Library/Application Support/Code/User/globalStorage/vexrobotics.vexcode/sdk/cpp/V5/V5_20240223_11_00_00/vexv5/libv5rt.a(vex_imu.cpp.obj)
                0x0000000003806468                vex::inertial::~inertial()
                0x0000000003806468                vex::inertial::~inertial()
 .text._ZThn16_N3vex8inertialD1Ev
                0x0000000003806488        0x8 /Users/jordan/Library/Application Support/Code/User/globalStorage/vexrobotics.vexcode/sdk/cpp/V5/V5_20240223_11_00_00/vexv5/libv5rt.a(vex_imu.cpp.obj)
                0x0000000003806488                non-virtual thunk to vex::inertial::~inertial()
 .text._ZN3vex8inertialD0Ev
                0x0000000003806490       0x1c /Users/jordan/Library/Application Support/Code/User/globalStorage/vexrobotics.vexcode/sdk/cpp/V5/V5_20240223_11_00_00/vexv5/libv5rt.a(vex_imu.cpp.obj)
                0x0000000003806490                vex::inertial::~inertial()
 .text._ZThn16_N3vex8inertialD0Ev
                0x00000000038064ac        0x8 /Users/jordan/Library/Application Support/Code/User/globalStorage/vexrobotics.vexcode/sdk/cpp/V5/V5_20240223_11_00_00/vexv5/libv5rt.a(vex_imu.cpp.obj)
                0x00000000038064ac                non-virtual thunk to vex::inertial::~inertial()
 .text._ZN3vex8inertial9installedEv
                0x00000000038064b4       0x18 /Users/jordan/Library/Application Support/Code/User/globalStorage/vexrobotics.vexcode/sdk/cpp/V5/V5_20240223_11_00_00/vexv5/libv5rt.a(vex_imu.cpp.obj)
                0x00000000038064b4                vex::inertial::installed()
 .text._ZN3vex8inertial5angleENS_13rotationUnitsE
                0x00000000038064cc       0x6c /Users/jordan/Library/Application Support/Code/User/globalStorage/vexrobotics.vexcode/sdk/cpp/V5/V5_20240223_11_00_00/vexv5/libv5rt.a(vex_imu.cpp.obj)
                0x00000000038064cc                vex::inertial::angle(vex::rotationUnits)
 .text._ZThn16_N3vex8inertial5angleENS_13rotationUnitsE
                0x0000000003806538        0x8 /Users/jordan/Library/Application Support/Code/User/globalStorage/vexrobotics.vexcode/sdk/cpp/V5/V5_20240223_11_00_00/vexv5/libv5rt.a(vex_imu.cpp.obj)
                0x0000000003806538                non-virtual thunk to vex::inertial::angle(vex::rotationUnits)
 .text._ZN3vex8inertial7headingENS_13rotationUnitsE
                0x0000000003806540        0x4 /Users/jordan/Library/Application Support/Code/User/globalStorage/vexrobotics.vexcode/sdk/cpp/V5/V5_20240223_11_00_00/vexv5/libv5rt.a(vex_imu.cpp.obj)
                0x0000000003806540                vex::inertial::heading(vex::rotationUnits)
 .text._ZThn16_N3vex8inertial7headingENS_13rotationUnitsE
                0x0000000003806544        0x8 /Users/jordan/Library/Application Support/Code/User/globalStorage/vexrobotics.vexcode/sdk/cpp/V5/V5_20240223_11_00_00/vexv5/libv5rt.a(vex_imu.cpp.obj)
                0x0000000003806544                non-virtual thunk to vex::inertial::heading(vex::rotationUnits)
 .text._ZN3vex8inertial5valueEv
                0x000000000380654c       0x1c /Users/jordan/Library/Application Support/Code/User/globalStorage/vexrobotics.vexcode/sdk/cpp/V5/V5_20240223_11_00_00/vexv5/libv5rt.a(vex_imu.cpp.obj)
                0x000000000380654c                vex::inertial::value()
 .text._ZN3vex8inertial8rotationENS_13rotationUnitsE
                0x0000000003806568       0x48 /Users/jordan/Library/Application Support/Code/User/globalStorage/vexrobotics.vexcode/sdk/cpp/V5/V5_20240223_11_00_00/vexv5/libv5rt.a(vex_imu.cpp.obj)
                0x0000000003806568                vex::inertial::rotation(vex::rotationUnits)
 .text._ZThn16_N3vex8inertial8rotationENS_13rotationUnitsE
                0x00000000038065b0        0x8 /Users/jordan/Library/Application Support/Code/User/globalStorage/vexrobotics.vexcode/sdk/cpp/V5/V5_20240223_11_00_00/vexv5/libv5rt.a(vex_imu.cpp.obj)
                0x00000000038065b0                non-virtual thunk to vex::inertial::rotation(vex::rotationUnits)
 .text._ZN3vex8inertial13isCalibratingEv
                0x00000000038065b8       0x38 /Users/jordan/Library/Application Support/Code/User/globalStorage/vexrobotics.vexcode/sdk/cpp/V5/V5_20240223_11_00_00/vexv5/libv5rt.a(vex_imu.cpp.obj)
                0x00000000038065b8                vex::inertial::isCalibrating()
 .text._ZThn16_N3vex8inertial13isCalibratingEv
                0x00000000038065f0        0x8 /Users/jordan/Library/Application Support/Code/User/globalStorage/vexrobotics.vexcode/sdk/cpp/V5/V5_20240223_11_00_00/vexv5/libv5rt.a(vex_imu.cpp.obj)
                0x00000000038065f0                non-virtual thunk to vex::inertial::isCalibrating()
 .text._ZN3vex8inertialC2ElNS_8turnTypeE
                0x00000000038065f8       0x4c /Users/jordan/Library/Application Support/Code/User/globalStorage/vexrobotics.vexcode/sdk/cpp/V5/V5_20240223_11_00_00/vexv5/libv5rt.a(vex_imu.cpp.obj)
                0x00000000038065f8                vex::inertial::inertial(long, vex::turnType)
                0x00000000038065f8                vex::inertial::inertial(long, vex::turnType)
 .text._ZN3vex8inertial16startCalibrationEl
                0x0000000003806644       0x20 /Users/jordan/Library/Application Support/Code/User/globalStorage/vexrobotics.vexcode/sdk/cpp/V5/V5_20240223_11_00_00/vexv5/libv5rt.a(vex_imu.cpp.obj)
                0x0000000003806644                vex::inertial::startCalibration(long)
 .text._ZN3vex8inertial9calibrateEl
                0x0000000003806664        0xc /Users/jordan/Library/Application Support/Code/User/globalStorage/vexrobotics.vexcode/sdk/cpp/V5/V5_20240223_11_00_00/vexv5/libv5rt.a(vex_imu.cpp.obj)
                0x0000000003806664                vex::inertial::calibrate(long)
                0x0000000003806668                non-virtual thunk to vex::inertial::calibrate(long)
 .text._ZN3vex8rotationD2Ev
                0x0000000003806670       0x20 /Users/jordan/Library/Application Support/Code/User/globalStorage/vexrobotics.vexcode/sdk/cpp/V5/V5_20240223_11_00_00/vexv5/libv5rt.a(vex_rotation.cpp.obj)
                0x0000000003806670                vex::rotation::~rotation()
                0x0000000003806670                vex::rotation::~rotation()
 .text._ZN3vex8rotationD0Ev
                0x0000000003806690       0x1c /Users/jordan/Library/Application Support/Code/User/globalStorage/vexrobotics.vexcode/sdk/cpp/V5/V5_20240223_11_00_00/vexv5/libv5rt.a(vex_rotation.cpp.obj)
                0x0000000003806690                vex::rotation::~rotation()
 .text._ZN3vex8rotation9installedEv
                0x00000000038066ac       0x18 /Users/jordan/Library/Application Support/Code/User/globalStorage/vexrobotics.vexcode/sdk/cpp/V5/V5_20240223_11_00_00/vexv5/libv5rt.a(vex_rotation.cpp.obj)
                0x00000000038066ac                vex::rotation::installed()
 .text._ZN3vex8rotation5valueEv
                0x00000000038066c4        0x8 /Users/jordan/Library/Application Support/Code/User/globalStorage/vexrobotics.vexcode/sdk/cpp/V5/V5_20240223_11_00_00/vexv5/libv5rt.a(vex_rotation.cpp.obj)
                0x00000000038066c4                vex::rotation::value()
 .text._ZN3vex8rotationC2Elb
                0x00000000038066cc       0x30 /Users/jordan/Library/Application Support/Code/User/globalStorage/vexrobotics.vexcode/sdk/cpp/V5/V5_20240223_11_00_00/vexv5/libv5rt.a(vex_rotation.cpp.obj)
                0x00000000038066cc                vex::rotation::rotation(long, bool)
                0x00000000038066cc                vex::rotation::rotation(long, bool)
 .text._ZN3vex8rotation13resetPositionEv
                0x00000000038066fc        0xc /Users/jordan/Library/Application Support/Code/User/globalStorage/vexrobotics.vexcode/sdk/cpp/V5/V5_20240223_11_00_00/vexv5/libv5rt.a(vex_rotation.cpp.obj)
                0x00000000038066fc                vex::rotation::resetPosition()
 .text._ZN3vex8rotation8positionENS_13rotationUnitsE
                0x0000000003806708       0x50 /Users/jordan/Library/Application Support/Code/User/globalStorage/vexrobotics.vexcode/sdk/cpp/V5/V5_20240223_11_00_00/vexv5/libv5rt.a(vex_rotation.cpp.obj)
                0x0000000003806708                vex::rotation::position(vex::rotationUnits)
 .text._ZN3vex10controllerD2Ev
                0x0000000003806758        0x4 /Users/jordan/Library/Application Support/Code/User/globalStorage/vexrobotics.vexcode/sdk/cpp/V5/V5_20240223_11_00_00/vexv5/libv5rt.a(vex_controller.cpp.obj)
                0x0000000003806758                vex::controller::~controller()
                0x0000000003806758                vex::controller::~controller()
 .text._ZN3vex10controller5valueE19_V5_ControllerIndex
                0x000000000380675c        0x8 /Users/jordan/Library/Application Support/Code/User/globalStorage/vexrobotics.vexcode/sdk/cpp/V5/V5_20240223_11_00_00/vexv5/libv5rt.a(vex_controller.cpp.obj)
                0x000000000380675c                vex::controller::value(_V5_ControllerIndex)
 .text._ZNK3vex10controller6button8pressingEv
                0x0000000003806764       0xc8 /Users/jordan/Library/Application Support/Code/User/globalStorage/vexrobotics.vexcode/sdk/cpp/V5/V5_20240223_11_00_00/vexv5/libv5rt.a(vex_controller.cpp.obj)
                0x0000000003806764                vex::controller::button::pressing() const
 .text._ZNK3vex10controller6button7pressedEPFvvE
                0x000000000380682c      0x108 /Users/jordan/Library/Application Support/Code/User/globalStorage/vexrobotics.vexcode/sdk/cpp/V5/V5_20240223_11_00_00/vexv5/libv5rt.a(vex_controller.cpp.obj)
                0x000000000380682c                vex::controller::button::pressed(void (*)()) const
 .text._ZNK3vex10controller6button21_buttonToPressedEventEv
                0x0000000003806934       0x20 /Users/jordan/Library/Application Support/Code/User/globalStorage/vexrobotics.vexcode/sdk/cpp/V5/V5_20240223_11_00_00/vexv5/libv5rt.a(vex_controller.cpp.obj)
                0x0000000003806934                vex::controller::button::_buttonToPressedEvent() const
 .text._ZNK3vex10controller6button22_buttonToReleasedEventEv
                0x0000000003806954       0x20 /Users/jordan/Library/Application Support/Code/User/globalStorage/vexrobotics.vexcode/sdk/cpp/V5/V5_20240223_11_00_00/vexv5/libv5rt.a(vex_controller.cpp.obj)
                0x0000000003806954                vex::controller::button::_buttonToReleasedEvent() const
 .text._ZN3vex10controller6buttonC2ENS0_11tButtonTypeEPS0_
                0x0000000003806974       0x48 /Users/jordan/Library/Application Support/Code/User/globalStorage/vexrobotics.vexcode/sdk/cpp/V5/V5_20240223_11_00_00/vexv5/libv5rt.a(vex_controller.cpp.obj)
                0x0000000003806974                vex::controller::button::button(vex::controller::tButtonType, vex::controller*)
                0x0000000003806974                vex::controller::button::button(vex::controller::tButtonType, vex::controller*)
 .text._ZNK3vex10controller4axis5valueEv
                0x00000000038069bc       0x58 /Users/jordan/Library/Application Support/Code/User/globalStorage/vexrobotics.vexcode/sdk/cpp/V5/V5_20240223_11_00_00/vexv5/libv5rt.a(vex_controller.cpp.obj)
                0x00000000038069bc                vex::controller::axis::value() const
 .text._ZNK3vex10controller4axis8positionENS_12percentUnitsE
                0x0000000003806a14       0x1c /Users/jordan/Library/Application Support/Code/User/globalStorage/vexrobotics.vexcode/sdk/cpp/V5/V5_20240223_11_00_00/vexv5/libv5rt.a(vex_controller.cpp.obj)
                0x0000000003806a14                vex::controller::axis::position(vex::percentUnits) const
 .text._ZNK3vex10controller4axis23_joystickToChangedEventEv
                0x0000000003806a30       0x20 /Users/jordan/Library/Application Support/Code/User/globalStorage/vexrobotics.vexcode/sdk/cpp/V5/V5_20240223_11_00_00/vexv5/libv5rt.a(vex_controller.cpp.obj)
                0x0000000003806a30                vex::controller::axis::_joystickToChangedEvent() const
 .text._ZN3vex10controller4axisC2ENS0_9tAxisTypeEPS0_
                0x0000000003806a50       0x2c /Users/jordan/Library/Application Support/Code/User/globalStorage/vexrobotics.vexcode/sdk/cpp/V5/V5_20240223_11_00_00/vexv5/libv5rt.a(vex_controller.cpp.obj)
                0x0000000003806a50                vex::controller::axis::axis(vex::controller::tAxisType, vex::controller*)
                0x0000000003806a50                vex::controller::axis::axis(vex::controller::tAxisType, vex::controller*)
 .text._ZN3vex10controllerC2Ev
                0x0000000003806a7c      0x164 /Users/jordan/Library/Application Support/Code/User/globalStorage/vexrobotics.vexcode/sdk/cpp/V5/V5_20240223_11_00_00/vexv5/libv5rt.a(vex_controller.cpp.obj)
                0x0000000003806a7c                vex::controller::controller()
                0x0000000003806a7c                vex::controller::controller()
 .text._ZN3vex4taskC2EPFivE
                0x0000000003806be0       0x5c /Users/jordan/Library/Application Support/Code/User/globalStorage/vexrobotics.vexcode/sdk/cpp/V5/V5_20240223_11_00_00/vexv5/libv5rt.a(vex_task.cpp.obj)
                0x0000000003806be0                vex::task::task(int (*)())
                0x0000000003806be0                vex::task::task(int (*)())
 .text._ZN3vex4taskC2EPFiPvES1_
                0x0000000003806c3c       0x5c /Users/jordan/Library/Application Support/Code/User/globalStorage/vexrobotics.vexcode/sdk/cpp/V5/V5_20240223_11_00_00/vexv5/libv5rt.a(vex_task.cpp.obj)
                0x0000000003806c3c                vex::task::task(int (*)(void*), void*)
                0x0000000003806c3c                vex::task::task(int (*)(void*), void*)
 .text._ZN3vex4taskD2Ev
                0x0000000003806c98        0x4 /Users/jordan/Library/Application Support/Code/User/globalStorage/vexrobotics.vexcode/sdk/cpp/V5/V5_20240223_11_00_00/vexv5/libv5rt.a(vex_task.cpp.obj)
                0x0000000003806c98                vex::task::~task()
                0x0000000003806c98                vex::task::~task()
 .text._ZN3vex4task4stopEPvi
                0x0000000003806c9c       0x1c /Users/jordan/Library/Application Support/Code/User/globalStorage/vexrobotics.vexcode/sdk/cpp/V5/V5_20240223_11_00_00/vexv5/libv5rt.a(vex_task.cpp.obj)
                0x0000000003806c9c                vex::task::stop(void*, int)
 .text._ZN3vex4task6_indexEPFivE
                0x0000000003806cb8       0x14 /Users/jordan/Library/Application Support/Code/User/globalStorage/vexrobotics.vexcode/sdk/cpp/V5/V5_20240223_11_00_00/vexv5/libv5rt.a(vex_task.cpp.obj)
                0x0000000003806cb8                vex::task::_index(int (*)())
 .text._ZN3vex4task8_stopAllEv
                0x0000000003806ccc       0x3c /Users/jordan/Library/Application Support/Code/User/globalStorage/vexrobotics.vexcode/sdk/cpp/V5/V5_20240223_11_00_00/vexv5/libv5rt.a(vex_task.cpp.obj)
                0x0000000003806ccc                vex::task::_stopAll()
 .text._ZN3vex11this_thread9sleep_forEm
                0x0000000003806d08        0x4 /Users/jordan/Library/Application Support/Code/User/globalStorage/vexrobotics.vexcode/sdk/cpp/V5/V5_20240223_11_00_00/vexv5/libv5rt.a(vex_thread.cpp.obj)
                0x0000000003806d08                vex::this_thread::sleep_for(unsigned long)
 .text._ZN3vex5mutexC2Ev
                0x0000000003806d0c       0x1c /Users/jordan/Library/Application Support/Code/User/globalStorage/vexrobotics.vexcode/sdk/cpp/V5/V5_20240223_11_00_00/vexv5/libv5rt.a(vex_thread.cpp.obj)
                0x0000000003806d0c                vex::mutex::mutex()
                0x0000000003806d0c                vex::mutex::mutex()
 .text._ZN3vex5mutexD2Ev
                0x0000000003806d28        0x4 /Users/jordan/Library/Application Support/Code/User/globalStorage/vexrobotics.vexcode/sdk/cpp/V5/V5_20240223_11_00_00/vexv5/libv5rt.a(vex_thread.cpp.obj)
                0x0000000003806d28                vex::mutex::~mutex()
                0x0000000003806d28                vex::mutex::~mutex()
 .text._ZN3vex5mutex4lockEv
                0x0000000003806d2c        0x8 /Users/jordan/Library/Application Support/Code/User/globalStorage/vexrobotics.vexcode/sdk/cpp/V5/V5_20240223_11_00_00/vexv5/libv5rt.a(vex_thread.cpp.obj)
                0x0000000003806d2c                vex::mutex::lock()
 .text._ZN3vex5mutex6unlockEv
                0x0000000003806d34        0x4 /Users/jordan/Library/Application Support/Code/User/globalStorage/vexrobotics.vexcode/sdk/cpp/V5/V5_20240223_11_00_00/vexv5/libv5rt.a(vex_thread.cpp.obj)
                0x0000000003806d34                vex::mutex::unlock()
 .text._ZN3vex5event4initEmmPFvvE
                0x0000000003806d38        0x4 /Users/jordan/Library/Application Support/Code/User/globalStorage/vexrobotics.vexcode/sdk/cpp/V5/V5_20240223_11_00_00/vexv5/libv5rt.a(vex_event.cpp.obj)
                0x0000000003806d38                vex::event::init(unsigned long, unsigned long, void (*)())
 .text._ZN3vex5event4initEmmPFvPvES1_
                0x0000000003806d3c        0x4 /Users/jordan/Library/Application Support/Code/User/globalStorage/vexrobotics.vexcode/sdk/cpp/V5/V5_20240223_11_00_00/vexv5/libv5rt.a(vex_event.cpp.obj)
                0x0000000003806d3c                vex::event::init(unsigned long, unsigned long, void (*)(void*), void*)
 .text._ZN3vex5event9userindexEv
                0x0000000003806d40        0x4 /Users/jordan/Library/Application Support/Code/User/globalStorage/vexrobotics.vexcode/sdk/cpp/V5/V5_20240223_11_00_00/vexv5/libv5rt.a(vex_event.cpp.obj)
                0x0000000003806d40                vex::event::userindex()
 .text._ZZN3vex6meventC4EmmENUlvE_4_FUNEv
                0x0000000003806d44        0x4 /Users/jordan/Library/Application Support/Code/User/globalStorage/vexrobotics.vexcode/sdk/cpp/V5/V5_20240223_11_00_00/vexv5/libv5rt.a(vex_mevent.cpp.obj)
 .text._ZN3vex6meventC2Emm
                0x0000000003806d48       0x70 /Users/jordan/Library/Application Support/Code/User/globalStorage/vexrobotics.vexcode/sdk/cpp/V5/V5_20240223_11_00_00/vexv5/libv5rt.a(vex_mevent.cpp.obj)
                0x0000000003806d48                vex::mevent::mevent(unsigned long, unsigned long)
                0x0000000003806d48                vex::mevent::mevent(unsigned long, unsigned long)
 .text._ZN3vex5brain9_getIndexEv
                0x0000000003806db8       0x10 /Users/jordan/Library/Application Support/Code/User/globalStorage/vexrobotics.vexcode/sdk/cpp/V5/V5_20240223_11_00_00/vexv5/libv5rt.a(vex_brain.cpp.obj)
                0x0000000003806db8                vex::brain::_getIndex()
 .text._ZN3vex5brain3lcd9setCursorEll
                0x0000000003806dc8       0x44 /Users/jordan/Library/Application Support/Code/User/globalStorage/vexrobotics.vexcode/sdk/cpp/V5/V5_20240223_11_00_00/vexv5/libv5rt.a(vex_brain.cpp.obj)
                0x0000000003806dc8                vex::brain::lcd::setCursor(long, long)
 .text._ZN3vex5brain3lcd7setFontENS_8fontTypeE
                0x0000000003806e0c      0x23c /Users/jordan/Library/Application Support/Code/User/globalStorage/vexrobotics.vexcode/sdk/cpp/V5/V5_20240223_11_00_00/vexv5/libv5rt.a(vex_brain.cpp.obj)
                0x0000000003806e0c                vex::brain::lcd::setFont(vex::fontType)
 .text._ZN3vex5brain3lcdC2Ev
                0x0000000003807048       0x94 /Users/jordan/Library/Application Support/Code/User/globalStorage/vexrobotics.vexcode/sdk/cpp/V5/V5_20240223_11_00_00/vexv5/libv5rt.a(vex_brain.cpp.obj)
                0x0000000003807048                vex::brain::lcd::lcd()
                0x0000000003807048                vex::brain::lcd::lcd()
 .text._ZN3vex5brainC2Ev
                0x00000000038070dc       0x3c /Users/jordan/Library/Application Support/Code/User/globalStorage/vexrobotics.vexcode/sdk/cpp/V5/V5_20240223_11_00_00/vexv5/libv5rt.a(vex_brain.cpp.obj)
                0x00000000038070dc                vex::brain::brain()
                0x00000000038070dc                vex::brain::brain()
 .text._ZN3vex5brain3lcd7printAtEllPKcz
                0x0000000003807118       0x54 /Users/jordan/Library/Application Support/Code/User/globalStorage/vexrobotics.vexcode/sdk/cpp/V5/V5_20240223_11_00_00/vexv5/libv5rt.a(vex_brain.cpp.obj)
                0x0000000003807118                vex::brain::lcd::printAt(long, long, char const*, ...)
 .text._ZN3vex5brain3lcd12_clearScreenEm
                0x000000000380716c       0x38 /Users/jordan/Library/Application Support/Code/User/globalStorage/vexrobotics.vexcode/sdk/cpp/V5/V5_20240223_11_00_00/vexv5/libv5rt.a(vex_brain.cpp.obj)
                0x000000000380716c                vex::brain::lcd::_clearScreen(unsigned long)
 .text._ZN3vex5brain3lcd11clearScreenERKNS_5colorE
                0x00000000038071a4       0x20 /Users/jordan/Library/Application Support/Code/User/globalStorage/vexrobotics.vexcode/sdk/cpp/V5/V5_20240223_11_00_00/vexv5/libv5rt.a(vex_brain.cpp.obj)
                0x00000000038071a4                vex::brain::lcd::clearScreen(vex::color const&)
 .text._ZN3vex5brain3lcd11clearScreenEv
                0x00000000038071c4       0x2c /Users/jordan/Library/Application Support/Code/User/globalStorage/vexrobotics.vexcode/sdk/cpp/V5/V5_20240223_11_00_00/vexv5/libv5rt.a(vex_brain.cpp.obj)
                0x00000000038071c4                vex::brain::lcd::clearScreen()
 .text._ZN3vex5brain3lcd6renderEv
                0x00000000038071f0        0xc /Users/jordan/Library/Application Support/Code/User/globalStorage/vexrobotics.vexcode/sdk/cpp/V5/V5_20240223_11_00_00/vexv5/libv5rt.a(vex_brain.cpp.obj)
                0x00000000038071f0                vex::brain::lcd::render()
 .text._ZN3vex5brain3lcd20_validateImageBufferEPh
                0x00000000038071fc       0x58 /Users/jordan/Library/Application Support/Code/User/globalStorage/vexrobotics.vexcode/sdk/cpp/V5/V5_20240223_11_00_00/vexv5/libv5rt.a(vex_brain.cpp.obj)
                0x00000000038071fc                vex::brain::lcd::_validateImageBuffer(unsigned char*)
 .text._ZN3vex5brain3lcd17drawImageFromFileEPKcii
                0x0000000003807254      0x264 /Users/jordan/Library/Application Support/Code/User/globalStorage/vexrobotics.vexcode/sdk/cpp/V5/V5_20240223_11_00_00/vexv5/libv5rt.a(vex_brain.cpp.obj)
                0x0000000003807254                vex::brain::lcd::drawImageFromFile(char const*, int, int)
 .text._ZN3vex5brainD2Ev
                0x00000000038074b8       0x20 /Users/jordan/Library/Application Support/Code/User/globalStorage/vexrobotics.vexcode/sdk/cpp/V5/V5_20240223_11_00_00/vexv5/libv5rt.a(vex_brain.cpp.obj)
                0x00000000038074b8                vex::brain::~brain()
                0x00000000038074b8                vex::brain::~brain()
 .text._ZN3vex11competition8_disableEPv
                0x00000000038074d8       0xa4 /Users/jordan/Library/Application Support/Code/User/globalStorage/vexrobotics.vexcode/sdk/cpp/V5/V5_20240223_11_00_00/vexv5/libv5rt.a(vex_competition.cpp.obj)
                0x00000000038074d8                vex::competition::_disable(void*)
 .text._ZN3vex11competition11_autonomousEv
                0x000000000380757c       0x80 /Users/jordan/Library/Application Support/Code/User/globalStorage/vexrobotics.vexcode/sdk/cpp/V5/V5_20240223_11_00_00/vexv5/libv5rt.a(vex_competition.cpp.obj)
                0x000000000380757c                vex::competition::_autonomous()
 .text._ZN3vex11competition14_drivercontrolEv
                0x00000000038075fc       0x80 /Users/jordan/Library/Application Support/Code/User/globalStorage/vexrobotics.vexcode/sdk/cpp/V5/V5_20240223_11_00_00/vexv5/libv5rt.a(vex_competition.cpp.obj)
                0x00000000038075fc                vex::competition::_drivercontrol()
 .text._ZN3vex11competitionC2Ev
                0x000000000380767c      0x13c /Users/jordan/Library/Application Support/Code/User/globalStorage/vexrobotics.vexcode/sdk/cpp/V5/V5_20240223_11_00_00/vexv5/libv5rt.a(vex_competition.cpp.obj)
                0x000000000380767c                vex::competition::competition()
                0x000000000380767c                vex::competition::competition()
 .text._ZN3vex11competitionD2Ev
                0x00000000038077b8        0x4 /Users/jordan/Library/Application Support/Code/User/globalStorage/vexrobotics.vexcode/sdk/cpp/V5/V5_20240223_11_00_00/vexv5/libv5rt.a(vex_competition.cpp.obj)
                0x00000000038077b8                vex::competition::~competition()
                0x00000000038077b8                vex::competition::~competition()
 .text._ZN3vex11competition10autonomousEPFvvE
                0x00000000038077bc       0x44 /Users/jordan/Library/Application Support/Code/User/globalStorage/vexrobotics.vexcode/sdk/cpp/V5/V5_20240223_11_00_00/vexv5/libv5rt.a(vex_competition.cpp.obj)
                0x00000000038077bc                vex::competition::autonomous(void (*)())
 .text._ZN3vex11competition13drivercontrolEPFvvE
                0x0000000003807800       0x44 /Users/jordan/Library/Application Support/Code/User/globalStorage/vexrobotics.vexcode/sdk/cpp/V5/V5_20240223_11_00_00/vexv5/libv5rt.a(vex_competition.cpp.obj)
                0x0000000003807800                vex::competition::drivercontrol(void (*)())
 .text._ZN3vex7triportD2Ev
                0x0000000003807844       0x38 /Users/jordan/Library/Application Support/Code/User/globalStorage/vexrobotics.vexcode/sdk/cpp/V5/V5_20240223_11_00_00/vexv5/libv5rt.a(vex_triport.cpp.obj)
                0x0000000003807844                vex::triport::~triport()
                0x0000000003807844                vex::triport::~triport()
 .text._ZN3vex7triportD0Ev
                0x000000000380787c       0x1c /Users/jordan/Library/Application Support/Code/User/globalStorage/vexrobotics.vexcode/sdk/cpp/V5/V5_20240223_11_00_00/vexv5/libv5rt.a(vex_triport.cpp.obj)
                0x000000000380787c                vex::triport::~triport()
 .text._ZN3vex7triport9installedEv
                0x0000000003807898       0x18 /Users/jordan/Library/Application Support/Code/User/globalStorage/vexrobotics.vexcode/sdk/cpp/V5/V5_20240223_11_00_00/vexv5/libv5rt.a(vex_triport.cpp.obj)
                0x0000000003807898                vex::triport::installed()
 .text._ZN3vex7triport4portC2ElPS0_
                0x00000000038078b0       0x74 /Users/jordan/Library/Application Support/Code/User/globalStorage/vexrobotics.vexcode/sdk/cpp/V5/V5_20240223_11_00_00/vexv5/libv5rt.a(vex_triport.cpp.obj)
                0x00000000038078b0                vex::triport::port::port(long, vex::triport*)
                0x00000000038078b0                vex::triport::port::port(long, vex::triport*)
 .text._ZN3vex7triportC2El
                0x0000000003807924       0xf0 /Users/jordan/Library/Application Support/Code/User/globalStorage/vexrobotics.vexcode/sdk/cpp/V5/V5_20240223_11_00_00/vexv5/libv5rt.a(vex_triport.cpp.obj)
                0x0000000003807924                vex::triport::triport(long)
                0x0000000003807924                vex::triport::triport(long)
 .text._ZN3vex7triport4port4typeENS_11triportTypeE
                0x0000000003807a14       0x30 /Users/jordan/Library/Application Support/Code/User/globalStorage/vexrobotics.vexcode/sdk/cpp/V5/V5_20240223_11_00_00/vexv5/libv5rt.a(vex_triport.cpp.obj)
                0x0000000003807a14                vex::triport::port::type(vex::triportType)
 .text._ZN3vex7triport4port4typeEv
                0x0000000003807a44       0x38 /Users/jordan/Library/Application Support/Code/User/globalStorage/vexrobotics.vexcode/sdk/cpp/V5/V5_20240223_11_00_00/vexv5/libv5rt.a(vex_triport.cpp.obj)
                0x0000000003807a44                vex::triport::port::type()
 .text._ZN3vex7triport4port5valueEl
                0x0000000003807a7c       0x18 /Users/jordan/Library/Application Support/Code/User/globalStorage/vexrobotics.vexcode/sdk/cpp/V5/V5_20240223_11_00_00/vexv5/libv5rt.a(vex_triport.cpp.obj)
                0x0000000003807a7c                vex::triport::port::value(long)
 .text._ZN3vex11__trideviceC2ERNS_7triport4portENS_11triportTypeE
                0x0000000003807a94       0x5c /Users/jordan/Library/Application Support/Code/User/globalStorage/vexrobotics.vexcode/sdk/cpp/V5/V5_20240223_11_00_00/vexv5/libv5rt.a(vex_triport.cpp.obj)
                0x0000000003807a94                vex::__tridevice::__tridevice(vex::triport::port&, vex::triportType)
                0x0000000003807a94                vex::__tridevice::__tridevice(vex::triport::port&, vex::triportType)
 .text._ZN3vex11digital_outC2ERNS_7triport4portE
                0x0000000003807af0       0x18 /Users/jordan/Library/Application Support/Code/User/globalStorage/vexrobotics.vexcode/sdk/cpp/V5/V5_20240223_11_00_00/vexv5/libv5rt.a(vex_triport.cpp.obj)
                0x0000000003807af0                vex::digital_out::digital_out(vex::triport::port&)
                0x0000000003807af0                vex::digital_out::digital_out(vex::triport::port&)
 .text._ZN3vex11digital_out3setEb
                0x0000000003807b08        0x8 /Users/jordan/Library/Application Support/Code/User/globalStorage/vexrobotics.vexcode/sdk/cpp/V5/V5_20240223_11_00_00/vexv5/libv5rt.a(vex_triport.cpp.obj)
                0x0000000003807b08                vex::digital_out::set(bool)
 .text._ZN3vex10pneumaticsC2ERNS_7triport4portE
                0x0000000003807b10       0x14 /Users/jordan/Library/Application Support/Code/User/globalStorage/vexrobotics.vexcode/sdk/cpp/V5/V5_20240223_11_00_00/vexv5/libv5rt.a(vex_triport.cpp.obj)
                0x0000000003807b10                vex::pneumatics::pneumatics(vex::triport::port&)
                0x0000000003807b10                vex::pneumatics::pneumatics(vex::triport::port&)
 .text._ZN3vex10pneumaticsD2Ev
                0x0000000003807b24        0x4 /Users/jordan/Library/Application Support/Code/User/globalStorage/vexrobotics.vexcode/sdk/cpp/V5/V5_20240223_11_00_00/vexv5/libv5rt.a(vex_triport.cpp.obj)
                0x0000000003807b24                vex::pneumatics::~pneumatics()
                0x0000000003807b24                vex::pneumatics::~pneumatics()
 .text._ZN3vex10pneumatics4openEv
                0x0000000003807b28        0x8 /Users/jordan/Library/Application Support/Code/User/globalStorage/vexrobotics.vexcode/sdk/cpp/V5/V5_20240223_11_00_00/vexv5/libv5rt.a(vex_triport.cpp.obj)
                0x0000000003807b28                vex::pneumatics::open()
 .text._ZN3vex10pneumatics5closeEv
                0x0000000003807b30        0x8 /Users/jordan/Library/Application Support/Code/User/globalStorage/vexrobotics.vexcode/sdk/cpp/V5/V5_20240223_11_00_00/vexv5/libv5rt.a(vex_triport.cpp.obj)
                0x0000000003807b30                vex::pneumatics::close()
 .text._ZN3vex5colorD2Ev
                0x0000000003807b38        0x4 /Users/jordan/Library/Application Support/Code/User/globalStorage/vexrobotics.vexcode/sdk/cpp/V5/V5_20240223_11_00_00/vexv5/libv5rt.a(vex_color.cpp.obj)
                0x0000000003807b38                vex::color::~color()
                0x0000000003807b38                vex::color::~color()
 .text._ZNK3vex5colorcvmEv
                0x0000000003807b3c        0x8 /Users/jordan/Library/Application Support/Code/User/globalStorage/vexrobotics.vexcode/sdk/cpp/V5/V5_20240223_11_00_00/vexv5/libv5rt.a(vex_color.cpp.obj)
                0x0000000003807b3c                vex::color::operator unsigned long() const
 .text.startup._GLOBAL__sub_I__ZN3vex5color5blackE
                0x0000000003807b44      0x164 /Users/jordan/Library/Application Support/Code/User/globalStorage/vexrobotics.vexcode/sdk/cpp/V5/V5_20240223_11_00_00/vexv5/libv5rt.a(vex_color.cpp.obj)
 .text._ZN3vex5timerD2Ev
                0x0000000003807ca8        0x4 /Users/jordan/Library/Application Support/Code/User/globalStorage/vexrobotics.vexcode/sdk/cpp/V5/V5_20240223_11_00_00/vexv5/libv5rt.a(vex_timer.cpp.obj)
                0x0000000003807ca8                vex::timer::~timer()
                0x0000000003807ca8                vex::timer::~timer()
 .text._ZN3vex5timer5clearEv
                0x0000000003807cac       0x1c /Users/jordan/Library/Application Support/Code/User/globalStorage/vexrobotics.vexcode/sdk/cpp/V5/V5_20240223_11_00_00/vexv5/libv5rt.a(vex_timer.cpp.obj)
                0x0000000003807cac                vex::timer::clear()
 .text._ZN3vex5timerC2Ev
                0x0000000003807cc8       0x14 /Users/jordan/Library/Application Support/Code/User/globalStorage/vexrobotics.vexcode/sdk/cpp/V5/V5_20240223_11_00_00/vexv5/libv5rt.a(vex_timer.cpp.obj)
                0x0000000003807cc8                vex::timer::timer()
                0x0000000003807cc8                vex::timer::timer()
 .text._ZN3vex11motor_group18motor_group_motorsC2Ev
                0x0000000003807cdc       0x28 /Users/jordan/Library/Application Support/Code/User/globalStorage/vexrobotics.vexcode/sdk/cpp/V5/V5_20240223_11_00_00/vexv5/libv5rt.a(vex_motorgroup.cpp.obj)
                0x0000000003807cdc                vex::motor_group::motor_group_motors::motor_group_motors()
                0x0000000003807cdc                vex::motor_group::motor_group_motors::motor_group_motors()
 .text._ZN3vex11motor_groupC2Ev
                0x0000000003807d04       0x1c /Users/jordan/Library/Application Support/Code/User/globalStorage/vexrobotics.vexcode/sdk/cpp/V5/V5_20240223_11_00_00/vexv5/libv5rt.a(vex_motorgroup.cpp.obj)
                0x0000000003807d04                vex::motor_group::motor_group()
                0x0000000003807d04                vex::motor_group::motor_group()
 .text._ZN3vex11motor_groupD2Ev
                0x0000000003807d20        0x4 /Users/jordan/Library/Application Support/Code/User/globalStorage/vexrobotics.vexcode/sdk/cpp/V5/V5_20240223_11_00_00/vexv5/libv5rt.a(vex_motorgroup.cpp.obj)
                0x0000000003807d20                vex::motor_group::~motor_group()
                0x0000000003807d20                vex::motor_group::~motor_group()
 .text._ZN3vex11motor_group9_addMotorERNS_5motorE
                0x0000000003807d24       0x20 /Users/jordan/Library/Application Support/Code/User/globalStorage/vexrobotics.vexcode/sdk/cpp/V5/V5_20240223_11_00_00/vexv5/libv5rt.a(vex_motorgroup.cpp.obj)
                0x0000000003807d24                vex::motor_group::_addMotor(vex::motor&)
 .text._ZN3vex11motor_group13resetPositionEv
                0x0000000003807d44       0x30 /Users/jordan/Library/Application Support/Code/User/globalStorage/vexrobotics.vexcode/sdk/cpp/V5/V5_20240223_11_00_00/vexv5/libv5rt.a(vex_motorgroup.cpp.obj)
                0x0000000003807d44                vex::motor_group::resetPosition()
 .text._ZN3vex11motor_group4spinENS_13directionTypeEdNS_12voltageUnitsE
                0x0000000003807d74       0x54 /Users/jordan/Library/Application Support/Code/User/globalStorage/vexrobotics.vexcode/sdk/cpp/V5/V5_20240223_11_00_00/vexv5/libv5rt.a(vex_motorgroup.cpp.obj)
                0x0000000003807d74                vex::motor_group::spin(vex::directionType, double, vex::voltageUnits)
 .text._ZN3vex11motor_group4stopENS_9brakeTypeE
                0x0000000003807dc8       0x38 /Users/jordan/Library/Application Support/Code/User/globalStorage/vexrobotics.vexcode/sdk/cpp/V5/V5_20240223_11_00_00/vexv5/libv5rt.a(vex_motorgroup.cpp.obj)
                0x0000000003807dc8                vex::motor_group::stop(vex::brakeType)
 .text._ZN3vex11motor_group8positionENS_13rotationUnitsE
                0x0000000003807e00        0xc /Users/jordan/Library/Application Support/Code/User/globalStorage/vexrobotics.vexcode/sdk/cpp/V5/V5_20240223_11_00_00/vexv5/libv5rt.a(vex_motorgroup.cpp.obj)
                0x0000000003807e00                vex::motor_group::position(vex::rotationUnits)
 .text.vexAdiPortConfigSet
                0x0000000003807e0c       0x28 /Users/jordan/Library/Application Support/Code/User/globalStorage/vexrobotics.vexcode/sdk/cpp/V5/V5_20240223_11_00_00/vexv5/libv5rt.a(v5_apiuser.c.obj)
                0x0000000003807e0c                vexAdiPortConfigSet
 .text.vexAdiPortConfigGet
                0x0000000003807e34       0x28 /Users/jordan/Library/Application Support/Code/User/globalStorage/vexrobotics.vexcode/sdk/cpp/V5/V5_20240223_11_00_00/vexv5/libv5rt.a(v5_apiuser.c.obj)
                0x0000000003807e34                vexAdiPortConfigGet
 .text.vexAdiValueSet
                0x0000000003807e5c       0x28 /Users/jordan/Library/Application Support/Code/User/globalStorage/vexrobotics.vexcode/sdk/cpp/V5/V5_20240223_11_00_00/vexv5/libv5rt.a(v5_apiuser.c.obj)
                0x0000000003807e5c                vexAdiValueSet
 .text.vexMotorVelocitySet
                0x0000000003807e84       0x20 /Users/jordan/Library/Application Support/Code/User/globalStorage/vexrobotics.vexcode/sdk/cpp/V5/V5_20240223_11_00_00/vexv5/libv5rt.a(v5_apiuser.c.obj)
                0x0000000003807e84                vexMotorVelocitySet
 .text.vexMotorVoltageSet
                0x0000000003807ea4       0x20 /Users/jordan/Library/Application Support/Code/User/globalStorage/vexrobotics.vexcode/sdk/cpp/V5/V5_20240223_11_00_00/vexv5/libv5rt.a(v5_apiuser.c.obj)
                0x0000000003807ea4                vexMotorVoltageSet
 .text.vexMotorActualVelocityGet
                0x0000000003807ec4       0x24 /Users/jordan/Library/Application Support/Code/User/globalStorage/vexrobotics.vexcode/sdk/cpp/V5/V5_20240223_11_00_00/vexv5/libv5rt.a(v5_apiuser.c.obj)
                0x0000000003807ec4                vexMotorActualVelocityGet
 .text.vexMotorTemperatureGet
                0x0000000003807ee8       0x24 /Users/jordan/Library/Application Support/Code/User/globalStorage/vexrobotics.vexcode/sdk/cpp/V5/V5_20240223_11_00_00/vexv5/libv5rt.a(v5_apiuser.c.obj)
                0x0000000003807ee8                vexMotorTemperatureGet
 .text.vexMotorReverseFlagSet
                0x0000000003807f0c       0x20 /Users/jordan/Library/Application Support/Code/User/globalStorage/vexrobotics.vexcode/sdk/cpp/V5/V5_20240223_11_00_00/vexv5/libv5rt.a(v5_apiuser.c.obj)
                0x0000000003807f0c                vexMotorReverseFlagSet
 .text.vexMotorEncoderUnitsSet
                0x0000000003807f2c       0x20 /Users/jordan/Library/Application Support/Code/User/globalStorage/vexrobotics.vexcode/sdk/cpp/V5/V5_20240223_11_00_00/vexv5/libv5rt.a(v5_apiuser.c.obj)
                0x0000000003807f2c                vexMotorEncoderUnitsSet
 .text.vexMotorBrakeModeSet
                0x0000000003807f4c       0x20 /Users/jordan/Library/Application Support/Code/User/globalStorage/vexrobotics.vexcode/sdk/cpp/V5/V5_20240223_11_00_00/vexv5/libv5rt.a(v5_apiuser.c.obj)
                0x0000000003807f4c                vexMotorBrakeModeSet
 .text.vexMotorPositionSet
                0x0000000003807f6c       0x28 /Users/jordan/Library/Application Support/Code/User/globalStorage/vexrobotics.vexcode/sdk/cpp/V5/V5_20240223_11_00_00/vexv5/libv5rt.a(v5_apiuser.c.obj)
                0x0000000003807f6c                vexMotorPositionSet
 .text.vexMotorPositionGet
                0x0000000003807f94       0x24 /Users/jordan/Library/Application Support/Code/User/globalStorage/vexrobotics.vexcode/sdk/cpp/V5/V5_20240223_11_00_00/vexv5/libv5rt.a(v5_apiuser.c.obj)
                0x0000000003807f94                vexMotorPositionGet
 .text.vexMotorGearingSet
                0x0000000003807fb8       0x20 /Users/jordan/Library/Application Support/Code/User/globalStorage/vexrobotics.vexcode/sdk/cpp/V5/V5_20240223_11_00_00/vexv5/libv5rt.a(v5_apiuser.c.obj)
                0x0000000003807fb8                vexMotorGearingSet
 .text.vexMotorGearingGet
                0x0000000003807fd8       0x18 /Users/jordan/Library/Application Support/Code/User/globalStorage/vexrobotics.vexcode/sdk/cpp/V5/V5_20240223_11_00_00/vexv5/libv5rt.a(v5_apiuser.c.obj)
                0x0000000003807fd8                vexMotorGearingGet
 .text.vexImuReset
                0x0000000003807ff0       0x10 /Users/jordan/Library/Application Support/Code/User/globalStorage/vexrobotics.vexcode/sdk/cpp/V5/V5_20240223_11_00_00/vexv5/libv5rt.a(v5_apiuser.c.obj)
                0x0000000003807ff0                vexImuReset
 .text.vexImuHeadingGet
                0x0000000003808000       0x10 /Users/jordan/Library/Application Support/Code/User/globalStorage/vexrobotics.vexcode/sdk/cpp/V5/V5_20240223_11_00_00/vexv5/libv5rt.a(v5_apiuser.c.obj)
                0x0000000003808000                vexImuHeadingGet
 .text.vexImuDegreesGet
                0x0000000003808010       0x10 /Users/jordan/Library/Application Support/Code/User/globalStorage/vexrobotics.vexcode/sdk/cpp/V5/V5_20240223_11_00_00/vexv5/libv5rt.a(v5_apiuser.c.obj)
                0x0000000003808010                vexImuDegreesGet
 .text.vexImuStatusGet
                0x0000000003808020       0x10 /Users/jordan/Library/Application Support/Code/User/globalStorage/vexrobotics.vexcode/sdk/cpp/V5/V5_20240223_11_00_00/vexv5/libv5rt.a(v5_apiuser.c.obj)
                0x0000000003808020                vexImuStatusGet
 .text.vexAbsEncPositionSet
                0x0000000003808030       0x18 /Users/jordan/Library/Application Support/Code/User/globalStorage/vexrobotics.vexcode/sdk/cpp/V5/V5_20240223_11_00_00/vexv5/libv5rt.a(v5_apiuser.c.obj)
                0x0000000003808030                vexAbsEncPositionSet
 .text.vexAbsEncPositionGet
                0x0000000003808048       0x10 /Users/jordan/Library/Application Support/Code/User/globalStorage/vexrobotics.vexcode/sdk/cpp/V5/V5_20240223_11_00_00/vexv5/libv5rt.a(v5_apiuser.c.obj)
                0x0000000003808048                vexAbsEncPositionGet
 .text.vexAbsEncAngleGet
                0x0000000003808058       0x10 /Users/jordan/Library/Application Support/Code/User/globalStorage/vexrobotics.vexcode/sdk/cpp/V5/V5_20240223_11_00_00/vexv5/libv5rt.a(v5_apiuser.c.obj)
                0x0000000003808058                vexAbsEncAngleGet
 .text.vexAbsEncReverseFlagSet
                0x0000000003808068       0x18 /Users/jordan/Library/Application Support/Code/User/globalStorage/vexrobotics.vexcode/sdk/cpp/V5/V5_20240223_11_00_00/vexv5/libv5rt.a(v5_apiuser.c.obj)
                0x0000000003808068                vexAbsEncReverseFlagSet
 .text.vexEventMaskSet
                0x0000000003808080       0x28 /Users/jordan/Library/Application Support/Code/User/globalStorage/vexrobotics.vexcode/sdk/cpp/V5/V5_20240223_11_00_00/vexv5/libv5rt.a(v5_apiuser.c.obj)
                0x0000000003808080                vexEventMaskSet
 .text.vexEventMaskGet
                0x00000000038080a8       0x18 /Users/jordan/Library/Application Support/Code/User/globalStorage/vexrobotics.vexcode/sdk/cpp/V5/V5_20240223_11_00_00/vexv5/libv5rt.a(v5_apiuser.c.obj)
                0x00000000038080a8                vexEventMaskGet
 .text._ZN3vex6deviceD2Ev
                0x00000000038080c0        0x4 /Users/jordan/Library/Application Support/Code/User/globalStorage/vexrobotics.vexcode/sdk/cpp/V5/V5_20240223_11_00_00/vexv5/libv5rt.a(vex_device.cpp.obj)
                0x00000000038080c0                vex::device::~device()
                0x00000000038080c0                vex::device::~device()
 .text._ZN3vex6device5valueEv
                0x00000000038080c4        0x8 /Users/jordan/Library/Application Support/Code/User/globalStorage/vexrobotics.vexcode/sdk/cpp/V5/V5_20240223_11_00_00/vexv5/libv5rt.a(vex_device.cpp.obj)
                0x00000000038080c4                vex::device::value()
 .text._ZN3vex6deviceD0Ev
                0x00000000038080cc       0x14 /Users/jordan/Library/Application Support/Code/User/globalStorage/vexrobotics.vexcode/sdk/cpp/V5/V5_20240223_11_00_00/vexv5/libv5rt.a(vex_device.cpp.obj)
                0x00000000038080cc                vex::device::~device()
 .text._ZN3vex6device4initEl